08-20 01:27:56.577  2162  2199 I .gms.persisten: Background concurrent copying GC freed 23184(998KB) AllocSpace objects, 114(5928KB) LOS objects, 37% free, 10220KB/15MB, paused 143us total 148.779ms
08-20 01:27:59.751  2162  2199 I .gms.persisten: Background concurrent copying GC freed 23251(1008KB) AllocSpace objects, 110(5720KB) LOS objects, 37% free, 10MB/16MB, paused 165us total 146.350ms
08-20 01:28:01.349  2162  2199 I .gms.persisten: Background concurrent copying GC freed 22941(977KB) AllocSpace objects, 110(5720KB) LOS objects, 37% free, 10MB/16MB, paused 163us total 146.838ms
08-20 01:28:02.969  2162  2199 I .gms.persisten: Background concurrent copying GC freed 23328(999KB) AllocSpace objects, 110(5720KB) LOS objects, 37% free, 10MB/16MB, paused 160us total 148.269ms
08-20 01:28:04.565  2162  2199 I .gms.persisten: Background concurrent copying GC freed 23434(988KB) AllocSpace objects, 112(5824KB) LOS objects, 37% free, 10MB/16MB, paused 236us total 152.589ms
08-20 01:28:06.178  2162  2199 I .gms.persisten: Background concurrent copying GC freed 23152(995KB) AllocSpace objects, 112(5824KB) LOS objects, 37% free, 10224KB/15MB, paused 169us total 149.527ms
08-20 01:28:07.786  2162  2199 I .gms.persisten: Background concurrent copying GC freed 23293(998KB) AllocSpace objects, 112(5824KB) LOS objects, 37% free, 10225KB/15MB, paused 150us total 147.509ms
08-20 01:28:09.374  2162  2199 I .gms.persisten: Background concurrent copying GC freed 23457(1020KB) AllocSpace objects, 112(5824KB) LOS objects, 37% free, 10220KB/15MB, paused 130us total 151.479ms
08-20 01:28:10.977  2162  2199 I .gms.persisten: Background concurrent copying GC freed 22977(993KB) AllocSpace objects, 110(5720KB) LOS objects, 37% free, 10MB/16MB, paused 279us total 147.093ms
08-20 01:28:12.575  2162  2199 I .gms.persisten: Background concurrent copying GC freed 23180(1015KB) AllocSpace objects, 110(5720KB) LOS objects, 37% free, 10MB/16MB, paused 167us total 146.969ms
08-20 01:28:13.447  2162  8063 D SharedPreferencesImpl: Time required to fsync /data/user/0/com.google.android.gms/shared_prefs/LogDropPref.xml: [<1: 0, <2: 0, <4: 11556, <8: 15723, <16: 240, <32: 42, <64: 79, <128: 8, <256: 0, <512: 0, <1024: 0, <2048: 0, <4096: 0, <8192: 0, <16384: 0, >=16384: 0]
08-20 01:28:14.189  2162  2199 I .gms.persisten: Background concurrent copying GC freed 23482(1006KB) AllocSpace objects, 110(5720KB) LOS objects, 37% free, 10MB/16MB, paused 180us total 146.942ms
08-20 01:28:15.897  2162  2199 I .gms.persisten: Background concurrent copying GC freed 23212(998KB) AllocSpace objects, 112(5824KB) LOS objects, 37% free, 10221KB/15MB, paused 143us total 153.696ms
08-20 01:28:17.522  2162  2199 I .gms.persisten: Background concurrent copying GC freed 23405(1002KB) AllocSpace objects, 110(5720KB) LOS objects, 37% free, 10MB/16MB, paused 657us total 148.817ms
08-20 01:28:19.132  2162  2199 I .gms.persisten: Background concurrent copying GC freed 23419(989KB) AllocSpace objects, 112(5824KB) LOS objects, 37% free, 10MB/16MB, paused 164us total 147.913ms
08-20 01:28:20.759  2162  2199 I .gms.persisten: Background concurrent copying GC freed 23198(982KB) AllocSpace objects, 112(5824KB) LOS objects, 37% free, 10222KB/15MB, paused 135us total 155.102ms
08-20 01:28:22.372  2162  2199 I .gms.persisten: Background concurrent copying GC freed 23219(986KB) AllocSpace objects, 110(5720KB) LOS objects, 37% free, 10MB/16MB, paused 262us total 148.912ms
08-20 01:28:38.753  2162  2199 I .gms.persisten: Background concurrent copying GC freed 23555(993KB) AllocSpace objects, 112(5824KB) LOS objects, 37% free, 10219KB/15MB, paused 138us total 158.328ms
08-20 01:28:44.699  2162  2750 D SharedPreferencesImpl: Time required to fsync /data/user/0/com.google.android.gms/shared_prefs/LogDropPref.xml: [<1: 0, <2: 0, <4: 11942, <8: 16332, <16: 265, <32: 43, <64: 82, <128: 8, <256: 0, <512: 0, <1024: 0, <2048: 0, <4096: 0, <8192: 0, <16384: 0, >=16384: 0]
08-20 01:28:51.994  2162  2199 I .gms.persisten: Background concurrent copying GC freed 23499(1023KB) AllocSpace objects, 110(5720KB) LOS objects, 37% free, 10MB/16MB, paused 135us total 148.409ms
08-20 01:29:08.734  2162  2199 I .gms.persisten: Background concurrent copying GC freed 22974(997KB) AllocSpace objects, 110(5720KB) LOS objects, 37% free, 10MB/16MB, paused 156us total 149.907ms
08-20 01:29:30.726  2162  2199 I .gms.persisten: Background concurrent copying GC freed 23184(997KB) AllocSpace objects, 110(5720KB) LOS objects, 37% free, 10222KB/15MB, paused 285us total 145.497ms
08-20 01:29:34.125  2162  2199 I .gms.persisten: Background concurrent copying GC freed 23124(982KB) AllocSpace objects, 110(5720KB) LOS objects, 37% free, 10223KB/15MB, paused 138us total 145.144ms
08-20 01:29:44.430  2162  2199 I .gms.persisten: Background concurrent copying GC freed 23210(997KB) AllocSpace objects, 112(5824KB) LOS objects, 37% free, 10119KB/15MB, paused 131us total 146.233ms
08-20 01:29:47.842  2162  2199 I .gms.persisten: Background concurrent copying GC freed 22546(981KB) AllocSpace objects, 106(5512KB) LOS objects, 37% free, 10MB/16MB, paused 134us total 147.236ms
08-20 01:29:49.221  2162 20691 D SharedPreferencesImpl: Time required to fsync /data/user/0/com.google.android.gms/shared_prefs/LogDropPref.xml: [<1: 0, <2: 0, <4: 12763, <8: 17503, <16: 314, <32: 46, <64: 86, <128: 8, <256: 0, <512: 0, <1024: 0, <2048: 0, <4096: 0, <8192: 0, <16384: 0, >=16384: 0]
08-20 01:30:01.654  2162  2199 I .gms.persisten: Background concurrent copying GC freed 23208(988KB) AllocSpace objects, 112(5824KB) LOS objects, 37% free, 10118KB/15MB, paused 154us total 147.127ms
08-20 01:30:05.135  2162  2199 I .gms.persisten: Background concurrent copying GC freed 23409(988KB) AllocSpace objects, 112(5824KB) LOS objects, 37% free, 10114KB/15MB, paused 116us total 151.336ms
08-20 01:30:06.964  2162  2199 I .gms.persisten: Background concurrent copying GC freed 22325(961KB) AllocSpace objects, 106(5512KB) LOS objects, 37% free, 10103KB/15MB, paused 179us total 159.352ms
08-20 01:30:10.480  2162  2199 I .gms.persisten: Background concurrent copying GC freed 23431(1003KB) AllocSpace objects, 112(5824KB) LOS objects, 37% free, 10118KB/15MB, paused 125us total 151.374ms
08-20 01:30:14.016  2162  2199 I .gms.persisten: Background concurrent copying GC freed 23159(980KB) AllocSpace objects, 110(5720KB) LOS objects, 37% free, 10225KB/15MB, paused 123us total 148.613ms
08-20 01:30:21.110  2162  2199 I .gms.persisten: Background concurrent copying GC freed 23427(1004KB) AllocSpace objects, 112(5824KB) LOS objects, 37% free, 10117KB/15MB, paused 234us total 145.637ms
08-20 01:30:22.881  2162  2199 I .gms.persisten: Background concurrent copying GC freed 22964(984KB) AllocSpace objects, 110(5720KB) LOS objects, 37% free, 10120KB/15MB, paused 113us total 147.380ms
08-20 01:30:22.905  2162  8063 D SharedPreferencesImpl: Time required to fsync /data/user/0/com.google.android.gms/shared_prefs/LogDropPref.xml: [<1: 0, <2: 0, <4: 13126, <8: 18140, <16: 335, <32: 49, <64: 86, <128: 8, <256: 0, <512: 0, <1024: 0, <2048: 0, <4096: 0, <8192: 0, <16384: 0, >=16384: 0]
08-20 01:30:33.552  2162  2199 I .gms.persisten: Background concurrent copying GC freed 23070(989KB) AllocSpace objects, 110(5720KB) LOS objects, 37% free, 10115KB/15MB, paused 121us total 144.347ms
08-20 01:30:38.907  2162  2199 I .gms.persisten: Background concurrent copying GC freed 22801(971KB) AllocSpace objects, 110(5720KB) LOS objects, 37% free, 10115KB/15MB, paused 117us total 145.697ms
08-20 01:30:40.736  2162  2199 I .gms.persisten: Background concurrent copying GC freed 23109(987KB) AllocSpace objects, 110(5720KB) LOS objects, 37% free, 10124KB/15MB, paused 121us total 150.359ms
08-20 01:30:46.155  2162  2199 I .gms.persisten: Background concurrent copying GC freed 23192(987KB) AllocSpace objects, 112(5824KB) LOS objects, 37% free, 10120KB/15MB, paused 119us total 162.926ms
08-20 01:30:48.007  2162  2199 I .gms.persisten: Background concurrent copying GC freed 23008(1017KB) AllocSpace objects, 110(5720KB) LOS objects, 37% free, 10121KB/15MB, paused 116us total 147.714ms
08-20 01:30:49.900  2162  2199 I .gms.persisten: Background concurrent copying GC freed 23025(989KB) AllocSpace objects, 110(5720KB) LOS objects, 37% free, 10119KB/15MB, paused 131us total 145.993ms
08-20 01:30:51.724  2162  2199 I .gms.persisten: Background concurrent copying GC freed 22674(966KB) AllocSpace objects, 110(5720KB) LOS objects, 37% free, 10120KB/15MB, paused 112us total 148.728ms
08-20 01:30:53.536  2162  2199 I .gms.persisten: Background concurrent copying GC freed 22765(985KB) AllocSpace objects, 110(5720KB) LOS objects, 37% free, 10119KB/15MB, paused 119us total 145.878ms
08-20 01:30:55.367  2162  2199 I .gms.persisten: Background concurrent copying GC freed 22894(1014KB) AllocSpace objects, 110(5720KB) LOS objects, 37% free, 10123KB/15MB, paused 123us total 147.887ms
08-20 01:30:57.213  2162  2199 I .gms.persisten: Background concurrent copying GC freed 22986(1000KB) AllocSpace objects, 110(5720KB) LOS objects, 37% free, 10125KB/15MB, paused 109us total 150.279ms
08-20 01:30:57.813  2162  2750 D SharedPreferencesImpl: Time required to fsync /data/user/0/com.google.android.gms/shared_prefs/LogDropPref.xml: [<1: 0, <2: 0, <4: 13522, <8: 18735, <16: 362, <32: 50, <64: 90, <128: 9, <256: 0, <512: 0, <1024: 0, <2048: 0, <4096: 0, <8192: 0, <16384: 0, >=16384: 0]
08-20 01:31:00.865  2162  2199 I .gms.persisten: Background concurrent copying GC freed 22728(961KB) AllocSpace objects, 110(5720KB) LOS objects, 37% free, 10111KB/15MB, paused 113us total 153.351ms
08-20 01:31:06.379  2162  2199 I .gms.persisten: Background concurrent copying GC freed 23101(989KB) AllocSpace objects, 110(5720KB) LOS objects, 37% free, 10120KB/15MB, paused 200us total 147.542ms
08-20 01:31:08.232  2162  2199 I .gms.persisten: Background concurrent copying GC freed 22894(982KB) AllocSpace objects, 110(5720KB) LOS objects, 37% free, 10124KB/15MB, paused 132us total 152.437ms
08-20 01:31:11.946  2162  2199 I .gms.persisten: Background concurrent copying GC freed 22751(988KB) AllocSpace objects, 110(5720KB) LOS objects, 37% free, 10121KB/15MB, paused 122us total 148.703ms
08-20 01:31:19.262  2162  2199 I .gms.persisten: Background concurrent copying GC freed 23142(980KB) AllocSpace objects, 110(5720KB) LOS objects, 37% free, 10103KB/15MB, paused 117us total 150.963ms
08-20 01:31:22.958  2162  2199 I .gms.persisten: Background concurrent copying GC freed 22822(983KB) AllocSpace objects, 110(5720KB) LOS objects, 37% free, 10112KB/15MB, paused 111us total 146.494ms
08-20 01:31:24.842  2162  2199 I .gms.persisten: Background concurrent copying GC freed 22767(967KB) AllocSpace objects, 110(5720KB) LOS objects, 37% free, 10112KB/15MB, paused 120us total 148.905ms
08-20 01:31:26.672  2162  2199 I .gms.persisten: Background concurrent copying GC freed 22845(989KB) AllocSpace objects, 110(5720KB) LOS objects, 37% free, 10106KB/15MB, paused 143us total 145.470ms
08-20 01:31:28.556  2162  2199 I .gms.persisten: Background concurrent copying GC freed 22929(983KB) AllocSpace objects, 110(5720KB) LOS objects, 37% free, 10109KB/15MB, paused 118us total 146.286ms
08-20 01:31:30.426  2162  2199 I .gms.persisten: Background concurrent copying GC freed 22525(975KB) AllocSpace objects, 110(5720KB) LOS objects, 37% free, 10115KB/15MB, paused 115us total 149.826ms
08-20 01:31:32.266  2162  2199 I .gms.persisten: Background concurrent copying GC freed 22821(970KB) AllocSpace objects, 110(5720KB) LOS objects, 37% free, 10112KB/15MB, paused 306us total 147.355ms
08-20 01:31:33.496  2162 20691 D SharedPreferencesImpl: Time required to fsync /data/user/0/com.google.android.gms/shared_prefs/LogDropPref.xml: [<1: 0, <2: 0, <4: 13923, <8: 19335, <16: 383, <32: 50, <64: 92, <128: 9, <256: 0, <512: 0, <1024: 0, <2048: 0, <4096: 0, <8192: 0, <16384: 0, >=16384: 0]
08-20 01:31:35.976  2162  2199 I .gms.persisten: Background concurrent copying GC freed 22859(997KB) AllocSpace objects, 110(5720KB) LOS objects, 37% free, 10110KB/15MB, paused 112us total 153.464ms
08-20 01:31:37.826  2162  2199 I .gms.persisten: Background concurrent copying GC freed 22766(995KB) AllocSpace objects, 110(5720KB) LOS objects, 37% free, 10116KB/15MB, paused 149us total 146.003ms
08-20 01:31:39.711  2162  2199 I .gms.persisten: Background concurrent copying GC freed 22860(969KB) AllocSpace objects, 110(5720KB) LOS objects, 37% free, 10114KB/15MB, paused 118us total 148.467ms
08-20 01:31:43.440  2162  2199 I .gms.persisten: Background concurrent copying GC freed 23161(995KB) AllocSpace objects, 110(5720KB) LOS objects, 37% free, 10217KB/15MB, paused 276us total 151.223ms
08-20 01:31:47.168  2162  2199 I .gms.persisten: Background concurrent copying GC freed 23038(1002KB) AllocSpace objects, 110(5720KB) LOS objects, 37% free, 10220KB/15MB, paused 215us total 153.572ms
08-20 01:31:49.017  2162  2199 I .gms.persisten: Background concurrent copying GC freed 23348(996KB) AllocSpace objects, 110(5720KB) LOS objects, 37% free, 10107KB/15MB, paused 119us total 147.182ms
08-20 01:31:50.859  2162  2199 I .gms.persisten: Background concurrent copying GC freed 22769(995KB) AllocSpace objects, 110(5720KB) LOS objects, 37% free, 10113KB/15MB, paused 145us total 147.276ms
08-20 01:31:52.743  2162  2199 I .gms.persisten: Background concurrent copying GC freed 23121(1004KB) AllocSpace objects, 110(5720KB) LOS objects, 37% free, 10112KB/15MB, paused 138us total 147.780ms
08-20 01:31:54.614  2162  2199 I .gms.persisten: Background concurrent copying GC freed 22888(973KB) AllocSpace objects, 110(5720KB) LOS objects, 37% free, 10105KB/15MB, paused 303us total 150.105ms
08-20 01:31:56.467  2162  2199 I .gms.persisten: Background concurrent copying GC freed 22968(984KB) AllocSpace objects, 110(5720KB) LOS objects, 37% free, 10107KB/15MB, paused 119us total 146.289ms
08-20 01:31:58.330  2162  2199 I .gms.persisten: Background concurrent copying GC freed 22558(979KB) AllocSpace objects, 110(5720KB) LOS objects, 37% free, 10110KB/15MB, paused 113us total 149.932ms
08-20 01:32:00.197  2162  2199 I .gms.persisten: Background concurrent copying GC freed 23036(1018KB) AllocSpace objects, 110(5720KB) LOS objects, 37% free, 10111KB/15MB, paused 119us total 146.510ms
08-20 01:32:02.025  2162  2199 I .gms.persisten: Background concurrent copying GC freed 22940(974KB) AllocSpace objects, 110(5720KB) LOS objects, 37% free, 10104KB/15MB, paused 109us total 145.223ms
08-20 01:32:03.886  2162  2199 I .gms.persisten: Background concurrent copying GC freed 22477(961KB) AllocSpace objects, 110(5720KB) LOS objects, 37% free, 10110KB/15MB, paused 110us total 151.049ms
08-20 01:32:05.399  2162  2513 D SharedPreferencesImpl: Time required to fsync /data/user/0/com.google.android.gms/shared_prefs/tron_prefs.xml: [<1: 0, <2: 0, <4: 6705, <8: 34711, <16: 301, <32: 100, <64: 154, <128: 12, <256: 1, <512: 0, <1024: 0, <2048: 0, <4096: 0, <8192: 0, <16384: 0, >=16384: 0]
08-20 01:32:05.752  2162  2199 I .gms.persisten: Background concurrent copying GC freed 22631(980KB) AllocSpace objects, 110(5720KB) LOS objects, 37% free, 10113KB/15MB, paused 112us total 152.341ms
08-20 01:32:07.620  2162  2199 I .gms.persisten: Background concurrent copying GC freed 23048(986KB) AllocSpace objects, 110(5720KB) LOS objects, 37% free, 10112KB/15MB, paused 123us total 146.468ms
08-20 01:32:09.398  2162  2750 D SharedPreferencesImpl: Time required to fsync /data/user/0/com.google.android.gms/shared_prefs/LogDropPref.xml: [<1: 0, <2: 0, <4: 14306, <8: 19952, <16: 404, <32: 52, <64: 93, <128: 9, <256: 0, <512: 0, <1024: 0, <2048: 0, <4096: 0, <8192: 0, <16384: 0, >=16384: 0]
08-20 01:32:11.336  2162  2199 I .gms.persisten: Background concurrent copying GC freed 22861(982KB) AllocSpace objects, 110(5720KB) LOS objects, 37% free, 10108KB/15MB, paused 120us total 146.038ms
08-20 01:32:13.211  2162  2199 I .gms.persisten: Background concurrent copying GC freed 22555(980KB) AllocSpace objects, 110(5720KB) LOS objects, 37% free, 10113KB/15MB, paused 118us total 148.613ms
08-20 01:32:15.086  2162  2199 I .gms.persisten: Background concurrent copying GC freed 22776(966KB) AllocSpace objects, 110(5720KB) LOS objects, 37% free, 10113KB/15MB, paused 123us total 155.657ms
08-20 01:32:16.946  2162  2199 I .gms.persisten: Background concurrent copying GC freed 22970(975KB) AllocSpace objects, 110(5720KB) LOS objects, 37% free, 10104KB/15MB, paused 118us total 145.845ms
08-20 01:32:18.798  2162  2199 I .gms.persisten: Background concurrent copying GC freed 22548(962KB) AllocSpace objects, 110(5720KB) LOS objects, 37% free, 10110KB/15MB, paused 120us total 149.966ms
08-20 01:32:20.668  2162  2199 I .gms.persisten: Background concurrent copying GC freed 22856(998KB) AllocSpace objects, 110(5720KB) LOS objects, 37% free, 10114KB/15MB, paused 108us total 147.908ms
08-20 01:32:22.525  2162  2199 I .gms.persisten: Background concurrent copying GC freed 23064(1002KB) AllocSpace objects, 110(5720KB) LOS objects, 37% free, 10115KB/15MB, paused 134us total 146.538ms
08-20 01:32:24.389  2162  2199 I .gms.persisten: Background concurrent copying GC freed 23250(994KB) AllocSpace objects, 110(5720KB) LOS objects, 37% free, 10106KB/15MB, paused 112us total 148.251ms
08-20 01:32:26.287  2162  2199 I .gms.persisten: Background concurrent copying GC freed 22568(963KB) AllocSpace objects, 110(5720KB) LOS objects, 37% free, 10110KB/15MB, paused 114us total 152.324ms
08-20 01:32:33.808  2162  2199 I .gms.persisten: Background concurrent copying GC freed 22531(964KB) AllocSpace objects, 108(5616KB) LOS objects, 37% free, 10218KB/15MB, paused 232us total 146.693ms
08-20 01:32:35.697  2162  2199 I .gms.persisten: Background concurrent copying GC freed 22828(970KB) AllocSpace objects, 112(5824KB) LOS objects, 37% free, 10112KB/15MB, paused 104us total 147.404ms
08-20 01:32:37.571  2162  2199 I .gms.persisten: Background concurrent copying GC freed 23103(992KB) AllocSpace objects, 110(5720KB) LOS objects, 37% free, 10108KB/15MB, paused 117us total 153.065ms
08-20 01:32:39.460  2162  2199 I .gms.persisten: Background concurrent copying GC freed 22947(984KB) AllocSpace objects, 110(5720KB) LOS objects, 37% free, 10110KB/15MB, paused 116us total 145.606ms
08-20 01:32:45.134  2162  2199 I .gms.persisten: Background concurrent copying GC freed 23350(1029KB) AllocSpace objects, 110(5720KB) LOS objects, 37% free, 10108KB/15MB, paused 112us total 146.641ms
08-20 01:32:45.663  2162  2750 D SharedPreferencesImpl: Time required to fsync /data/user/0/com.google.android.gms/shared_prefs/LogDropPref.xml: [<1: 0, <2: 0, <4: 14698, <8: 20559, <16: 426, <32: 53, <64: 95, <128: 9, <256: 0, <512: 0, <1024: 0, <2048: 0, <4096: 0, <8192: 0, <16384: 0, >=16384: 0]
08-20 01:32:47.015  2162  2199 I .gms.persisten: Background concurrent copying GC freed 22574(963KB) AllocSpace objects, 110(5720KB) LOS objects, 37% free, 10112KB/15MB, paused 119us total 151.726ms
08-20 01:32:48.921  2162  2199 I .gms.persisten: Background concurrent copying GC freed 22941(999KB) AllocSpace objects, 110(5720KB) LOS objects, 37% free, 10115KB/15MB, paused 128us total 150.715ms
08-20 01:32:50.797  2162  2199 I .gms.persisten: Background concurrent copying GC freed 23317(1012KB) AllocSpace objects, 110(5720KB) LOS objects, 37% free, 10105KB/15MB, paused 116us total 146.404ms
08-20 01:32:52.664  2162  2199 I .gms.persisten: Background concurrent copying GC freed 22604(964KB) AllocSpace objects, 110(5720KB) LOS objects, 38% free, 9869KB/15MB, paused 123us total 145.186ms
08-20 01:32:54.516  2162  2199 I .gms.persisten: Background concurrent copying GC freed 22839(997KB) AllocSpace objects, 110(5720KB) LOS objects, 37% free, 10113KB/15MB, paused 112us total 148.952ms
08-20 01:32:56.389  2162  2199 I .gms.persisten: Background concurrent copying GC freed 23037(1002KB) AllocSpace objects, 110(5720KB) LOS objects, 37% free, 10114KB/15MB, paused 110us total 145.740ms
08-20 01:32:58.261  2162  2199 I .gms.persisten: Background concurrent copying GC freed 23233(1008KB) AllocSpace objects, 110(5720KB) LOS objects, 37% free, 10108KB/15MB, paused 116us total 146.533ms
08-20 01:33:02.066  2162  2199 I .gms.persisten: Background concurrent copying GC freed 22993(983KB) AllocSpace objects, 110(5720KB) LOS objects, 37% free, 10111KB/15MB, paused 110us total 147.441ms
08-20 01:33:03.936  2162  2199 I .gms.persisten: Background concurrent copying GC freed 23208(992KB) AllocSpace objects, 110(5720KB) LOS objects, 37% free, 10105KB/15MB, paused 121us total 147.039ms
08-20 01:33:05.832  2162  2199 I .gms.persisten: Background concurrent copying GC freed 22817(981KB) AllocSpace objects, 110(5720KB) LOS objects, 37% free, 10111KB/15MB, paused 128us total 150.219ms
08-20 01:33:07.731  2162  2199 I .gms.persisten: Background concurrent copying GC freed 22936(984KB) AllocSpace objects, 110(5720KB) LOS objects, 37% free, 10113KB/15MB, paused 118us total 146.641ms
08-20 01:33:09.647  2162  2199 I .gms.persisten: Background concurrent copying GC freed 23062(1002KB) AllocSpace objects, 110(5720KB) LOS objects, 37% free, 10114KB/15MB, paused 127us total 147.608ms
08-20 01:33:11.547  2162  2199 I .gms.persisten: Background concurrent copying GC freed 22929(975KB) AllocSpace objects, 110(5720KB) LOS objects, 37% free, 10106KB/15MB, paused 126us total 152.466ms
08-20 01:33:13.446  2162  2199 I .gms.persisten: Background concurrent copying GC freed 22565(978KB) AllocSpace objects, 110(5720KB) LOS objects, 37% free, 10111KB/15MB, paused 111us total 148.075ms
08-20 01:33:15.444  2162  2199 I .gms.persisten: Background concurrent copying GC freed 22558(963KB) AllocSpace objects, 110(5720KB) LOS objects, 37% free, 10115KB/15MB, paused 134us total 154.907ms
08-20 01:33:18.207  2162  2513 D SharedPreferencesImpl: Time required to fsync /data/user/0/com.google.android.gms/shared_prefs/tron_prefs.xml: [<1: 0, <2: 0, <4: 6904, <8: 36542, <16: 308, <32: 105, <64: 160, <128: 12, <256: 1, <512: 0, <1024: 0, <2048: 0, <4096: 0, <8192: 0, <16384: 0, >=16384: 0]
08-20 01:33:19.204  2162  2199 I .gms.persisten: Background concurrent copying GC freed 22940(975KB) AllocSpace objects, 110(5720KB) LOS objects, 37% free, 10108KB/15MB, paused 117us total 145.846ms
08-20 01:33:21.100  2162  2199 I .gms.persisten: Background concurrent copying GC freed 22858(982KB) AllocSpace objects, 110(5720KB) LOS objects, 37% free, 10112KB/15MB, paused 113us total 146.569ms
08-20 01:33:22.274  2162 20691 D SharedPreferencesImpl: Time required to fsync /data/user/0/com.google.android.gms/shared_prefs/LogDropPref.xml: [<1: 0, <2: 0, <4: 15099, <8: 21166, <16: 437, <32: 55, <64: 98, <128: 9, <256: 0, <512: 0, <1024: 0, <2048: 0, <4096: 0, <8192: 0, <16384: 0, >=16384: 0]
08-20 01:33:24.949  2162  2199 I .gms.persisten: Background concurrent copying GC freed 23240(992KB) AllocSpace objects, 110(5720KB) LOS objects, 37% free, 10106KB/15MB, paused 108us total 145.313ms
08-20 01:33:26.841  2162  2199 I .gms.persisten: Background concurrent copying GC freed 22756(977KB) AllocSpace objects, 110(5720KB) LOS objects, 37% free, 10112KB/15MB, paused 161us total 149.667ms
08-20 01:33:28.748  2162  2199 I .gms.persisten: Background concurrent copying GC freed 22593(978KB) AllocSpace objects, 110(5720KB) LOS objects, 37% free, 10117KB/15MB, paused 125us total 149.252ms
08-20 01:33:30.645  2162  2199 I .gms.persisten: Background concurrent copying GC freed 22825(969KB) AllocSpace objects, 110(5720KB) LOS objects, 37% free, 10116KB/15MB, paused 113us total 152.620ms
08-20 01:33:32.543  2162  2199 I .gms.persisten: Background concurrent copying GC freed 22532(972KB) AllocSpace objects, 108(5616KB) LOS objects, 37% free, 10230KB/15MB, paused 120us total 148.780ms
08-20 01:33:40.149  2162  2199 I .gms.persisten: Background concurrent copying GC freed 22891(999KB) AllocSpace objects, 112(5824KB) LOS objects, 37% free, 10112KB/15MB, paused 111us total 149.185ms
08-20 01:33:42.066  2162  2199 I .gms.persisten: Background concurrent copying GC freed 22952(1001KB) AllocSpace objects, 110(5720KB) LOS objects, 37% free, 10114KB/15MB, paused 108us total 146.903ms
08-20 01:33:44.001  2162  2199 I .gms.persisten: Background concurrent copying GC freed 22779(984KB) AllocSpace objects, 110(5720KB) LOS objects, 37% free, 10114KB/15MB, paused 112us total 152.456ms
08-20 01:33:45.905  2162  2199 I .gms.persisten: Background concurrent copying GC freed 23220(993KB) AllocSpace objects, 110(5720KB) LOS objects, 37% free, 10107KB/15MB, paused 115us total 150.376ms
08-20 01:33:47.790  2162  2199 I .gms.persisten: Background concurrent copying GC freed 22463(961KB) AllocSpace objects, 110(5720KB) LOS objects, 37% free, 10114KB/15MB, paused 118us total 146.730ms
08-20 01:33:59.165  2162  8063 D SharedPreferencesImpl: Time required to fsync /data/user/0/com.google.android.gms/shared_prefs/LogDropPref.xml: [<1: 0, <2: 0, <4: 15500, <8: 21766, <16: 455, <32: 57, <64: 101, <128: 9, <256: 0, <512: 0, <1024: 0, <2048: 0, <4096: 0, <8192: 0, <16384: 0, >=16384: 0]
08-20 01:33:59.203  2162  2199 I .gms.persisten: Background concurrent copying GC freed 22938(984KB) AllocSpace objects, 110(5720KB) LOS objects, 37% free, 10117KB/15MB, paused 126us total 146.893ms
08-20 01:34:01.127  2162  2199 I .gms.persisten: Background concurrent copying GC freed 22978(986KB) AllocSpace objects, 110(5720KB) LOS objects, 37% free, 10118KB/15MB, paused 148us total 146.751ms
08-20 01:34:03.042  2162  2199 I .gms.persisten: Background concurrent copying GC freed 22998(977KB) AllocSpace objects, 110(5720KB) LOS objects, 37% free, 10109KB/15MB, paused 120us total 154.553ms
08-20 01:34:04.963  2162  2199 I .gms.persisten: Background concurrent copying GC freed 22863(982KB) AllocSpace objects, 110(5720KB) LOS objects, 37% free, 10114KB/15MB, paused 114us total 149.060ms
08-20 01:34:06.887  2162  2199 I .gms.persisten: Background concurrent copying GC freed 22917(984KB) AllocSpace objects, 110(5720KB) LOS objects, 37% free, 10117KB/15MB, paused 284us total 149.592ms
08-20 01:34:08.806  2162  2199 I .gms.persisten: Background concurrent copying GC freed 23169(1008KB) AllocSpace objects, 110(5720KB) LOS objects, 37% free, 10111KB/15MB, paused 128us total 151.956ms
08-20 01:34:10.728  2162  2199 I .gms.persisten: Background concurrent copying GC freed 22695(966KB) AllocSpace objects, 110(5720KB) LOS objects, 37% free, 10112KB/15MB, paused 914us total 147.788ms
08-20 01:34:12.637  2162  2199 I .gms.persisten: Background concurrent copying GC freed 22868(981KB) AllocSpace objects, 110(5720KB) LOS objects, 37% free, 10117KB/15MB, paused 111us total 145.130ms
08-20 01:34:16.602  2162  2199 I .gms.persisten: Background concurrent copying GC freed 23196(1009KB) AllocSpace objects, 110(5720KB) LOS objects, 37% free, 10113KB/15MB, paused 124us total 149.481ms
08-20 01:34:18.551  2162  2199 I .gms.persisten: Background concurrent copying GC freed 22747(969KB) AllocSpace objects, 110(5720KB) LOS objects, 37% free, 10112KB/15MB, paused 107us total 150.487ms
08-20 01:34:30.145  2162  2199 I .gms.persisten: Background concurrent copying GC freed 22366(958KB) AllocSpace objects, 110(5720KB) LOS objects, 37% free, 10120KB/15MB, paused 141us total 152.757ms
08-20 01:34:32.082  2162  2199 I .gms.persisten: Background concurrent copying GC freed 23080(989KB) AllocSpace objects, 110(5720KB) LOS objects, 37% free, 10118KB/15MB, paused 108us total 148.068ms
08-20 01:34:34.011  2162  2199 I .gms.persisten: Background concurrent copying GC freed 22953(973KB) AllocSpace objects, 110(5720KB) LOS objects, 37% free, 10112KB/15MB, paused 126us total 155.026ms
08-20 01:34:35.937  2162  2199 I .gms.persisten: Background concurrent copying GC freed 22462(960KB) AllocSpace objects, 110(5720KB) LOS objects, 37% free, 10118KB/15MB, paused 128us total 154.562ms
08-20 01:34:36.575  2162  8063 D SharedPreferencesImpl: Time required to fsync /data/user/0/com.google.android.gms/shared_prefs/LogDropPref.xml: [<1: 0, <2: 0, <4: 15848, <8: 22412, <16: 484, <32: 57, <64: 102, <128: 9, <256: 0, <512: 0, <1024: 0, <2048: 0, <4096: 0, <8192: 0, <16384: 0, >=16384: 0]
08-20 01:34:37.905  2162  2199 I .gms.persisten: Background concurrent copying GC freed 23094(988KB) AllocSpace objects, 110(5720KB) LOS objects, 37% free, 10117KB/15MB, paused 115us total 151.648ms
08-20 01:34:39.817  2162  2199 I .gms.persisten: Background concurrent copying GC freed 23047(986KB) AllocSpace objects, 110(5720KB) LOS objects, 37% free, 10113KB/15MB, paused 167us total 153.879ms
08-20 01:34:41.755  2162  2199 I .gms.persisten: Background concurrent copying GC freed 23057(987KB) AllocSpace objects, 110(5720KB) LOS objects, 37% free, 10113KB/15MB, paused 196us total 147.515ms
08-20 01:34:43.725  2162  2199 I .gms.persisten: Background concurrent copying GC freed 23112(1006KB) AllocSpace objects, 110(5720KB) LOS objects, 37% free, 10109KB/15MB, paused 118us total 155.209ms
08-20 01:34:45.717  2162  2199 I .gms.persisten: Background concurrent copying GC freed 22741(961KB) AllocSpace objects, 110(5720KB) LOS objects, 37% free, 10116KB/15MB, paused 146us total 147.221ms
08-20 01:34:47.737  2162  2199 I .gms.persisten: Background concurrent copying GC freed 22792(968KB) AllocSpace objects, 110(5720KB) LOS objects, 37% free, 10115KB/15MB, paused 108us total 152.549ms
08-20 01:34:51.748  2162  2199 I .gms.persisten: Background concurrent copying GC freed 22899(998KB) AllocSpace objects, 110(5720KB) LOS objects, 37% free, 10113KB/15MB, paused 123us total 147.342ms
08-20 01:35:09.692  2162  2199 I .gms.persisten: Background concurrent copying GC freed 23183(1008KB) AllocSpace objects, 110(5720KB) LOS objects, 37% free, 10114KB/15MB, paused 227us total 148.377ms
08-20 01:35:11.679  2162  2199 I .gms.persisten: Background concurrent copying GC freed 22565(963KB) AllocSpace objects, 110(5720KB) LOS objects, 37% free, 10118KB/15MB, paused 122us total 150.670ms
08-20 01:35:15.033  2162  2750 D SharedPreferencesImpl: Time required to fsync /data/user/0/com.google.android.gms/shared_prefs/LogDropPref.xml: [<1: 0, <2: 0, <4: 16240, <8: 23025, <16: 500, <32: 58, <64: 104, <128: 9, <256: 0, <512: 0, <1024: 0, <2048: 0, <4096: 0, <8192: 0, <16384: 0, >=16384: 0]
08-20 01:35:15.710  2162  2199 I .gms.persisten: Background concurrent copying GC freed 23282(1011KB) AllocSpace objects, 110(5720KB) LOS objects, 37% free, 10127KB/15MB, paused 121us total 148.633ms
08-20 01:35:33.685  2162  2199 I .gms.persisten: Background concurrent copying GC freed 23031(989KB) AllocSpace objects, 110(5720KB) LOS objects, 37% free, 10114KB/15MB, paused 146us total 149.761ms
08-20 01:35:35.723  2162  2199 I .gms.persisten: Background concurrent copying GC freed 22538(964KB) AllocSpace objects, 110(5720KB) LOS objects, 37% free, 10118KB/15MB, paused 114us total 153.395ms
08-20 01:35:37.768  2162  2199 I .gms.persisten: Background concurrent copying GC freed 22660(967KB) AllocSpace objects, 110(5720KB) LOS objects, 37% free, 10119KB/15MB, paused 128us total 156.900ms
08-20 01:35:54.292  2162  8063 D SharedPreferencesImpl: Time required to fsync /data/user/0/com.google.android.gms/shared_prefs/LogDropPref.xml: [<1: 0, <2: 0, <4: 16640, <8: 23618, <16: 526, <32: 61, <64: 106, <128: 9, <256: 0, <512: 0, <1024: 0, <2048: 0, <4096: 0, <8192: 0, <16384: 0, >=16384: 0]
08-20 01:36:12.679  2162  2199 I .gms.persisten: Background concurrent copying GC freed 22892(983KB) AllocSpace objects, 108(5616KB) LOS objects, 37% free, 10113KB/15MB, paused 118us total 144.925ms
08-20 01:36:22.952  2162  2199 I .gms.persisten: Background concurrent copying GC freed 22722(977KB) AllocSpace objects, 110(5720KB) LOS objects, 37% free, 10121KB/15MB, paused 151us total 146.678ms
08-20 01:36:34.282  2162  2750 D SharedPreferencesImpl: Time required to fsync /data/user/0/com.google.android.gms/shared_prefs/LogDropPref.xml: [<1: 0, <2: 0, <4: 16978, <8: 24283, <16: 544, <32: 62, <64: 108, <128: 9, <256: 0, <512: 0, <1024: 0, <2048: 0, <4096: 0, <8192: 0, <16384: 0, >=16384: 0]
08-20 01:36:41.601  2162  2199 I .gms.persisten: Background concurrent copying GC freed 22953(985KB) AllocSpace objects, 108(5616KB) LOS objects, 37% free, 10112KB/15MB, paused 128us total 142.722ms
08-20 01:36:49.924  2162  2199 I .gms.persisten: Background concurrent copying GC freed 22565(963KB) AllocSpace objects, 108(5616KB) LOS objects, 37% free, 10128KB/15MB, paused 115us total 156.331ms
08-20 01:36:54.048  2162  2199 I .gms.persisten: Background concurrent copying GC freed 22403(961KB) AllocSpace objects, 108(5616KB) LOS objects, 37% free, 10114KB/15MB, paused 131us total 145.151ms
08-20 01:37:06.521  2162  2199 I .gms.persisten: Background concurrent copying GC freed 22328(961KB) AllocSpace objects, 108(5616KB) LOS objects, 37% free, 10116KB/15MB, paused 144us total 149.376ms
08-20 01:37:14.754  2162  2750 D SharedPreferencesImpl: Time required to fsync /data/user/0/com.google.android.gms/shared_prefs/LogDropPref.xml: [<1: 0, <2: 0, <4: 17397, <8: 24863, <16: 564, <32: 62, <64: 112, <128: 10, <256: 0, <512: 0, <1024: 0, <2048: 0, <4096: 0, <8192: 0, <16384: 0, >=16384: 0]
08-20 01:37:14.845  2162  2199 I .gms.persisten: Background concurrent copying GC freed 22850(982KB) AllocSpace objects, 108(5616KB) LOS objects, 37% free, 10112KB/15MB, paused 130us total 144.949ms
08-20 01:37:21.083  2162  2199 I .gms.persisten: Background concurrent copying GC freed 22629(987KB) AllocSpace objects, 108(5616KB) LOS objects, 37% free, 10112KB/15MB, paused 171us total 150.379ms
08-20 01:37:25.487  2162  2199 I .gms.persisten: Background concurrent copying GC freed 22292(949KB) AllocSpace objects, 106(5512KB) LOS objects, 37% free, 10094KB/15MB, paused 168us total 144.553ms
08-20 01:37:34.305  2162  2199 I .gms.persisten: Background concurrent copying GC freed 22708(978KB) AllocSpace objects, 108(5616KB) LOS objects, 37% free, 10117KB/15MB, paused 145us total 146.850ms
08-20 01:37:43.101  2162  2199 I .gms.persisten: Background concurrent copying GC freed 22274(946KB) AllocSpace objects, 108(5616KB) LOS objects, 38% free, 9990KB/15MB, paused 120us total 150.962ms
08-20 01:37:45.328  2162  2199 I .gms.persisten: Background concurrent copying GC freed 22270(960KB) AllocSpace objects, 108(5616KB) LOS objects, 37% free, 10113KB/15MB, paused 142us total 146.848ms
08-20 01:37:51.998  2162  2199 I .gms.persisten: Background concurrent copying GC freed 22698(967KB) AllocSpace objects, 108(5616KB) LOS objects, 37% free, 10130KB/15MB, paused 109us total 144.242ms
08-20 01:37:54.245  2162  2199 I .gms.persisten: Background concurrent copying GC freed 22772(984KB) AllocSpace objects, 108(5616KB) LOS objects, 38% free, 9991KB/15MB, paused 139us total 150.450ms
08-20 01:37:57.715  2162  2750 D SharedPreferencesImpl: Time required to fsync /data/user/0/com.google.android.gms/shared_prefs/LogDropPref.xml: [<1: 0, <2: 0, <4: 17783, <8: 25481, <16: 581, <32: 63, <64: 114, <128: 10, <256: 0, <512: 0, <1024: 0, <2048: 0, <4096: 0, <8192: 0, <16384: 0, >=16384: 0]
08-20 01:38:00.946  2162  2199 I .gms.persisten: Background concurrent copying GC freed 22986(987KB) AllocSpace objects, 110(5720KB) LOS objects, 37% free, 10114KB/15MB, paused 149us total 151.162ms
08-20 01:38:09.922  2162  2199 I .gms.persisten: Background concurrent copying GC freed 22526(964KB) AllocSpace objects, 106(5512KB) LOS objects, 37% free, 10099KB/15MB, paused 118us total 144.017ms
08-20 01:38:12.177  2162  2199 I .gms.persisten: Background concurrent copying GC freed 22636(985KB) AllocSpace objects, 108(5616KB) LOS objects, 38% free, 9988KB/15MB, paused 192us total 148.002ms
08-20 01:38:14.409  2162  2199 I .gms.persisten: Background concurrent copying GC freed 22503(982KB) AllocSpace objects, 106(5512KB) LOS objects, 37% free, 10112KB/15MB, paused 470us total 148.664ms
08-20 01:38:18.938  2162  2199 I .gms.persisten: Background concurrent copying GC freed 22490(963KB) AllocSpace objects, 108(5616KB) LOS objects, 38% free, 9994KB/15MB, paused 116us total 145.070ms
08-20 01:38:25.639  2162  2199 I .gms.persisten: Background concurrent copying GC freed 22539(980KB) AllocSpace objects, 106(5512KB) LOS objects, 37% free, 10MB/16MB, paused 212us total 145.751ms
08-20 01:38:27.902  2162  2199 I .gms.persisten: Background concurrent copying GC freed 22406(952KB) AllocSpace objects, 108(5616KB) LOS objects, 38% free, 9991KB/15MB, paused 123us total 150.590ms
08-20 01:38:32.362  2162  2199 I .gms.persisten: Background concurrent copying GC freed 22229(946KB) AllocSpace objects, 106(5512KB) LOS objects, 37% free, 10100KB/15MB, paused 332us total 145.071ms
08-20 01:38:36.870  2162  2199 I .gms.persisten: Background concurrent copying GC freed 22696(967KB) AllocSpace objects, 108(5616KB) LOS objects, 37% free, 10130KB/15MB, paused 109us total 147.839ms
08-20 01:38:41.375  2162  2199 I .gms.persisten: Background concurrent copying GC freed 22283(944KB) AllocSpace objects, 108(5616KB) LOS objects, 37% free, 10116KB/15MB, paused 153us total 150.198ms
08-20 01:38:41.759  2162 20691 D SharedPreferencesImpl: Time required to fsync /data/user/0/com.google.android.gms/shared_prefs/LogDropPref.xml: [<1: 0, <2: 0, <4: 18144, <8: 26125, <16: 598, <32: 64, <64: 115, <128: 10, <256: 0, <512: 0, <1024: 0, <2048: 0, <4096: 0, <8192: 0, <16384: 0, >=16384: 0]
08-20 01:38:43.622  2162  2199 I .gms.persisten: Background concurrent copying GC freed 22014(958KB) AllocSpace objects, 106(5512KB) LOS objects, 37% free, 10118KB/15MB, paused 119us total 143.886ms
08-20 01:38:48.133  2162  2199 I .gms.persisten: Background concurrent copying GC freed 22256(947KB) AllocSpace objects, 108(5616KB) LOS objects, 38% free, 9995KB/15MB, paused 114us total 147.453ms
08-20 01:38:52.680  2162  2199 I .gms.persisten: Background concurrent copying GC freed 22452(960KB) AllocSpace objects, 108(5616KB) LOS objects, 37% free, 10131KB/15MB, paused 128us total 145.874ms
08-20 01:38:54.900  2162  2199 I .gms.persisten: Background concurrent copying GC freed 22365(963KB) AllocSpace objects, 106(5512KB) LOS objects, 37% free, 10118KB/15MB, paused 136us total 145.842ms
08-20 01:39:01.616  2162  2199 I .gms.persisten: Background concurrent copying GC freed 22586(969KB) AllocSpace objects, 108(5616KB) LOS objects, 37% free, 10113KB/15MB, paused 137us total 152.654ms
08-20 01:39:06.138  2162  2199 I .gms.persisten: Background concurrent copying GC freed 22771(954KB) AllocSpace objects, 108(5616KB) LOS objects, 37% free, 10127KB/15MB, paused 125us total 147.342ms
08-20 01:39:08.413  2162  2199 I .gms.persisten: Background concurrent copying GC freed 22136(959KB) AllocSpace objects, 108(5616KB) LOS objects, 38% free, 9995KB/15MB, paused 130us total 150.459ms
08-20 01:39:10.643  2162  2199 I .gms.persisten: Background concurrent copying GC freed 22403(960KB) AllocSpace objects, 106(5512KB) LOS objects, 37% free, 10101KB/15MB, paused 152us total 144.559ms
08-20 01:39:17.384  2162  2199 I .gms.persisten: Background concurrent copying GC freed 22363(951KB) AllocSpace objects, 106(5512KB) LOS objects, 38% free, 9992KB/15MB, paused 166us total 145.907ms
08-20 01:39:21.014  2162  2513 D SharedPreferencesImpl: Time required to fsync /data/user/0/com.google.android.gms/shared_prefs/tron_prefs.xml: [<1: 0, <2: 0, <4: 7635, <8: 44941, <16: 355, <32: 120, <64: 184, <128: 12, <256: 1, <512: 0, <1024: 0, <2048: 0, <4096: 0, <8192: 0, <16384: 0, >=16384: 0]
08-20 01:39:21.901  2162  2199 I .gms.persisten: Background concurrent copying GC freed 22376(950KB) AllocSpace objects, 108(5616KB) LOS objects, 38% free, 9991KB/15MB, paused 158us total 144.517ms
08-20 01:39:25.940  2162 20691 D SharedPreferencesImpl: Time required to fsync /data/user/0/com.google.android.gms/shared_prefs/LogDropPref.xml: [<1: 0, <2: 0, <4: 18535, <8: 26729, <16: 621, <32: 65, <64: 120, <128: 10, <256: 0, <512: 0, <1024: 0, <2048: 0, <4096: 0, <8192: 0, <16384: 0, >=16384: 0]
08-20 01:39:26.399  2162  2199 I .gms.persisten: Background concurrent copying GC freed 22325(948KB) AllocSpace objects, 108(5616KB) LOS objects, 38% free, 9996KB/15MB, paused 133us total 150.123ms
08-20 01:39:28.627  2162  2199 I .gms.persisten: Background concurrent copying GC freed 22445(962KB) AllocSpace objects, 106(5512KB) LOS objects, 37% free, 10097KB/15MB, paused 162us total 144.298ms
08-20 01:39:33.131  2162  2199 I .gms.persisten: Background concurrent copying GC freed 22757(973KB) AllocSpace objects, 106(5512KB) LOS objects, 37% free, 10096KB/15MB, paused 426us total 146.469ms
08-20 01:39:37.695  2162  2199 I .gms.persisten: Background concurrent copying GC freed 22738(973KB) AllocSpace objects, 108(5616KB) LOS objects, 37% free, 10110KB/15MB, paused 147us total 154.699ms
08-20 01:39:42.778  2162  4080 I FontLog : Pulling font file for id = 4, cache size = 3 [CONTEXT service_id=132 ]
08-20 01:39:44.397  2162  2795 I FontLog : Received query name=Google Sans&weight=700&besteffort=false, URI content://com.google.android.gms.fonts [CONTEXT service_id=132 ]
08-20 01:39:44.399  2162  2795 I FontLog : Query [name=Google Sans&weight=700&besteffort=false] resolved to {Google Sans, wdth 100.0, wght 700, ital 0.0, bestEffort false} [CONTEXT service_id=132 ]
08-20 01:39:44.404  2162  2795 I FontLog : Fetch {Google Sans, wdth 100.0, wght 700, ital 0.0, bestEffort false} end status Status{statusCode=SUCCESS, resolution=null} [CONTEXT service_id=132 ]
08-20 01:39:44.440  2162  2796 I FontLog : Pulling font file for id = 5, cache size = 4 [CONTEXT service_id=132 ]
08-20 01:39:44.528  2162  4080 I FontLog : Pulling font file for id = 6, cache size = 5 [CONTEXT service_id=132 ]
08-20 01:39:44.559  2162  5932 I FontLog : Pulling font file for id = 7, cache size = 6 [CONTEXT service_id=132 ]
08-20 01:39:44.574  2162  5932 I FontLog : Received query name=Google Sans&weight=500&besteffort=false, URI content://com.google.android.gms.fonts [CONTEXT service_id=132 ]
08-20 01:39:44.574  2162  5932 I FontLog : Query [name=Google Sans&weight=500&besteffort=false] resolved to {Google Sans, wdth 100.0, wght 500, ital 0.0, bestEffort false} [CONTEXT service_id=132 ]
08-20 01:39:44.577  2162  5932 I FontLog : Font PFD returned from cache for {Google Sans, wdth 100.0, wght 500, ital 0.0, bestEffort false} [CONTEXT service_id=132 ]
08-20 01:39:44.577  2162  5932 I FontLog : Fetch {Google Sans, wdth 100.0, wght 500, ital 0.0, bestEffort false} end status Status{statusCode=SUCCESS, resolution=null} [CONTEXT service_id=132 ]
08-20 01:39:44.604  2162  5932 I FontLog : Pulling font file for id = 8, cache size = 7 [CONTEXT service_id=132 ]
08-20 01:39:45.556  2162  2199 I .gms.persisten: Background concurrent copying GC freed 41897(1772KB) AllocSpace objects, 92(4724KB) LOS objects, 37% free, 10MB/16MB, paused 239us total 153.754ms
08-20 01:39:45.558  2162  2202 W SQLiteConnectionPool: A SQLiteConnection object for database '/data/user/0/com.google.android.gms/databases/metadata.db' was leaked!  Please fix your application to end transactions in progress properly and to close the database when it is no longer needed.
08-20 01:39:45.558  2162  2202 W System  : A resource failed to call close. 
08-20 01:39:47.981  2162  2199 I .gms.persisten: Background concurrent copying GC freed 24182(1074KB) AllocSpace objects, 106(5512KB) LOS objects, 37% free, 10MB/16MB, paused 117us total 155.165ms
08-20 01:39:50.408  2162  2199 I .gms.persisten: Background concurrent copying GC freed 22453(998KB) AllocSpace objects, 106(5512KB) LOS objects, 37% free, 10232KB/15MB, paused 354us total 149.170ms
08-20 01:39:52.813  2162  2199 I .gms.persisten: Background concurrent copying GC freed 22168(959KB) AllocSpace objects, 108(5616KB) LOS objects, 37% free, 10MB/16MB, paused 113us total 153.973ms
08-20 01:39:55.210  2162  2199 I .gms.persisten: Background concurrent copying GC freed 22375(948KB) AllocSpace objects, 106(5512KB) LOS objects, 37% free, 10MB/16MB, paused 160us total 152.940ms
08-20 01:39:57.602  2162  2199 I .gms.persisten: Background concurrent copying GC freed 22683(969KB) AllocSpace objects, 106(5512KB) LOS objects, 37% free, 10MB/16MB, paused 175us total 149.832ms
08-20 01:40:00.000  2162  2199 I .gms.persisten: Background concurrent copying GC freed 22538(969KB) AllocSpace objects, 106(5512KB) LOS objects, 37% free, 10MB/16MB, paused 153us total 151.377ms
08-20 01:40:02.404  2162  2199 I .gms.persisten: Background concurrent copying GC freed 22329(956KB) AllocSpace objects, 108(5616KB) LOS objects, 37% free, 10133KB/15MB, paused 375us total 151.477ms
08-20 01:40:07.202  2162  2199 I .gms.persisten: Background concurrent copying GC freed 22484(966KB) AllocSpace objects, 106(5512KB) LOS objects, 37% free, 10MB/16MB, paused 130us total 153.163ms
08-20 01:40:12.055  2162  2199 I .gms.persisten: Background concurrent copying GC freed 22396(958KB) AllocSpace objects, 108(5616KB) LOS objects, 37% free, 10131KB/15MB, paused 157us total 154.478ms
08-20 01:40:13.740  2162 31962 D SharedPreferencesImpl: Time required to fsync /data/user/0/com.google.android.gms/shared_prefs/LogDropPref.xml: [<1: 0, <2: 0, <4: 18822, <8: 27390, <16: 671, <32: 78, <64: 133, <128: 10, <256: 0, <512: 0, <1024: 0, <2048: 0, <4096: 0, <8192: 0, <16384: 0, >=16384: 0]
08-20 01:40:14.480  2162  2199 I .gms.persisten: Background concurrent copying GC freed 22280(962KB) AllocSpace objects, 106(5512KB) LOS objects, 37% free, 10MB/16MB, paused 164us total 149.370ms
08-20 01:40:16.957  2162  2199 I .gms.persisten: Background concurrent copying GC freed 22495(975KB) AllocSpace objects, 106(5512KB) LOS objects, 37% free, 10118KB/15MB, paused 144us total 158.099ms
08-20 01:40:19.365  2162  2199 I .gms.persisten: Background concurrent copying GC freed 22112(962KB) AllocSpace objects, 106(5512KB) LOS objects, 37% free, 10MB/16MB, paused 135us total 147.466ms
08-20 01:40:19.600  2162  8063 W ChimeraUtils: Module com.google.android.gms.gcm has empty metadata display_name_string_id
08-20 01:40:21.778  2162  2199 I .gms.persisten: Background concurrent copying GC freed 22828(981KB) AllocSpace objects, 106(5512KB) LOS objects, 37% free, 10MB/16MB, paused 561us total 150.853ms
08-20 01:40:26.649  2162  2199 I .gms.persisten: Background concurrent copying GC freed 21943(949KB) AllocSpace objects, 106(5512KB) LOS objects, 37% free, 10MB/16MB, paused 134us total 156.186ms
08-20 01:40:29.102  2162  2199 I .gms.persisten: Background concurrent copying GC freed 22142(946KB) AllocSpace objects, 108(5616KB) LOS objects, 37% free, 10151KB/15MB, paused 142us total 156.832ms
08-20 01:40:31.535  2162  2199 I .gms.persisten: Background concurrent copying GC freed 22381(969KB) AllocSpace objects, 106(5512KB) LOS objects, 37% free, 10MB/16MB, paused 133us total 148.306ms
08-20 01:40:34.047  2162  2199 I .gms.persisten: Background concurrent copying GC freed 22517(971KB) AllocSpace objects, 106(5512KB) LOS objects, 37% free, 10MB/16MB, paused 179us total 149.731ms
08-20 01:40:39.151  2162  2199 I .gms.persisten: Background concurrent copying GC freed 22102(961KB) AllocSpace objects, 108(5616KB) LOS objects, 37% free, 10MB/16MB, paused 156us total 149.509ms
08-20 01:40:41.641  2162  2199 I .gms.persisten: Background concurrent copying GC freed 22400(971KB) AllocSpace objects, 106(5512KB) LOS objects, 37% free, 10MB/16MB, paused 114us total 154.106ms
08-20 01:40:43.093  2162  8063 I NetworkScheduler.Stats: Task com.google.android.gms/com.google.android.gms.matchstick.task.ScheduledTaskService started execution. cause:14 exec_start_elapsed_seconds: 235821 [CONTEXT service_id=218 ]
08-20 01:40:43.274  2162  8063 I NetworkScheduler.Stats: Task com.google.android.gms/com.google.android.gms.matchstick.task.ScheduledTaskService finished executing. cause:14 result: 1 elapsed_millis: 249 uptime_millis: 249 exec_start_elapsed_seconds: 235821 [CONTEXT service_id=218 ]
08-20 01:40:43.886  2162  2199 I .gms.persisten: Background concurrent copying GC freed 69718(3550KB) AllocSpace objects, 58(3016KB) LOS objects, 37% free, 10128KB/15MB, paused 197us total 186.188ms
08-20 01:40:44.469  2162  1105 I NetworkScheduler.Stats: Task com.google.android.gms/com.google.android.gms.games.chimera.GamesSyncServiceMainProxy started execution. cause:14 exec_start_elapsed_seconds: 235821 [CONTEXT service_id=218 ]
08-20 01:40:44.470  2162  1105 I NetworkScheduler.Stats: Task com.google.android.gms/com.google.android.gms.games.chimera.GamesSyncServiceMainProxy started execution. cause:5 exec_start_elapsed_seconds: 235821 [CONTEXT service_id=218 ]
08-20 01:40:44.799  2162  1105 I NetworkScheduler.Stats: Task com.google.android.gms/com.google.android.gms.ads.jams.NegotiationService started execution. cause:14 exec_start_elapsed_seconds: 235821 [CONTEXT service_id=218 ]
08-20 01:40:44.803  2162  1105 I NetworkScheduler.Stats: Task com.google.android.gms/com.google.android.gms.gass.chimera.SchedulePeriodicTasksService started execution. cause:14 exec_start_elapsed_seconds: 235821 [CONTEXT service_id=218 ]
08-20 01:40:45.283  2162 20691 I NetworkScheduler.Stats: Task com.google.android.gms/com.google.android.gms.gass.chimera.SchedulePeriodicTasksService finished executing. cause:14 result: 1 elapsed_millis: 1873 uptime_millis: 1873 exec_start_elapsed_seconds: 235821 [CONTEXT service_id=218 ]
08-20 01:40:46.525  2162 20691 I NetworkScheduler.Stats: Task com.google.android.gms/com.google.android.gms.games.chimera.GamesSyncServiceMainProxy finished executing. cause:5 result: 1 elapsed_millis: 3135 uptime_millis: 3135 exec_start_elapsed_seconds: 235821 [CONTEXT service_id=218 ]
08-20 01:40:46.557  2162 20691 I NetworkScheduler.Stats: Task com.google.android.gms/com.google.android.gms.games.chimera.GamesSyncServiceMainProxy finished executing. cause:14 result: 1 elapsed_millis: 3441 uptime_millis: 3441 exec_start_elapsed_seconds: 235821 [CONTEXT service_id=218 ]
