08-19 23:07:25.659   640 21621 I mtkpower_client: perf_lock_rel, hdl:141859, tid:21621
08-19 23:07:25.780   640 21628 I mtkpower_client: perf_lock_rel, hdl:141861, tid:21628
08-19 23:07:26.129   640 21627 I mtkpower_client: perf_lock_rel, hdl:141860, tid:21627
08-19 23:10:11.339   608   681 I libPowerHal: [perfLockAcq] idx:1 hdl:142162 hint:1157 pid:640 duration:80 => ret_hdl:142162
08-19 23:10:11.339   608   681 I libPowerHal: [PE] scn:1 hdl:142162 hint:1157 comm:vperf@1.0-servi pid:640
08-19 23:10:11.420   608   681 I mtkpower@impl: [powerd_req] TIMER_MSG_PERF_LOCK_TIMEOUT hdl:142162
08-19 23:10:11.420   608   681 I libPowerHal: [perfLockRel] hdl:142162, idx:1
08-19 23:10:11.420   608   681 I libPowerHal: [PD] scn:1 hdl:142162 hint:1157 comm:vperf@1.0-servi pid:640
08-19 23:10:11.440   640 22665 I mtkpower_client: perf_lock_rel, hdl:142162, tid:22665
08-19 23:10:11.441   608   681 I libPowerHal: [perfLockRel] hdl:142162, idx:-1
08-20 01:11:00.080  2162  2162 E .gms.persisten: Not starting debugger since process cannot load the jdwp agent.
08-20 01:11:01.257  2162  2401 E ActivityThread: Failed to find provider info for instantapp-dev-manager
08-20 01:11:02.812  2162  2162 E NanoAppLogging: Failed to begin contexthub communication
08-20 01:11:02.886  2162  2766 E _V_SensorManager: unregisterListenerImpl listener=com.google.android.location.fused.StepDetector@c241d8sensor=NULL num: 0
08-20 01:11:02.892  2162  2766 E inertial-anchor: Called Stop() before session has started.
08-20 01:11:05.809  2162  2199 I .gms.persisten: Background concurrent copying GC freed 192201(6315KB) AllocSpace objects, 26(840KB) LOS objects, 34% free, 11MB/17MB, paused 231us total 159.506ms
08-20 01:11:07.160  2162  2750 D CompatibilityChangeReporter: Compat change id reported: 148180766; UID 10168; state: ENABLED
08-20 01:11:16.077  2162  2199 I .gms.persisten: Background concurrent copying GC freed 51339(2357KB) AllocSpace objects, 131(5464KB) LOS objects, 41% free, 8754KB/14MB, paused 353us total 152.233ms
08-20 01:11:19.094  2162  2162 D BoundBrokerSvc: onUnbind: Intent { act=com.google.android.gms.scheduler.ACTION_PROXY_SCHEDULE dat=chimera-action:com.google.android.gms.scheduler.ACTION_PROXY_SCHEDULE cmp=com.google.android.gms/.chimera.PersistentApiService }
08-20 01:11:19.196  2162  2162 D BoundBrokerSvc: onUnbind: Intent { act=com.google.android.gms.clearcut.bootcount.service.START dat=chimera-action:com.google.android.gms.clearcut.bootcount.service.START cmp=com.google.android.gms/.chimera.PersistentBoundBrokerService }
08-20 01:11:19.207  2162  2162 D BoundBrokerSvc: onUnbind: Intent { act=com.google.android.gms.trustagent.BridgeApi.START pkg=com.google.android.gms }
08-20 01:11:19.494  2162  2162 D BoundBrokerSvc: onUnbind: Intent { act=com.google.android.gms.facs.cache.service.START dat=chimera-action:com.google.android.gms.facs.cache.service.START cmp=com.google.android.gms/.chimera.PersistentApiService }
08-20 01:11:19.697  2162  2162 D BoundBrokerSvc: onUnbind: Intent { act=com.google.android.gms.udc.service.START dat=chimera-action:com.google.android.gms.udc.service.START cmp=com.google.android.gms/.chimera.PersistentApiService }
08-20 01:11:23.390  2162  2162 D BoundBrokerSvc: onUnbind: Intent { act=com.google.android.gms.clearcut.service.START pkg=com.google.android.gms }
08-20 01:11:24.581  2162  2199 I .gms.persisten: Background concurrent copying GC freed 31355(1433KB) AllocSpace objects, 92(4784KB) LOS objects, 41% free, 8764KB/14MB, paused 113us total 138.630ms
08-20 01:11:33.229  2162  2199 I .gms.persisten: Background concurrent copying GC freed 31341(1401KB) AllocSpace objects, 92(4784KB) LOS objects, 41% free, 8768KB/14MB, paused 111us total 146.111ms
08-20 01:11:41.935  2162  2199 I .gms.persisten: Background concurrent copying GC freed 32872(1438KB) AllocSpace objects, 92(4784KB) LOS objects, 41% free, 8703KB/14MB, paused 109us total 140.714ms
08-20 01:11:50.611  2162  2199 I .gms.persisten: Background concurrent copying GC freed 30728(1381KB) AllocSpace objects, 92(4784KB) LOS objects, 41% free, 8726KB/14MB, paused 113us total 139.078ms
08-20 01:11:59.271  2162  2199 I .gms.persisten: Background concurrent copying GC freed 31346(1369KB) AllocSpace objects, 92(4784KB) LOS objects, 41% free, 8713KB/14MB, paused 113us total 141.172ms
08-20 01:12:07.681  2162  2199 I .gms.persisten: Background concurrent copying GC freed 31748(1414KB) AllocSpace objects, 90(4680KB) LOS objects, 41% free, 8759KB/14MB, paused 124us total 138.820ms
08-20 01:12:16.559  2162  2199 I .gms.persisten: Background concurrent copying GC freed 31511(1390KB) AllocSpace objects, 92(4784KB) LOS objects, 41% free, 8758KB/14MB, paused 114us total 139.953ms
08-20 01:12:22.191  2224  2702 V _V_ProcCpuTracker: Stats added com.google.android.gms.persistent pid=2162 uid=10168, rtime=3016
08-20 01:12:25.445  2162  2199 I .gms.persisten: Background concurrent copying GC freed 31407(1387KB) AllocSpace objects, 92(4784KB) LOS objects, 41% free, 8759KB/14MB, paused 110us total 139.683ms
08-20 01:12:34.304  2162  2199 I .gms.persisten: Background concurrent copying GC freed 31336(1384KB) AllocSpace objects, 92(4784KB) LOS objects, 41% free, 8764KB/14MB, paused 105us total 139.627ms
08-20 01:12:43.192  2162  2199 I .gms.persisten: Background concurrent copying GC freed 31844(1415KB) AllocSpace objects, 92(4784KB) LOS objects, 41% free, 8753KB/14MB, paused 115us total 143.382ms
08-20 01:12:52.080  2162  2199 I .gms.persisten: Background concurrent copying GC freed 31481(1375KB) AllocSpace objects, 92(4784KB) LOS objects, 41% free, 8750KB/14MB, paused 112us total 140.468ms
08-20 01:13:01.038  2162  2199 I .gms.persisten: Background concurrent copying GC freed 31366(1385KB) AllocSpace objects, 92(4784KB) LOS objects, 41% free, 8754KB/14MB, paused 105us total 141.921ms
08-20 01:13:10.037  2162  2199 I .gms.persisten: Background concurrent copying GC freed 31566(1377KB) AllocSpace objects, 92(4784KB) LOS objects, 41% free, 8750KB/14MB, paused 106us total 139.245ms
08-20 01:13:19.235  2162  2199 I .gms.persisten: Background concurrent copying GC freed 31344(1368KB) AllocSpace objects, 92(4784KB) LOS objects, 41% free, 8754KB/14MB, paused 115us total 145.144ms
08-20 01:13:28.408  2162  2199 I .gms.persisten: Background concurrent copying GC freed 31571(1376KB) AllocSpace objects, 92(4784KB) LOS objects, 41% free, 8750KB/14MB, paused 111us total 139.334ms
08-20 01:13:37.615  2162  2199 I .gms.persisten: Background concurrent copying GC freed 31491(1373KB) AllocSpace objects, 92(4784KB) LOS objects, 41% free, 8750KB/14MB, paused 113us total 139.508ms
08-20 01:13:46.765  2162  2199 I .gms.persisten: Background concurrent copying GC freed 31440(1390KB) AllocSpace objects, 92(4784KB) LOS objects, 41% free, 8749KB/14MB, paused 123us total 139.596ms
08-20 01:13:55.933  2162  2199 I .gms.persisten: Background concurrent copying GC freed 31362(1369KB) AllocSpace objects, 92(4784KB) LOS objects, 41% free, 8752KB/14MB, paused 113us total 138.684ms
08-20 01:14:05.119  2162  2199 I .gms.persisten: Background concurrent copying GC freed 32203(1529KB) AllocSpace objects, 90(4680KB) LOS objects, 41% free, 8767KB/14MB, paused 117us total 139.789ms
08-20 01:14:14.394  2162  2199 I .gms.persisten: Background concurrent copying GC freed 31694(1384KB) AllocSpace objects, 92(4784KB) LOS objects, 41% free, 8756KB/14MB, paused 124us total 139.270ms
08-20 01:14:23.722  2162  2199 I .gms.persisten: Background concurrent copying GC freed 31495(1402KB) AllocSpace objects, 92(4784KB) LOS objects, 41% free, 8758KB/14MB, paused 125us total 139.389ms
08-20 01:14:33.111  2162  2199 I .gms.persisten: Background concurrent copying GC freed 31492(1405KB) AllocSpace objects, 94(4888KB) LOS objects, 41% free, 8757KB/14MB, paused 115us total 139.660ms
08-20 01:14:42.458  2162  2199 I .gms.persisten: Background concurrent copying GC freed 31448(1374KB) AllocSpace objects, 92(4784KB) LOS objects, 41% free, 8756KB/14MB, paused 221us total 140.800ms
08-20 01:14:51.828  2162  2199 I .gms.persisten: Background concurrent copying GC freed 31503(1387KB) AllocSpace objects, 92(4784KB) LOS objects, 41% free, 8754KB/14MB, paused 118us total 139.927ms
08-20 01:15:01.136  2162  2199 I .gms.persisten: Background concurrent copying GC freed 31450(1373KB) AllocSpace objects, 92(4784KB) LOS objects, 41% free, 8753KB/14MB, paused 113us total 139.771ms
08-20 01:15:10.523  2162  2199 I .gms.persisten: Background concurrent copying GC freed 31346(1369KB) AllocSpace objects, 92(4784KB) LOS objects, 41% free, 8757KB/14MB, paused 114us total 140.241ms
08-20 01:15:19.931  2162  2199 I .gms.persisten: Background concurrent copying GC freed 31584(1392KB) AllocSpace objects, 92(4784KB) LOS objects, 41% free, 8754KB/14MB, paused 121us total 139.201ms
08-20 01:15:29.420  2162  2199 I .gms.persisten: Background concurrent copying GC freed 31506(1390KB) AllocSpace objects, 92(4784KB) LOS objects, 41% free, 8752KB/14MB, paused 112us total 139.128ms
08-20 01:15:38.988  2162  2199 I .gms.persisten: Background concurrent copying GC freed 31464(1373KB) AllocSpace objects, 92(4784KB) LOS objects, 41% free, 8751KB/14MB, paused 113us total 139.749ms
08-20 01:15:48.550  2162  2199 I .gms.persisten: Background concurrent copying GC freed 31340(1368KB) AllocSpace objects, 92(4784KB) LOS objects, 41% free, 8756KB/14MB, paused 119us total 138.715ms
08-20 01:15:58.117  2162  2199 I .gms.persisten: Background concurrent copying GC freed 31559(1376KB) AllocSpace objects, 92(4784KB) LOS objects, 41% free, 8753KB/14MB, paused 111us total 138.960ms
08-20 01:16:00.885   385   385 E SELinux : avc:  denied  { find } for interface=android.hardware.memtrack::IMemtrack sid=u:r:gmscore_app:s0:c512,c768 pid=2162 scontext=u:r:gmscore_app:s0:c512,c768 tcontext=u:object_r:hal_memtrack_hwservice:s0 tclass=hwservice_manager permissive=0
08-20 01:16:00.886  2162  6801 E memtrack: Couldn't load memtrack module
08-20 01:16:07.703  2162  2199 I .gms.persisten: Background concurrent copying GC freed 31483(1388KB) AllocSpace objects, 92(4784KB) LOS objects, 41% free, 8756KB/14MB, paused 120us total 139.532ms
08-20 01:16:17.314  2162  2199 I .gms.persisten: Background concurrent copying GC freed 31620(1400KB) AllocSpace objects, 92(4784KB) LOS objects, 41% free, 8744KB/14MB, paused 120us total 139.584ms
08-20 01:16:26.980  2162  2199 I .gms.persisten: Background concurrent copying GC freed 31574(1376KB) AllocSpace objects, 92(4784KB) LOS objects, 41% free, 8759KB/14MB, paused 110us total 139.303ms
08-20 01:16:36.707  2162  2199 I .gms.persisten: Background concurrent copying GC freed 31438(1372KB) AllocSpace objects, 92(4784KB) LOS objects, 41% free, 8759KB/14MB, paused 110us total 139.780ms
08-20 01:16:46.389  2162  2199 I .gms.persisten: Background concurrent copying GC freed 31371(1369KB) AllocSpace objects, 92(4784KB) LOS objects, 41% free, 8762KB/14MB, paused 113us total 139.708ms
08-20 01:16:56.060  2162  2199 I .gms.persisten: Background concurrent copying GC freed 31552(1375KB) AllocSpace objects, 92(4784KB) LOS objects, 41% free, 8759KB/14MB, paused 117us total 139.822ms
08-20 01:17:05.708  2162  2199 I .gms.persisten: Background concurrent copying GC freed 31436(1369KB) AllocSpace objects, 92(4784KB) LOS objects, 41% free, 8760KB/14MB, paused 116us total 139.952ms
08-20 01:17:15.316  2162  2199 I .gms.persisten: Background concurrent copying GC freed 31354(1385KB) AllocSpace objects, 92(4784KB) LOS objects, 41% free, 8763KB/14MB, paused 110us total 140.347ms
08-20 01:17:24.910  2162  2199 I .gms.persisten: Background concurrent copying GC freed 31560(1375KB) AllocSpace objects, 92(4784KB) LOS objects, 41% free, 8760KB/14MB, paused 126us total 138.715ms
08-20 01:17:33.873  2162  2199 I .gms.persisten: Background concurrent copying GC freed 48245(2067KB) AllocSpace objects, 88(4456KB) LOS objects, 39% free, 9556KB/15MB, paused 596us total 191.143ms
08-20 01:17:34.617  2162  2382 W ConfigurationChimeraPro: Caller is not authorized to access Uri: content://com.google.android.gms.phenotype/com.google.android.gms.fonts [CONTEXT service_id=51 ]
08-20 01:17:35.026  2162  2382 I FontLog : Pulling font file for id = 1, cache size = 1 [CONTEXT service_id=132 ]
08-20 01:17:37.573  2162  2199 I .gms.persisten: Background concurrent copying GC freed 33146(1488KB) AllocSpace objects, 104(5408KB) LOS objects, 37% free, 10157KB/15MB, paused 162us total 165.678ms
08-20 01:17:40.837  2162  2199 I .gms.persisten: Background concurrent copying GC freed 32169(1432KB) AllocSpace objects, 98(5096KB) LOS objects, 37% free, 10182KB/15MB, paused 177us total 162.692ms
08-20 01:17:44.428  2162  2199 I .gms.persisten: Background concurrent copying GC freed 33558(1519KB) AllocSpace objects, 102(5304KB) LOS objects, 37% free, 10181KB/15MB, paused 172us total 165.769ms
08-20 01:17:47.675  2162  2199 I .gms.persisten: Background concurrent copying GC freed 33993(1524KB) AllocSpace objects, 106(5512KB) LOS objects, 37% free, 10073KB/15MB, paused 157us total 159.295ms
08-20 01:17:55.077  2162  2513 D SharedPreferencesImpl: Time required to fsync /data/user/0/com.google.android.gms/shared_prefs/tron_prefs.xml: [<1: 0, <2: 0, <4: 368, <8: 4647, <16: 64, <32: 24, <64: 16, <128: 1, <256: 0, <512: 0, <1024: 0, <2048: 0, <4096: 0, <8192: 0, <16384: 0, >=16384: 0]
08-20 01:18:04.093  2162  2199 I .gms.persisten: Background concurrent copying GC freed 33145(1485KB) AllocSpace objects, 100(5200KB) LOS objects, 37% free, 10065KB/15MB, paused 186us total 153.907ms
08-20 01:18:05.765  2162  2199 I .gms.persisten: Background concurrent copying GC freed 33240(1504KB) AllocSpace objects, 100(5200KB) LOS objects, 37% free, 10062KB/15MB, paused 180us total 156.171ms
08-20 01:18:10.860  2162  2199 I .gms.persisten: Background concurrent copying GC freed 32824(1495KB) AllocSpace objects, 100(5200KB) LOS objects, 37% free, 10031KB/15MB, paused 261us total 153.895ms
08-20 01:18:12.561  2162  2199 I .gms.persisten: Background concurrent copying GC freed 33168(1497KB) AllocSpace objects, 102(5304KB) LOS objects, 37% free, 10036KB/15MB, paused 241us total 153.711ms
08-20 01:18:14.286  2162  2199 I .gms.persisten: Background concurrent copying GC freed 33387(1491KB) AllocSpace objects, 102(5304KB) LOS objects, 37% free, 10031KB/15MB, paused 245us total 153.569ms
08-20 01:18:16.070  2162  2199 I .gms.persisten: Background concurrent copying GC freed 33182(1486KB) AllocSpace objects, 102(5304KB) LOS objects, 37% free, 10031KB/15MB, paused 222us total 153.189ms
08-20 01:18:19.721  2162  2199 I .gms.persisten: Background concurrent copying GC freed 33408(1518KB) AllocSpace objects, 102(5304KB) LOS objects, 37% free, 10049KB/15MB, paused 170us total 156.815ms
08-20 01:18:36.072  2162  2199 I .gms.persisten: Background concurrent copying GC freed 18922(854KB) AllocSpace objects, 122(6344KB) LOS objects, 37% free, 10MB/16MB, paused 158us total 151.896ms
08-20 01:18:39.338  2162  2199 I .gms.persisten: Background concurrent copying GC freed 17941(843KB) AllocSpace objects, 116(6032KB) LOS objects, 37% free, 10MB/16MB, paused 164us total 153.703ms
08-20 01:18:40.404  2162  2199 I .gms.persisten: Background concurrent copying GC freed 18903(853KB) AllocSpace objects, 122(6344KB) LOS objects, 37% free, 10MB/16MB, paused 165us total 153.283ms
08-20 01:18:42.590  2162  2199 I .gms.persisten: Background concurrent copying GC freed 18585(862KB) AllocSpace objects, 122(6344KB) LOS objects, 37% free, 10MB/16MB, paused 245us total 153.261ms
08-20 01:18:45.852  2162  2199 I .gms.persisten: Background concurrent copying GC freed 18695(851KB) AllocSpace objects, 122(6344KB) LOS objects, 37% free, 10MB/16MB, paused 126us total 150.943ms
08-20 01:18:50.237  2162  2199 I .gms.persisten: Background concurrent copying GC freed 18732(848KB) AllocSpace objects, 122(6344KB) LOS objects, 37% free, 10MB/16MB, paused 153us total 151.131ms
08-20 01:18:50.344  2162  2513 D SharedPreferencesImpl: Time required to fsync /data/user/0/com.google.android.gms/shared_prefs/tron_prefs.xml: [<1: 0, <2: 0, <4: 1130, <8: 6937, <16: 72, <32: 29, <64: 22, <128: 2, <256: 0, <512: 0, <1024: 0, <2048: 0, <4096: 0, <8192: 0, <16384: 0, >=16384: 0]
08-20 01:18:56.907  2162  2199 I .gms.persisten: Background concurrent copying GC freed 18973(871KB) AllocSpace objects, 122(6344KB) LOS objects, 37% free, 10MB/16MB, paused 166us total 160.083ms
08-20 01:18:58.037  2162  2199 I .gms.persisten: Background concurrent copying GC freed 18622(847KB) AllocSpace objects, 122(6344KB) LOS objects, 37% free, 10MB/16MB, paused 177us total 154.731ms
08-20 01:19:00.261  2162  2199 I .gms.persisten: Background concurrent copying GC freed 18558(864KB) AllocSpace objects, 120(6240KB) LOS objects, 37% free, 10MB/16MB, paused 141us total 154.603ms
08-20 01:19:05.848  2162  2199 I .gms.persisten: Background concurrent copying GC freed 18504(846KB) AllocSpace objects, 120(6240KB) LOS objects, 37% free, 10MB/16MB, paused 176us total 149.767ms
08-20 01:19:11.465  2162  2199 I .gms.persisten: Background concurrent copying GC freed 18781(854KB) AllocSpace objects, 120(6240KB) LOS objects, 37% free, 10MB/16MB, paused 173us total 149.816ms
08-20 01:19:17.111  2162  2199 I .gms.persisten: Background concurrent copying GC freed 18670(852KB) AllocSpace objects, 120(6240KB) LOS objects, 37% free, 10MB/16MB, paused 158us total 151.612ms
08-20 01:19:18.270  2162  2199 I .gms.persisten: Background concurrent copying GC freed 18579(845KB) AllocSpace objects, 120(6240KB) LOS objects, 37% free, 10MB/16MB, paused 156us total 152.066ms
08-20 01:19:19.422  2162  2199 I .gms.persisten: Background concurrent copying GC freed 18947(869KB) AllocSpace objects, 122(6344KB) LOS objects, 37% free, 10MB/16MB, paused 298us total 156.309ms
08-20 01:19:27.890  2162  2199 I .gms.persisten: Background concurrent copying GC freed 18166(845KB) AllocSpace objects, 120(6240KB) LOS objects, 37% free, 10MB/16MB, paused 159us total 151.018ms
08-20 01:19:30.323  2162  2199 I .gms.persisten: Background concurrent copying GC freed 18174(845KB) AllocSpace objects, 120(6240KB) LOS objects, 37% free, 10MB/16MB, paused 143us total 152.606ms
08-20 01:19:31.552  2162  2199 I .gms.persisten: Background concurrent copying GC freed 18282(846KB) AllocSpace objects, 120(6240KB) LOS objects, 37% free, 10MB/16MB, paused 123us total 154.207ms
08-20 01:19:32.786  2162  2199 I .gms.persisten: Background concurrent copying GC freed 18431(827KB) AllocSpace objects, 120(6240KB) LOS objects, 37% free, 10MB/16MB, paused 161us total 149.568ms
08-20 01:19:34.001  2162  2199 I .gms.persisten: Background concurrent copying GC freed 18748(842KB) AllocSpace objects, 120(6240KB) LOS objects, 37% free, 10MB/16MB, paused 253us total 153.288ms
08-20 01:19:41.396  2162  2199 I .gms.persisten: Background concurrent copying GC freed 18469(834KB) AllocSpace objects, 120(6240KB) LOS objects, 37% free, 10MB/16MB, paused 133us total 151.936ms
08-20 01:19:43.847  2162  2199 I .gms.persisten: Background concurrent copying GC freed 18205(841KB) AllocSpace objects, 120(6240KB) LOS objects, 37% free, 10MB/16MB, paused 132us total 148.948ms
08-20 01:19:50.096  2162  2199 I .gms.persisten: Background concurrent copying GC freed 18449(849KB) AllocSpace objects, 120(6240KB) LOS objects, 37% free, 10MB/16MB, paused 111us total 156.112ms
08-20 01:19:51.342  2162  2199 I .gms.persisten: Background concurrent copying GC freed 18683(842KB) AllocSpace objects, 120(6240KB) LOS objects, 37% free, 10MB/16MB, paused 130us total 154.669ms
08-20 01:19:52.582  2162  2199 I .gms.persisten: Background concurrent copying GC freed 18308(830KB) AllocSpace objects, 120(6240KB) LOS objects, 37% free, 10MB/16MB, paused 145us total 156.071ms
08-20 01:19:53.811  2162  2199 I .gms.persisten: Background concurrent copying GC freed 18038(840KB) AllocSpace objects, 120(6240KB) LOS objects, 37% free, 10192KB/15MB, paused 162us total 149.781ms
08-20 01:19:55.084  2162  8063 D SharedPreferencesImpl: Time required to fsync /data/user/0/com.google.android.gms/shared_prefs/LogDropPref.xml: [<1: 0, <2: 0, <4: 1924, <8: 2123, <16: 29, <32: 7, <64: 10, <128: 3, <256: 0, <512: 0, <1024: 0, <2048: 0, <4096: 0, <8192: 0, <16384: 0, >=16384: 0]
08-20 01:19:57.567  2162  2199 I .gms.persisten: Background concurrent copying GC freed 18241(830KB) AllocSpace objects, 120(6240KB) LOS objects, 37% free, 10MB/16MB, paused 149us total 155.331ms
08-20 01:20:03.960  2162  2199 I .gms.persisten: Background concurrent copying GC freed 18570(854KB) AllocSpace objects, 120(6240KB) LOS objects, 37% free, 10194KB/15MB, paused 151us total 151.667ms
08-20 01:20:06.575  2162  2199 I .gms.persisten: Background concurrent copying GC freed 18358(834KB) AllocSpace objects, 120(6240KB) LOS objects, 37% free, 10188KB/15MB, paused 146us total 154.186ms
08-20 01:20:10.530  2162  2199 I .gms.persisten: Background concurrent copying GC freed 18133(843KB) AllocSpace objects, 118(6136KB) LOS objects, 37% free, 10MB/16MB, paused 158us total 149.983ms
08-20 01:20:11.819  2162  2199 I .gms.persisten: Background concurrent copying GC freed 18134(843KB) AllocSpace objects, 120(6240KB) LOS objects, 37% free, 10191KB/15MB, paused 158us total 149.972ms
08-20 01:20:15.812  2162  2199 I .gms.persisten: Background concurrent copying GC freed 18975(917KB) AllocSpace objects, 114(5928KB) LOS objects, 37% free, 10MB/16MB, paused 170us total 150.294ms
08-20 01:20:18.305  2162  8066 D SharedPreferencesImpl: Time required to fsync /data/user/0/com.google.android.gms/shared_prefs/LogDropPref.xml: [<1: 0, <2: 0, <4: 2452, <8: 2604, <16: 41, <32: 8, <64: 12, <128: 3, <256: 0, <512: 0, <1024: 0, <2048: 0, <4096: 0, <8192: 0, <16384: 0, >=16384: 0]
08-20 01:20:18.449  2162  2199 I .gms.persisten: Background concurrent copying GC freed 17928(840KB) AllocSpace objects, 118(6136KB) LOS objects, 37% free, 10206KB/15MB, paused 124us total 148.457ms
08-20 01:20:21.115  2162  2199 I .gms.persisten: Background concurrent copying GC freed 18399(846KB) AllocSpace objects, 122(6344KB) LOS objects, 37% free, 10211KB/15MB, paused 124us total 150.611ms
08-20 01:20:23.760  2162  2199 I .gms.persisten: Background concurrent copying GC freed 17958(840KB) AllocSpace objects, 118(6136KB) LOS objects, 37% free, 10MB/16MB, paused 171us total 153.908ms
08-20 01:20:33.113  2162  2199 I .gms.persisten: Background concurrent copying GC freed 17569(821KB) AllocSpace objects, 116(6032KB) LOS objects, 37% free, 10MB/16MB, paused 180us total 149.687ms
08-20 01:20:34.487  2162  2199 I .gms.persisten: Background concurrent copying GC freed 18243(835KB) AllocSpace objects, 118(6136KB) LOS objects, 37% free, 10210KB/15MB, paused 141us total 150.410ms
08-20 01:20:35.843  2162  2199 I .gms.persisten: Background concurrent copying GC freed 18253(835KB) AllocSpace objects, 118(6136KB) LOS objects, 37% free, 10206KB/15MB, paused 157us total 153.062ms
08-20 01:20:37.194  2162  2199 I .gms.persisten: Background concurrent copying GC freed 17868(838KB) AllocSpace objects, 116(6032KB) LOS objects, 37% free, 10MB/16MB, paused 132us total 150.211ms
08-20 01:20:42.423  2162  8066 D SharedPreferencesImpl: Time required to fsync /data/user/0/com.google.android.gms/shared_prefs/LogDropPref.xml: [<1: 0, <2: 0, <4: 3035, <8: 3039, <16: 44, <32: 8, <64: 15, <128: 3, <256: 0, <512: 0, <1024: 0, <2048: 0, <4096: 0, <8192: 0, <16384: 0, >=16384: 0]
08-20 01:20:42.658  2162  2199 I .gms.persisten: Background concurrent copying GC freed 18096(843KB) AllocSpace objects, 118(6136KB) LOS objects, 37% free, 10210KB/15MB, paused 134us total 154.629ms
08-20 01:20:44.012  2162  2199 I .gms.persisten: Background concurrent copying GC freed 18307(835KB) AllocSpace objects, 116(6032KB) LOS objects, 37% free, 10217KB/15MB, paused 354us total 149.662ms
08-20 01:20:45.358  2162  2199 I .gms.persisten: Background concurrent copying GC freed 17626(821KB) AllocSpace objects, 118(6136KB) LOS objects, 37% free, 10MB/16MB, paused 152us total 152.737ms
08-20 01:20:49.434  2162  2199 I .gms.persisten: Background concurrent copying GC freed 17996(849KB) AllocSpace objects, 114(5928KB) LOS objects, 37% free, 10MB/16MB, paused 149us total 150.085ms
08-20 01:20:54.903  2162  2199 I .gms.persisten: Background concurrent copying GC freed 17631(822KB) AllocSpace objects, 114(5928KB) LOS objects, 37% free, 10MB/16MB, paused 133us total 150.097ms
08-20 01:20:56.295  2162  2199 I .gms.persisten: Background concurrent copying GC freed 18094(845KB) AllocSpace objects, 120(6240KB) LOS objects, 37% free, 10207KB/15MB, paused 140us total 151.132ms
08-20 01:21:04.576  2162  2199 I .gms.persisten: Background concurrent copying GC freed 17955(846KB) AllocSpace objects, 112(5824KB) LOS objects, 37% free, 10MB/16MB, paused 283us total 149.961ms
08-20 01:21:05.940  2162  2199 I .gms.persisten: Background concurrent copying GC freed 17670(823KB) AllocSpace objects, 120(6240KB) LOS objects, 37% free, 10206KB/15MB, paused 141us total 154.484ms
08-20 01:21:07.184  2162  8063 D SharedPreferencesImpl: Time required to fsync /data/user/0/com.google.android.gms/shared_prefs/LogDropPref.xml: [<1: 0, <2: 0, <4: 3505, <8: 3588, <16: 44, <32: 8, <64: 20, <128: 3, <256: 0, <512: 0, <1024: 0, <2048: 0, <4096: 0, <8192: 0, <16384: 0, >=16384: 0]
08-20 01:21:07.353  2162  2199 I .gms.persisten: Background concurrent copying GC freed 18062(845KB) AllocSpace objects, 114(5928KB) LOS objects, 37% free, 10MB/16MB, paused 167us total 150.209ms
08-20 01:21:11.471  2162  2199 I .gms.persisten: Background concurrent copying GC freed 17911(828KB) AllocSpace objects, 118(6136KB) LOS objects, 37% free, 10206KB/15MB, paused 136us total 148.303ms
08-20 01:21:22.739  2162  2199 I .gms.persisten: Background concurrent copying GC freed 18096(826KB) AllocSpace objects, 118(6136KB) LOS objects, 37% free, 10109KB/15MB, paused 164us total 150.370ms
08-20 01:21:32.854  2162  8066 D SharedPreferencesImpl: Time required to fsync /data/user/0/com.google.android.gms/shared_prefs/LogDropPref.xml: [<1: 0, <2: 0, <4: 4064, <8: 4046, <16: 49, <32: 9, <64: 21, <128: 3, <256: 0, <512: 0, <1024: 0, <2048: 0, <4096: 0, <8192: 0, <16384: 0, >=16384: 0]
08-20 01:21:42.689  2162  2199 I .gms.persisten: Background concurrent copying GC freed 23038(1029KB) AllocSpace objects, 140(7280KB) LOS objects, 36% free, 10MB/16MB, paused 103us total 149.313ms
08-20 01:21:43.642  2162  2199 I .gms.persisten: Background concurrent copying GC freed 19601(904KB) AllocSpace objects, 136(7072KB) LOS objects, 36% free, 10MB/16MB, paused 126us total 208.670ms
08-20 01:21:48.527  2162  2513 D SharedPreferencesImpl: Time required to fsync /data/user/0/com.google.android.gms/shared_prefs/tron_prefs.xml: [<1: 0, <2: 0, <4: 2225, <8: 13894, <16: 151, <32: 58, <64: 49, <128: 7, <256: 0, <512: 0, <1024: 0, <2048: 0, <4096: 0, <8192: 0, <16384: 0, >=16384: 0]
08-20 01:21:50.008  2162  2199 I .gms.persisten: Background concurrent copying GC freed 21349(988KB) AllocSpace objects, 140(7280KB) LOS objects, 37% free, 10MB/16MB, paused 131us total 130.659ms
08-20 01:21:50.602  1417  1493 D _V_VivoPowerManagerService: No.1: PARTIAL_WAKE_LOCK 'wake:CollectionChimeraSvc'activated(flags=1, uid=10168, pid=2162) during_total=11ms)
08-20 01:22:02.120  2162  2513 D SharedPreferencesImpl: Time required to fsync /data/user/0/com.google.android.gms/shared_prefs/tron_prefs.xml: [<1: 0, <2: 0, <4: 2648, <8: 14470, <16: 166, <32: 62, <64: 55, <128: 7, <256: 0, <512: 0, <1024: 0, <2048: 0, <4096: 0, <8192: 0, <16384: 0, >=16384: 0]
08-20 01:22:03.560  2162  2199 I .gms.persisten: Background concurrent copying GC freed 19256(892KB) AllocSpace objects, 126(6552KB) LOS objects, 36% free, 10MB/16MB, paused 124us total 151.538ms
08-20 01:22:18.351  2162  2199 I .gms.persisten: Background concurrent copying GC freed 26676(1136KB) AllocSpace objects, 130(6760KB) LOS objects, 36% free, 10MB/16MB, paused 145us total 157.807ms
08-20 01:22:23.515  2162  2199 I .gms.persisten: Background concurrent copying GC freed 24643(1033KB) AllocSpace objects, 118(6136KB) LOS objects, 36% free, 10MB/16MB, paused 169us total 155.517ms
08-20 01:22:25.185  2162  2199 I .gms.persisten: Background concurrent copying GC freed 26913(1152KB) AllocSpace objects, 128(6656KB) LOS objects, 36% free, 10MB/16MB, paused 208us total 155.903ms
08-20 01:22:30.191  2162  2199 I .gms.persisten: Background concurrent copying GC freed 26367(1121KB) AllocSpace objects, 124(6448KB) LOS objects, 36% free, 10MB/16MB, paused 133us total 154.817ms
08-20 01:22:35.395  2162  2199 I .gms.persisten: Background concurrent copying GC freed 26483(1118KB) AllocSpace objects, 130(6760KB) LOS objects, 36% free, 10MB/16MB, paused 132us total 157.447ms
08-20 01:22:40.768  2162  2199 I .gms.persisten: Background concurrent copying GC freed 26924(1142KB) AllocSpace objects, 126(6552KB) LOS objects, 36% free, 10MB/16MB, paused 144us total 153.147ms
08-20 01:22:45.349  2162  2513 D SharedPreferencesImpl: Time required to fsync /data/user/0/com.google.android.gms/shared_prefs/tron_prefs.xml: [<1: 0, <2: 0, <4: 3921, <8: 16232, <16: 182, <32: 66, <64: 71, <128: 7, <256: 1, <512: 0, <1024: 0, <2048: 0, <4096: 0, <8192: 0, <16384: 0, >=16384: 0]
08-20 01:22:46.114  2162  2199 I .gms.persisten: Background concurrent copying GC freed 25910(1080KB) AllocSpace objects, 124(6448KB) LOS objects, 36% free, 10MB/16MB, paused 159us total 157.188ms
08-20 01:22:47.018  2162  2199 I .gms.persisten: Background concurrent copying GC freed 24925(1061KB) AllocSpace objects, 122(6344KB) LOS objects, 36% free, 10MB/16MB, paused 169us total 151.961ms
08-20 01:22:47.902  2162  2199 I .gms.persisten: Background concurrent copying GC freed 26554(1116KB) AllocSpace objects, 126(6552KB) LOS objects, 36% free, 10MB/16MB, paused 237us total 156.124ms
08-20 01:22:49.782  2162  2199 I .gms.persisten: Background concurrent copying GC freed 25823(1096KB) AllocSpace objects, 122(6344KB) LOS objects, 36% free, 10MB/16MB, paused 152us total 154.708ms
08-20 01:22:58.284  2162  2199 I .gms.persisten: Background concurrent copying GC freed 25267(1070KB) AllocSpace objects, 122(6344KB) LOS objects, 36% free, 10MB/16MB, paused 164us total 151.243ms
08-20 01:23:01.169  2162  2199 I .gms.persisten: Background concurrent copying GC freed 25403(1063KB) AllocSpace objects, 124(6448KB) LOS objects, 36% free, 10MB/16MB, paused 121us total 153.466ms
08-20 01:23:02.135  2162  2199 I .gms.persisten: Background concurrent copying GC freed 25187(1093KB) AllocSpace objects, 122(6344KB) LOS objects, 36% free, 10MB/16MB, paused 127us total 155.780ms
08-20 01:23:03.109  2162  2199 I .gms.persisten: Background concurrent copying GC freed 25527(1081KB) AllocSpace objects, 122(6344KB) LOS objects, 36% free, 10MB/16MB, paused 297us total 155.726ms
08-20 01:23:16.070  2162  2199 I .gms.persisten: Background concurrent copying GC freed 24581(1036KB) AllocSpace objects, 118(6136KB) LOS objects, 36% free, 10MB/16MB, paused 143us total 151.452ms
08-20 01:23:21.173  2162  2199 I .gms.persisten: Background concurrent copying GC freed 25263(1068KB) AllocSpace objects, 120(6240KB) LOS objects, 36% free, 10MB/16MB, paused 132us total 154.742ms
08-20 01:23:23.219  2162  2199 I .gms.persisten: Background concurrent copying GC freed 24322(1038KB) AllocSpace objects, 118(6136KB) LOS objects, 36% free, 10MB/16MB, paused 165us total 150.551ms
08-20 01:23:26.308  2162  2199 I .gms.persisten: Background concurrent copying GC freed 24258(1046KB) AllocSpace objects, 118(6136KB) LOS objects, 36% free, 10MB/16MB, paused 141us total 150.864ms
08-20 01:23:28.387  2162  2199 I .gms.persisten: Background concurrent copying GC freed 24903(1062KB) AllocSpace objects, 118(6136KB) LOS objects, 36% free, 10MB/16MB, paused 162us total 149.082ms
08-20 01:23:36.847  2162  2199 I .gms.persisten: Background concurrent copying GC freed 24873(1056KB) AllocSpace objects, 116(6032KB) LOS objects, 36% free, 10MB/16MB, paused 132us total 159.418ms
08-20 01:23:41.151  2162  2199 I .gms.persisten: Background concurrent copying GC freed 24363(1033KB) AllocSpace objects, 118(6136KB) LOS objects, 36% free, 10MB/16MB, paused 146us total 153.359ms
08-20 01:23:44.428  2162  2199 I .gms.persisten: Background concurrent copying GC freed 24949(1058KB) AllocSpace objects, 118(6136KB) LOS objects, 36% free, 10MB/16MB, paused 304us total 156.257ms
08-20 01:23:46.578  2162  2199 I .gms.persisten: Background concurrent copying GC freed 24543(1056KB) AllocSpace objects, 116(6032KB) LOS objects, 36% free, 10MB/16MB, paused 137us total 150.515ms
08-20 01:23:53.273  2162  2199 I .gms.persisten: Background concurrent copying GC freed 24842(1050KB) AllocSpace objects, 118(6136KB) LOS objects, 36% free, 10MB/16MB, paused 163us total 156.057ms
08-20 01:23:56.639  2162  2199 I .gms.persisten: Background concurrent copying GC freed 24568(1063KB) AllocSpace objects, 116(6032KB) LOS objects, 36% free, 10MB/16MB, paused 288us total 152.428ms
08-20 01:23:57.759  2162  2199 I .gms.persisten: Background concurrent copying GC freed 24599(1050KB) AllocSpace objects, 118(6136KB) LOS objects, 36% free, 10MB/16MB, paused 131us total 151.864ms
08-20 01:23:58.948  2162  2199 I .gms.persisten: Background concurrent copying GC freed 24592(1055KB) AllocSpace objects, 118(6136KB) LOS objects, 37% free, 10MB/16MB, paused 246us total 155.272ms
08-20 01:24:00.541  2162  2750 D SharedPreferencesImpl: Time required to fsync /data/user/0/com.google.android.gms/shared_prefs/LogDropPref.xml: [<1: 0, <2: 0, <4: 6662, <8: 10527, <16: 133, <32: 32, <64: 50, <128: 4, <256: 0, <512: 0, <1024: 0, <2048: 0, <4096: 0, <8192: 0, <16384: 0, >=16384: 0]
08-20 01:24:02.399  2162  2199 I .gms.persisten: Background concurrent copying GC freed 24317(1044KB) AllocSpace objects, 116(6032KB) LOS objects, 37% free, 10MB/16MB, paused 367us total 150.016ms
08-20 01:24:03.533  2162  2199 I .gms.persisten: Background concurrent copying GC freed 24516(1046KB) AllocSpace objects, 116(6032KB) LOS objects, 37% free, 10MB/16MB, paused 261us total 154.425ms
08-20 01:24:06.972  2162  2199 I .gms.persisten: Background concurrent copying GC freed 24483(1045KB) AllocSpace objects, 116(6032KB) LOS objects, 37% free, 10MB/16MB, paused 147us total 150.311ms
08-20 01:24:09.304  2162  2199 I .gms.persisten: Background concurrent copying GC freed 24948(1051KB) AllocSpace objects, 116(6032KB) LOS objects, 36% free, 10MB/16MB, paused 216us total 158.698ms
08-20 01:24:10.427  2162  2199 I .gms.persisten: Background concurrent copying GC freed 24489(1032KB) AllocSpace objects, 118(6136KB) LOS objects, 37% free, 10MB/16MB, paused 122us total 149.742ms
08-20 01:24:11.575  2162  2199 I .gms.persisten: Background concurrent copying GC freed 24029(1035KB) AllocSpace objects, 116(6032KB) LOS objects, 37% free, 10MB/16MB, paused 217us total 148.534ms
08-20 01:24:12.738  2162  2199 I .gms.persisten: Background concurrent copying GC freed 24267(1023KB) AllocSpace objects, 116(6032KB) LOS objects, 37% free, 10MB/16MB, paused 213us total 152.632ms
08-20 01:24:16.191  2162  2199 I .gms.persisten: Background concurrent copying GC freed 24130(1033KB) AllocSpace objects, 116(6032KB) LOS objects, 37% free, 10MB/16MB, paused 246us total 150.999ms
08-20 01:24:23.350  2162  2199 I .gms.persisten: Background concurrent copying GC freed 24149(1036KB) AllocSpace objects, 116(6032KB) LOS objects, 37% free, 10032KB/15MB, paused 130us total 151.358ms
08-20 01:24:29.368  2162  2199 I .gms.persisten: Background concurrent copying GC freed 24413(1045KB) AllocSpace objects, 118(6136KB) LOS objects, 37% free, 10MB/16MB, paused 120us total 151.131ms
08-20 01:24:30.559  2162  2199 I .gms.persisten: Background concurrent copying GC freed 24133(1023KB) AllocSpace objects, 116(6032KB) LOS objects, 37% free, 10MB/16MB, paused 123us total 149.636ms
08-20 01:24:32.968  2162  2199 I .gms.persisten: Background concurrent copying GC freed 24415(1043KB) AllocSpace objects, 116(6032KB) LOS objects, 36% free, 10MB/16MB, paused 138us total 154.233ms
08-20 01:24:36.621  2162  2199 I .gms.persisten: Background concurrent copying GC freed 24668(1063KB) AllocSpace objects, 118(6136KB) LOS objects, 37% free, 10MB/16MB, paused 150us total 156.448ms
08-20 01:24:40.246  2162  2199 I .gms.persisten: Background concurrent copying GC freed 24394(1031KB) AllocSpace objects, 116(6032KB) LOS objects, 37% free, 10MB/16MB, paused 172us total 152.523ms
08-20 01:24:41.468  2162  2199 I .gms.persisten: Background concurrent copying GC freed 24452(1039KB) AllocSpace objects, 116(6032KB) LOS objects, 37% free, 10MB/16MB, paused 230us total 160.199ms
08-20 01:24:42.689  2162  2199 I .gms.persisten: Background concurrent copying GC freed 24553(1043KB) AllocSpace objects, 116(6032KB) LOS objects, 37% free, 10MB/16MB, paused 258us total 152.349ms
08-20 01:24:43.953  2162  2750 D SharedPreferencesImpl: Time required to fsync /data/user/0/com.google.android.gms/shared_prefs/LogDropPref.xml: [<1: 0, <2: 0, <4: 7667, <8: 11557, <16: 139, <32: 33, <64: 56, <128: 4, <256: 0, <512: 0, <1024: 0, <2048: 0, <4096: 0, <8192: 0, <16384: 0, >=16384: 0]
08-20 01:24:46.330  2162  2199 I .gms.persisten: Background concurrent copying GC freed 24140(1027KB) AllocSpace objects, 116(6032KB) LOS objects, 36% free, 10MB/16MB, paused 129us total 150.951ms
08-20 01:24:47.538  2162  2199 I .gms.persisten: Background concurrent copying GC freed 24247(1025KB) AllocSpace objects, 116(6032KB) LOS objects, 36% free, 10MB/16MB, paused 136us total 154.311ms
08-20 01:24:52.484  2162  2199 I .gms.persisten: Background concurrent copying GC freed 24422(1059KB) AllocSpace objects, 116(6032KB) LOS objects, 37% free, 10MB/16MB, paused 260us total 157.965ms
08-20 01:24:56.201  2162  2199 I .gms.persisten: Background concurrent copying GC freed 24304(1031KB) AllocSpace objects, 114(5928KB) LOS objects, 37% free, 10MB/16MB, paused 182us total 150.850ms
08-20 01:24:57.452  2162  2199 I .gms.persisten: Background concurrent copying GC freed 24211(1056KB) AllocSpace objects, 116(6032KB) LOS objects, 37% free, 10MB/16MB, paused 126us total 154.976ms
08-20 01:24:58.713  2162  2199 I .gms.persisten: Background concurrent copying GC freed 24692(1047KB) AllocSpace objects, 116(6032KB) LOS objects, 37% free, 10MB/16MB, paused 247us total 151.610ms
08-20 01:25:03.901  2162  2199 I .gms.persisten: Background concurrent copying GC freed 24250(1025KB) AllocSpace objects, 114(5928KB) LOS objects, 37% free, 10MB/16MB, paused 127us total 154.851ms
08-20 01:25:05.241  2162  2199 I .gms.persisten: Background concurrent copying GC freed 24121(1026KB) AllocSpace objects, 116(6032KB) LOS objects, 37% free, 10MB/16MB, paused 166us total 148.690ms
08-20 01:25:06.509  2162  2199 I .gms.persisten: Background concurrent copying GC freed 24267(1042KB) AllocSpace objects, 116(6032KB) LOS objects, 37% free, 10MB/16MB, paused 144us total 152.448ms
08-20 01:25:07.046  2162 20691 D SharedPreferencesImpl: Time required to fsync /data/user/0/com.google.android.gms/shared_prefs/LogDropPref.xml: [<1: 0, <2: 0, <4: 8163, <8: 12074, <16: 146, <32: 35, <64: 58, <128: 4, <256: 0, <512: 0, <1024: 0, <2048: 0, <4096: 0, <8192: 0, <16384: 0, >=16384: 0]
08-20 01:25:11.781  2162  2199 I .gms.persisten: Background concurrent copying GC freed 23951(1023KB) AllocSpace objects, 114(5928KB) LOS objects, 37% free, 10MB/16MB, paused 113us total 146.961ms
08-20 01:25:14.418  2162  2199 I .gms.persisten: Background concurrent copying GC freed 24051(1038KB) AllocSpace objects, 114(5928KB) LOS objects, 37% free, 10MB/16MB, paused 248us total 147.410ms
08-20 01:25:15.721  2162  2199 I .gms.persisten: Background concurrent copying GC freed 23845(1024KB) AllocSpace objects, 114(5928KB) LOS objects, 37% free, 10MB/16MB, paused 138us total 152.307ms
08-20 01:25:18.335  2162  2199 I .gms.persisten: Background concurrent copying GC freed 23807(1005KB) AllocSpace objects, 112(5824KB) LOS objects, 37% free, 10MB/16MB, paused 106us total 148.782ms
08-20 01:25:20.983  2162  2199 I .gms.persisten: Background concurrent copying GC freed 24071(1037KB) AllocSpace objects, 114(5928KB) LOS objects, 37% free, 10MB/16MB, paused 138us total 155.505ms
08-20 01:25:23.636  2162  2199 I .gms.persisten: Background concurrent copying GC freed 23736(1019KB) AllocSpace objects, 114(5928KB) LOS objects, 37% free, 10MB/16MB, paused 134us total 147.293ms
08-20 01:25:24.937  2162  2199 I .gms.persisten: Background concurrent copying GC freed 23961(1013KB) AllocSpace objects, 114(5928KB) LOS objects, 37% free, 10MB/16MB, paused 235us total 152.853ms
08-20 01:25:28.907  2162  2199 I .gms.persisten: Background concurrent copying GC freed 23900(1011KB) AllocSpace objects, 112(5824KB) LOS objects, 36% free, 10MB/16MB, paused 172us total 149.549ms
08-20 01:25:30.252  2162  2199 I .gms.persisten: Background concurrent copying GC freed 24019(1022KB) AllocSpace objects, 116(6032KB) LOS objects, 37% free, 10MB/16MB, paused 164us total 151.238ms
08-20 01:25:31.515  2162  8063 D SharedPreferencesImpl: Time required to fsync /data/user/0/com.google.android.gms/shared_prefs/LogDropPref.xml: [<1: 0, <2: 0, <4: 8698, <8: 12551, <16: 155, <32: 37, <64: 59, <128: 4, <256: 0, <512: 0, <1024: 0, <2048: 0, <4096: 0, <8192: 0, <16384: 0, >=16384: 0]
08-20 01:25:31.561  2162  2199 I .gms.persisten: Background concurrent copying GC freed 23905(1009KB) AllocSpace objects, 114(5928KB) LOS objects, 37% free, 10MB/16MB, paused 120us total 148.202ms
08-20 01:25:32.902  2162  2199 I .gms.persisten: Background concurrent copying GC freed 23812(1005KB) AllocSpace objects, 114(5928KB) LOS objects, 37% free, 10MB/16MB, paused 186us total 148.744ms
08-20 01:25:34.211  2162  2199 I .gms.persisten: Background concurrent copying GC freed 23497(1021KB) AllocSpace objects, 112(5824KB) LOS objects, 37% free, 10MB/16MB, paused 276us total 152.822ms
08-20 01:25:35.548  2162  2199 I .gms.persisten: Background concurrent copying GC freed 23370(1000KB) AllocSpace objects, 114(5928KB) LOS objects, 37% free, 10228KB/15MB, paused 283us total 156.237ms
08-20 01:25:36.852  2162  2199 I .gms.persisten: Background concurrent copying GC freed 23783(1005KB) AllocSpace objects, 114(5928KB) LOS objects, 37% free, 10MB/16MB, paused 211us total 148.578ms
08-20 01:25:38.183  2162  2199 I .gms.persisten: Background concurrent copying GC freed 23852(1010KB) AllocSpace objects, 114(5928KB) LOS objects, 37% free, 10MB/16MB, paused 142us total 149.175ms
08-20 01:25:40.874  2162  2199 I .gms.persisten: Background concurrent copying GC freed 23855(1010KB) AllocSpace objects, 114(5928KB) LOS objects, 37% free, 10MB/16MB, paused 136us total 150.628ms
08-20 01:25:42.191  2162  2199 I .gms.persisten: Background concurrent copying GC freed 23762(1038KB) AllocSpace objects, 114(5928KB) LOS objects, 37% free, 10MB/16MB, paused 151us total 148.517ms
08-20 01:25:43.522  2162  2199 I .gms.persisten: Background concurrent copying GC freed 23579(1009KB) AllocSpace objects, 112(5824KB) LOS objects, 37% free, 10MB/16MB, paused 229us total 147.093ms
08-20 01:25:51.579  2162  2199 I .gms.persisten: Background concurrent copying GC freed 23708(1003KB) AllocSpace objects, 114(5928KB) LOS objects, 37% free, 10MB/16MB, paused 121us total 153.419ms
08-20 01:25:54.275  2162  2199 I .gms.persisten: Background concurrent copying GC freed 24084(1012KB) AllocSpace objects, 116(6032KB) LOS objects, 37% free, 10MB/16MB, paused 122us total 149.098ms
08-20 01:25:56.407  2162 20691 D SharedPreferencesImpl: Time required to fsync /data/user/0/com.google.android.gms/shared_prefs/LogDropPref.xml: [<1: 0, <2: 0, <4: 9170, <8: 13090, <16: 164, <32: 37, <64: 63, <128: 4, <256: 0, <512: 0, <1024: 0, <2048: 0, <4096: 0, <8192: 0, <16384: 0, >=16384: 0]
08-20 01:25:56.941  2162  2199 I .gms.persisten: Background concurrent copying GC freed 23345(995KB) AllocSpace objects, 116(6032KB) LOS objects, 37% free, 10MB/16MB, paused 134us total 155.295ms
08-20 01:26:02.275  2162  2199 I .gms.persisten: Background concurrent copying GC freed 23727(1004KB) AllocSpace objects, 114(5928KB) LOS objects, 37% free, 10MB/16MB, paused 119us total 154.975ms
08-20 01:26:07.658  2162  2199 I .gms.persisten: Background concurrent copying GC freed 23765(1020KB) AllocSpace objects, 114(5928KB) LOS objects, 37% free, 10MB/16MB, paused 137us total 158.424ms
08-20 01:26:09.244  2162  2199 I .gms.persisten: Background concurrent copying GC freed 27357(1176KB) AllocSpace objects, 128(6656KB) LOS objects, 35% free, 10MB/16MB, paused 666us total 154.514ms
08-20 01:26:18.726  2162  2199 I .gms.persisten: Background concurrent copying GC freed 23779(1021KB) AllocSpace objects, 116(6032KB) LOS objects, 37% free, 10MB/16MB, paused 107us total 151.153ms
08-20 01:26:21.454  2162  2199 I .gms.persisten: Background concurrent copying GC freed 23909(1012KB) AllocSpace objects, 114(5928KB) LOS objects, 37% free, 10MB/16MB, paused 137us total 148.361ms
08-20 01:26:21.580  2162  2750 D SharedPreferencesImpl: Time required to fsync /data/user/0/com.google.android.gms/shared_prefs/LogDropPref.xml: [<1: 0, <2: 0, <4: 9673, <8: 13595, <16: 172, <32: 38, <64: 66, <128: 8, <256: 0, <512: 0, <1024: 0, <2048: 0, <4096: 0, <8192: 0, <16384: 0, >=16384: 0]
08-20 01:26:29.692  2162  2199 I .gms.persisten: Background concurrent copying GC freed 23810(1019KB) AllocSpace objects, 114(5928KB) LOS objects, 37% free, 10MB/16MB, paused 182us total 152.357ms
08-20 01:26:46.329  2162  2199 I .gms.persisten: Background concurrent copying GC freed 24076(1029KB) AllocSpace objects, 112(5824KB) LOS objects, 37% free, 10MB/16MB, paused 212us total 148.730ms
08-20 01:26:47.440  2162  8063 D SharedPreferencesImpl: Time required to fsync /data/user/0/com.google.android.gms/shared_prefs/LogDropPref.xml: [<1: 0, <2: 0, <4: 10166, <8: 14111, <16: 185, <32: 39, <64: 67, <128: 8, <256: 0, <512: 0, <1024: 0, <2048: 0, <4096: 0, <8192: 0, <16384: 0, >=16384: 0]
08-20 01:26:54.827  2162  2199 I .gms.persisten: Background concurrent copying GC freed 23523(1021KB) AllocSpace objects, 112(5824KB) LOS objects, 37% free, 10224KB/15MB, paused 397us total 159.507ms
08-20 01:26:57.676  2162  2199 I .gms.persisten: Background concurrent copying GC freed 23956(1013KB) AllocSpace objects, 112(5824KB) LOS objects, 37% free, 10MB/16MB, paused 154us total 147.926ms
08-20 01:27:06.427  2162  2199 I .gms.persisten: Background concurrent copying GC freed 24027(1027KB) AllocSpace objects, 112(5824KB) LOS objects, 37% free, 10MB/16MB, paused 155us total 149.615ms
08-20 01:27:09.357  2162  2199 I .gms.persisten: Background concurrent copying GC freed 23168(991KB) AllocSpace objects, 112(5824KB) LOS objects, 37% free, 10MB/16MB, paused 129us total 150.915ms
08-20 01:27:14.636  2162 20691 D SharedPreferencesImpl: Time required to fsync /data/user/0/com.google.android.gms/shared_prefs/LogDropPref.xml: [<1: 0, <2: 0, <4: 10617, <8: 14668, <16: 198, <32: 39, <64: 70, <128: 8, <256: 0, <512: 0, <1024: 0, <2048: 0, <4096: 0, <8192: 0, <16384: 0, >=16384: 0]
08-20 01:27:19.531  2162  2199 I .gms.persisten: Background concurrent copying GC freed 23326(988KB) AllocSpace objects, 112(5824KB) LOS objects, 37% free, 10223KB/15MB, paused 154us total 149.120ms
08-20 01:27:25.360  2162  2199 I .gms.persisten: Background concurrent copying GC freed 23406(1003KB) AllocSpace objects, 112(5824KB) LOS objects, 37% free, 10MB/16MB, paused 167us total 146.671ms
08-20 01:27:32.792  2162  2199 I .gms.persisten: Background concurrent copying GC freed 23156(1006KB) AllocSpace objects, 110(5720KB) LOS objects, 37% free, 10MB/16MB, paused 207us total 146.909ms
08-20 01:27:35.952  2162  2199 I .gms.persisten: Background concurrent copying GC freed 23527(1007KB) AllocSpace objects, 112(5824KB) LOS objects, 37% free, 10219KB/15MB, paused 175us total 154.216ms
08-20 01:27:37.523  2162  2199 I .gms.persisten: Background concurrent copying GC freed 23144(994KB) AllocSpace objects, 110(5720KB) LOS objects, 37% free, 10MB/16MB, paused 152us total 146.858ms
08-20 01:27:39.109  2162  2199 I .gms.persisten: Background concurrent copying GC freed 23323(998KB) AllocSpace objects, 114(5928KB) LOS objects, 37% free, 10224KB/15MB, paused 173us total 147.823ms
08-20 01:27:39.827  2162  2513 D SharedPreferencesImpl: Time required to fsync /data/user/0/com.google.android.gms/shared_prefs/tron_prefs.xml: [<1: 0, <2: 0, <4: 5738, <8: 27560, <16: 266, <32: 89, <64: 127, <128: 11, <256: 1, <512: 0, <1024: 0, <2048: 0, <4096: 0, <8192: 0, <16384: 0, >=16384: 0]
08-20 01:27:40.682  2162  2199 I .gms.persisten: Background concurrent copying GC freed 23571(991KB) AllocSpace objects, 110(5720KB) LOS objects, 37% free, 10MB/16MB, paused 163us total 147.188ms
08-20 01:27:42.268  2162  2199 I .gms.persisten: Background concurrent copying GC freed 23127(995KB) AllocSpace objects, 112(5824KB) LOS objects, 37% free, 10MB/16MB, paused 130us total 152.925ms
08-20 01:27:43.184  2162  8063 D SharedPreferencesImpl: Time required to fsync /data/user/0/com.google.android.gms/shared_prefs/LogDropPref.xml: [<1: 0, <2: 0, <4: 11090, <8: 15189, <16: 221, <32: 41, <64: 75, <128: 8, <256: 0, <512: 0, <1024: 0, <2048: 0, <4096: 0, <8192: 0, <16384: 0, >=16384: 0]
08-20 01:27:43.861  2162  2199 I .gms.persisten: Background concurrent copying GC freed 23333(997KB) AllocSpace objects, 110(5720KB) LOS objects, 37% free, 10MB/16MB, paused 312us total 153.447ms
08-20 01:27:47.021  2162  2199 I .gms.persisten: Background concurrent copying GC freed 23280(999KB) AllocSpace objects, 112(5824KB) LOS objects, 37% free, 10224KB/15MB, paused 129us total 154.100ms
08-20 01:27:53.385  2162  2199 I .gms.persisten: Background concurrent copying GC freed 23703(1019KB) AllocSpace objects, 112(5824KB) LOS objects, 37% free, 10MB/16MB, paused 289us total 154.569ms
08-20 01:27:54.985  2162  2199 I .gms.persisten: Background concurrent copying GC freed 23429(987KB) AllocSpace objects, 110(5720KB) LOS objects, 37% free, 10MB/16MB, paused 346us total 148.858ms
08-20 01:27:56.577  2162  2199 I .gms.persisten: Background concurrent copying GC freed 23184(998KB) AllocSpace objects, 114(5928KB) LOS objects, 37% free, 10220KB/15MB, paused 143us total 148.779ms
08-20 01:27:59.751  2162  2199 I .gms.persisten: Background concurrent copying GC freed 23251(1008KB) AllocSpace objects, 110(5720KB) LOS objects, 37% free, 10MB/16MB, paused 165us total 146.350ms
08-20 01:28:01.349  2162  2199 I .gms.persisten: Background concurrent copying GC freed 22941(977KB) AllocSpace objects, 110(5720KB) LOS objects, 37% free, 10MB/16MB, paused 163us total 146.838ms
08-20 01:28:02.969  2162  2199 I .gms.persisten: Background concurrent copying GC freed 23328(999KB) AllocSpace objects, 110(5720KB) LOS objects, 37% free, 10MB/16MB, paused 160us total 148.269ms
08-20 01:28:04.565  2162  2199 I .gms.persisten: Background concurrent copying GC freed 23434(988KB) AllocSpace objects, 112(5824KB) LOS objects, 37% free, 10MB/16MB, paused 236us total 152.589ms
08-20 01:28:06.178  2162  2199 I .gms.persisten: Background concurrent copying GC freed 23152(995KB) AllocSpace objects, 112(5824KB) LOS objects, 37% free, 10224KB/15MB, paused 169us total 149.527ms
08-20 01:28:07.786  2162  2199 I .gms.persisten: Background concurrent copying GC freed 23293(998KB) AllocSpace objects, 112(5824KB) LOS objects, 37% free, 10225KB/15MB, paused 150us total 147.509ms
08-20 01:28:09.374  2162  2199 I .gms.persisten: Background concurrent copying GC freed 23457(1020KB) AllocSpace objects, 112(5824KB) LOS objects, 37% free, 10220KB/15MB, paused 130us total 151.479ms
08-20 01:28:10.977  2162  2199 I .gms.persisten: Background concurrent copying GC freed 22977(993KB) AllocSpace objects, 110(5720KB) LOS objects, 37% free, 10MB/16MB, paused 279us total 147.093ms
08-20 01:28:12.575  2162  2199 I .gms.persisten: Background concurrent copying GC freed 23180(1015KB) AllocSpace objects, 110(5720KB) LOS objects, 37% free, 10MB/16MB, paused 167us total 146.969ms
08-20 01:28:13.447  2162  8063 D SharedPreferencesImpl: Time required to fsync /data/user/0/com.google.android.gms/shared_prefs/LogDropPref.xml: [<1: 0, <2: 0, <4: 11556, <8: 15723, <16: 240, <32: 42, <64: 79, <128: 8, <256: 0, <512: 0, <1024: 0, <2048: 0, <4096: 0, <8192: 0, <16384: 0, >=16384: 0]
08-20 01:28:14.189  2162  2199 I .gms.persisten: Background concurrent copying GC freed 23482(1006KB) AllocSpace objects, 110(5720KB) LOS objects, 37% free, 10MB/16MB, paused 180us total 146.942ms
08-20 01:28:15.897  2162  2199 I .gms.persisten: Background concurrent copying GC freed 23212(998KB) AllocSpace objects, 112(5824KB) LOS objects, 37% free, 10221KB/15MB, paused 143us total 153.696ms
08-20 01:28:17.522  2162  2199 I .gms.persisten: Background concurrent copying GC freed 23405(1002KB) AllocSpace objects, 110(5720KB) LOS objects, 37% free, 10MB/16MB, paused 657us total 148.817ms
08-20 01:28:19.132  2162  2199 I .gms.persisten: Background concurrent copying GC freed 23419(989KB) AllocSpace objects, 112(5824KB) LOS objects, 37% free, 10MB/16MB, paused 164us total 147.913ms
08-20 01:28:20.759  2162  2199 I .gms.persisten: Background concurrent copying GC freed 23198(982KB) AllocSpace objects, 112(5824KB) LOS objects, 37% free, 10222KB/15MB, paused 135us total 155.102ms
08-20 01:28:22.372  2162  2199 I .gms.persisten: Background concurrent copying GC freed 23219(986KB) AllocSpace objects, 110(5720KB) LOS objects, 37% free, 10MB/16MB, paused 262us total 148.912ms
08-20 01:28:38.753  2162  2199 I .gms.persisten: Background concurrent copying GC freed 23555(993KB) AllocSpace objects, 112(5824KB) LOS objects, 37% free, 10219KB/15MB, paused 138us total 158.328ms
08-20 01:28:44.699  2162  2750 D SharedPreferencesImpl: Time required to fsync /data/user/0/com.google.android.gms/shared_prefs/LogDropPref.xml: [<1: 0, <2: 0, <4: 11942, <8: 16332, <16: 265, <32: 43, <64: 82, <128: 8, <256: 0, <512: 0, <1024: 0, <2048: 0, <4096: 0, <8192: 0, <16384: 0, >=16384: 0]
08-20 01:28:51.994  2162  2199 I .gms.persisten: Background concurrent copying GC freed 23499(1023KB) AllocSpace objects, 110(5720KB) LOS objects, 37% free, 10MB/16MB, paused 135us total 148.409ms
08-20 01:29:08.734  2162  2199 I .gms.persisten: Background concurrent copying GC freed 22974(997KB) AllocSpace objects, 110(5720KB) LOS objects, 37% free, 10MB/16MB, paused 156us total 149.907ms
08-20 01:29:30.726  2162  2199 I .gms.persisten: Background concurrent copying GC freed 23184(997KB) AllocSpace objects, 110(5720KB) LOS objects, 37% free, 10222KB/15MB, paused 285us total 145.497ms
08-20 01:29:34.125  2162  2199 I .gms.persisten: Background concurrent copying GC freed 23124(982KB) AllocSpace objects, 110(5720KB) LOS objects, 37% free, 10223KB/15MB, paused 138us total 145.144ms
08-20 01:29:44.430  2162  2199 I .gms.persisten: Background concurrent copying GC freed 23210(997KB) AllocSpace objects, 112(5824KB) LOS objects, 37% free, 10119KB/15MB, paused 131us total 146.233ms
08-20 01:29:47.842  2162  2199 I .gms.persisten: Background concurrent copying GC freed 22546(981KB) AllocSpace objects, 106(5512KB) LOS objects, 37% free, 10MB/16MB, paused 134us total 147.236ms
08-20 01:29:49.221  2162 20691 D SharedPreferencesImpl: Time required to fsync /data/user/0/com.google.android.gms/shared_prefs/LogDropPref.xml: [<1: 0, <2: 0, <4: 12763, <8: 17503, <16: 314, <32: 46, <64: 86, <128: 8, <256: 0, <512: 0, <1024: 0, <2048: 0, <4096: 0, <8192: 0, <16384: 0, >=16384: 0]
08-20 01:30:01.654  2162  2199 I .gms.persisten: Background concurrent copying GC freed 23208(988KB) AllocSpace objects, 112(5824KB) LOS objects, 37% free, 10118KB/15MB, paused 154us total 147.127ms
08-20 01:30:05.135  2162  2199 I .gms.persisten: Background concurrent copying GC freed 23409(988KB) AllocSpace objects, 112(5824KB) LOS objects, 37% free, 10114KB/15MB, paused 116us total 151.336ms
08-20 01:30:06.964  2162  2199 I .gms.persisten: Background concurrent copying GC freed 22325(961KB) AllocSpace objects, 106(5512KB) LOS objects, 37% free, 10103KB/15MB, paused 179us total 159.352ms
08-20 01:30:10.480  2162  2199 I .gms.persisten: Background concurrent copying GC freed 23431(1003KB) AllocSpace objects, 112(5824KB) LOS objects, 37% free, 10118KB/15MB, paused 125us total 151.374ms
08-20 01:30:14.016  2162  2199 I .gms.persisten: Background concurrent copying GC freed 23159(980KB) AllocSpace objects, 110(5720KB) LOS objects, 37% free, 10225KB/15MB, paused 123us total 148.613ms
08-20 01:30:21.110  2162  2199 I .gms.persisten: Background concurrent copying GC freed 23427(1004KB) AllocSpace objects, 112(5824KB) LOS objects, 37% free, 10117KB/15MB, paused 234us total 145.637ms
08-20 01:30:22.881  2162  2199 I .gms.persisten: Background concurrent copying GC freed 22964(984KB) AllocSpace objects, 110(5720KB) LOS objects, 37% free, 10120KB/15MB, paused 113us total 147.380ms
08-20 01:30:22.905  2162  8063 D SharedPreferencesImpl: Time required to fsync /data/user/0/com.google.android.gms/shared_prefs/LogDropPref.xml: [<1: 0, <2: 0, <4: 13126, <8: 18140, <16: 335, <32: 49, <64: 86, <128: 8, <256: 0, <512: 0, <1024: 0, <2048: 0, <4096: 0, <8192: 0, <16384: 0, >=16384: 0]
08-20 01:30:33.552  2162  2199 I .gms.persisten: Background concurrent copying GC freed 23070(989KB) AllocSpace objects, 110(5720KB) LOS objects, 37% free, 10115KB/15MB, paused 121us total 144.347ms
08-20 01:30:38.907  2162  2199 I .gms.persisten: Background concurrent copying GC freed 22801(971KB) AllocSpace objects, 110(5720KB) LOS objects, 37% free, 10115KB/15MB, paused 117us total 145.697ms
08-20 01:30:40.736  2162  2199 I .gms.persisten: Background concurrent copying GC freed 23109(987KB) AllocSpace objects, 110(5720KB) LOS objects, 37% free, 10124KB/15MB, paused 121us total 150.359ms
08-20 01:30:46.155  2162  2199 I .gms.persisten: Background concurrent copying GC freed 23192(987KB) AllocSpace objects, 112(5824KB) LOS objects, 37% free, 10120KB/15MB, paused 119us total 162.926ms
08-20 01:30:48.007  2162  2199 I .gms.persisten: Background concurrent copying GC freed 23008(1017KB) AllocSpace objects, 110(5720KB) LOS objects, 37% free, 10121KB/15MB, paused 116us total 147.714ms
08-20 01:30:49.900  2162  2199 I .gms.persisten: Background concurrent copying GC freed 23025(989KB) AllocSpace objects, 110(5720KB) LOS objects, 37% free, 10119KB/15MB, paused 131us total 145.993ms
08-20 01:30:51.724  2162  2199 I .gms.persisten: Background concurrent copying GC freed 22674(966KB) AllocSpace objects, 110(5720KB) LOS objects, 37% free, 10120KB/15MB, paused 112us total 148.728ms
08-20 01:30:53.536  2162  2199 I .gms.persisten: Background concurrent copying GC freed 22765(985KB) AllocSpace objects, 110(5720KB) LOS objects, 37% free, 10119KB/15MB, paused 119us total 145.878ms
08-20 01:30:55.367  2162  2199 I .gms.persisten: Background concurrent copying GC freed 22894(1014KB) AllocSpace objects, 110(5720KB) LOS objects, 37% free, 10123KB/15MB, paused 123us total 147.887ms
08-20 01:30:57.213  2162  2199 I .gms.persisten: Background concurrent copying GC freed 22986(1000KB) AllocSpace objects, 110(5720KB) LOS objects, 37% free, 10125KB/15MB, paused 109us total 150.279ms
08-20 01:30:57.813  2162  2750 D SharedPreferencesImpl: Time required to fsync /data/user/0/com.google.android.gms/shared_prefs/LogDropPref.xml: [<1: 0, <2: 0, <4: 13522, <8: 18735, <16: 362, <32: 50, <64: 90, <128: 9, <256: 0, <512: 0, <1024: 0, <2048: 0, <4096: 0, <8192: 0, <16384: 0, >=16384: 0]
08-20 01:31:00.865  2162  2199 I .gms.persisten: Background concurrent copying GC freed 22728(961KB) AllocSpace objects, 110(5720KB) LOS objects, 37% free, 10111KB/15MB, paused 113us total 153.351ms
08-20 01:31:06.379  2162  2199 I .gms.persisten: Background concurrent copying GC freed 23101(989KB) AllocSpace objects, 110(5720KB) LOS objects, 37% free, 10120KB/15MB, paused 200us total 147.542ms
08-20 01:31:08.232  2162  2199 I .gms.persisten: Background concurrent copying GC freed 22894(982KB) AllocSpace objects, 110(5720KB) LOS objects, 37% free, 10124KB/15MB, paused 132us total 152.437ms
08-20 01:31:11.946  2162  2199 I .gms.persisten: Background concurrent copying GC freed 22751(988KB) AllocSpace objects, 110(5720KB) LOS objects, 37% free, 10121KB/15MB, paused 122us total 148.703ms
08-20 01:31:19.262  2162  2199 I .gms.persisten: Background concurrent copying GC freed 23142(980KB) AllocSpace objects, 110(5720KB) LOS objects, 37% free, 10103KB/15MB, paused 117us total 150.963ms
08-20 01:31:22.958  2162  2199 I .gms.persisten: Background concurrent copying GC freed 22822(983KB) AllocSpace objects, 110(5720KB) LOS objects, 37% free, 10112KB/15MB, paused 111us total 146.494ms
08-20 01:31:24.842  2162  2199 I .gms.persisten: Background concurrent copying GC freed 22767(967KB) AllocSpace objects, 110(5720KB) LOS objects, 37% free, 10112KB/15MB, paused 120us total 148.905ms
08-20 01:31:26.672  2162  2199 I .gms.persisten: Background concurrent copying GC freed 22845(989KB) AllocSpace objects, 110(5720KB) LOS objects, 37% free, 10106KB/15MB, paused 143us total 145.470ms
08-20 01:31:28.556  2162  2199 I .gms.persisten: Background concurrent copying GC freed 22929(983KB) AllocSpace objects, 110(5720KB) LOS objects, 37% free, 10109KB/15MB, paused 118us total 146.286ms
08-20 01:31:30.426  2162  2199 I .gms.persisten: Background concurrent copying GC freed 22525(975KB) AllocSpace objects, 110(5720KB) LOS objects, 37% free, 10115KB/15MB, paused 115us total 149.826ms
08-20 01:31:32.266  2162  2199 I .gms.persisten: Background concurrent copying GC freed 22821(970KB) AllocSpace objects, 110(5720KB) LOS objects, 37% free, 10112KB/15MB, paused 306us total 147.355ms
08-20 01:31:33.496  2162 20691 D SharedPreferencesImpl: Time required to fsync /data/user/0/com.google.android.gms/shared_prefs/LogDropPref.xml: [<1: 0, <2: 0, <4: 13923, <8: 19335, <16: 383, <32: 50, <64: 92, <128: 9, <256: 0, <512: 0, <1024: 0, <2048: 0, <4096: 0, <8192: 0, <16384: 0, >=16384: 0]
08-20 01:31:35.976  2162  2199 I .gms.persisten: Background concurrent copying GC freed 22859(997KB) AllocSpace objects, 110(5720KB) LOS objects, 37% free, 10110KB/15MB, paused 112us total 153.464ms
08-20 01:31:37.826  2162  2199 I .gms.persisten: Background concurrent copying GC freed 22766(995KB) AllocSpace objects, 110(5720KB) LOS objects, 37% free, 10116KB/15MB, paused 149us total 146.003ms
08-20 01:31:39.711  2162  2199 I .gms.persisten: Background concurrent copying GC freed 22860(969KB) AllocSpace objects, 110(5720KB) LOS objects, 37% free, 10114KB/15MB, paused 118us total 148.467ms
08-20 01:31:43.440  2162  2199 I .gms.persisten: Background concurrent copying GC freed 23161(995KB) AllocSpace objects, 110(5720KB) LOS objects, 37% free, 10217KB/15MB, paused 276us total 151.223ms
08-20 01:31:47.168  2162  2199 I .gms.persisten: Background concurrent copying GC freed 23038(1002KB) AllocSpace objects, 110(5720KB) LOS objects, 37% free, 10220KB/15MB, paused 215us total 153.572ms
08-20 01:31:49.017  2162  2199 I .gms.persisten: Background concurrent copying GC freed 23348(996KB) AllocSpace objects, 110(5720KB) LOS objects, 37% free, 10107KB/15MB, paused 119us total 147.182ms
08-20 01:31:50.859  2162  2199 I .gms.persisten: Background concurrent copying GC freed 22769(995KB) AllocSpace objects, 110(5720KB) LOS objects, 37% free, 10113KB/15MB, paused 145us total 147.276ms
08-20 01:31:52.743  2162  2199 I .gms.persisten: Background concurrent copying GC freed 23121(1004KB) AllocSpace objects, 110(5720KB) LOS objects, 37% free, 10112KB/15MB, paused 138us total 147.780ms
08-20 01:31:54.614  2162  2199 I .gms.persisten: Background concurrent copying GC freed 22888(973KB) AllocSpace objects, 110(5720KB) LOS objects, 37% free, 10105KB/15MB, paused 303us total 150.105ms
08-20 01:31:56.467  2162  2199 I .gms.persisten: Background concurrent copying GC freed 22968(984KB) AllocSpace objects, 110(5720KB) LOS objects, 37% free, 10107KB/15MB, paused 119us total 146.289ms
08-20 01:31:58.330  2162  2199 I .gms.persisten: Background concurrent copying GC freed 22558(979KB) AllocSpace objects, 110(5720KB) LOS objects, 37% free, 10110KB/15MB, paused 113us total 149.932ms
08-20 01:32:00.197  2162  2199 I .gms.persisten: Background concurrent copying GC freed 23036(1018KB) AllocSpace objects, 110(5720KB) LOS objects, 37% free, 10111KB/15MB, paused 119us total 146.510ms
08-20 01:32:02.025  2162  2199 I .gms.persisten: Background concurrent copying GC freed 22940(974KB) AllocSpace objects, 110(5720KB) LOS objects, 37% free, 10104KB/15MB, paused 109us total 145.223ms
08-20 01:32:03.886  2162  2199 I .gms.persisten: Background concurrent copying GC freed 22477(961KB) AllocSpace objects, 110(5720KB) LOS objects, 37% free, 10110KB/15MB, paused 110us total 151.049ms
08-20 01:32:05.399  2162  2513 D SharedPreferencesImpl: Time required to fsync /data/user/0/com.google.android.gms/shared_prefs/tron_prefs.xml: [<1: 0, <2: 0, <4: 6705, <8: 34711, <16: 301, <32: 100, <64: 154, <128: 12, <256: 1, <512: 0, <1024: 0, <2048: 0, <4096: 0, <8192: 0, <16384: 0, >=16384: 0]
08-20 01:32:05.752  2162  2199 I .gms.persisten: Background concurrent copying GC freed 22631(980KB) AllocSpace objects, 110(5720KB) LOS objects, 37% free, 10113KB/15MB, paused 112us total 152.341ms
08-20 01:32:07.620  2162  2199 I .gms.persisten: Background concurrent copying GC freed 23048(986KB) AllocSpace objects, 110(5720KB) LOS objects, 37% free, 10112KB/15MB, paused 123us total 146.468ms
08-20 01:32:09.398  2162  2750 D SharedPreferencesImpl: Time required to fsync /data/user/0/com.google.android.gms/shared_prefs/LogDropPref.xml: [<1: 0, <2: 0, <4: 14306, <8: 19952, <16: 404, <32: 52, <64: 93, <128: 9, <256: 0, <512: 0, <1024: 0, <2048: 0, <4096: 0, <8192: 0, <16384: 0, >=16384: 0]
08-20 01:32:11.336  2162  2199 I .gms.persisten: Background concurrent copying GC freed 22861(982KB) AllocSpace objects, 110(5720KB) LOS objects, 37% free, 10108KB/15MB, paused 120us total 146.038ms
08-20 01:32:13.211  2162  2199 I .gms.persisten: Background concurrent copying GC freed 22555(980KB) AllocSpace objects, 110(5720KB) LOS objects, 37% free, 10113KB/15MB, paused 118us total 148.613ms
08-20 01:32:15.086  2162  2199 I .gms.persisten: Background concurrent copying GC freed 22776(966KB) AllocSpace objects, 110(5720KB) LOS objects, 37% free, 10113KB/15MB, paused 123us total 155.657ms
08-20 01:32:16.946  2162  2199 I .gms.persisten: Background concurrent copying GC freed 22970(975KB) AllocSpace objects, 110(5720KB) LOS objects, 37% free, 10104KB/15MB, paused 118us total 145.845ms
08-20 01:32:18.798  2162  2199 I .gms.persisten: Background concurrent copying GC freed 22548(962KB) AllocSpace objects, 110(5720KB) LOS objects, 37% free, 10110KB/15MB, paused 120us total 149.966ms
08-20 01:32:20.668  2162  2199 I .gms.persisten: Background concurrent copying GC freed 22856(998KB) AllocSpace objects, 110(5720KB) LOS objects, 37% free, 10114KB/15MB, paused 108us total 147.908ms
08-20 01:32:22.525  2162  2199 I .gms.persisten: Background concurrent copying GC freed 23064(1002KB) AllocSpace objects, 110(5720KB) LOS objects, 37% free, 10115KB/15MB, paused 134us total 146.538ms
08-20 01:32:24.389  2162  2199 I .gms.persisten: Background concurrent copying GC freed 23250(994KB) AllocSpace objects, 110(5720KB) LOS objects, 37% free, 10106KB/15MB, paused 112us total 148.251ms
08-20 01:32:26.287  2162  2199 I .gms.persisten: Background concurrent copying GC freed 22568(963KB) AllocSpace objects, 110(5720KB) LOS objects, 37% free, 10110KB/15MB, paused 114us total 152.324ms
08-20 01:32:33.808  2162  2199 I .gms.persisten: Background concurrent copying GC freed 22531(964KB) AllocSpace objects, 108(5616KB) LOS objects, 37% free, 10218KB/15MB, paused 232us total 146.693ms
08-20 01:32:35.697  2162  2199 I .gms.persisten: Background concurrent copying GC freed 22828(970KB) AllocSpace objects, 112(5824KB) LOS objects, 37% free, 10112KB/15MB, paused 104us total 147.404ms
08-20 01:32:37.571  2162  2199 I .gms.persisten: Background concurrent copying GC freed 23103(992KB) AllocSpace objects, 110(5720KB) LOS objects, 37% free, 10108KB/15MB, paused 117us total 153.065ms
08-20 01:32:39.460  2162  2199 I .gms.persisten: Background concurrent copying GC freed 22947(984KB) AllocSpace objects, 110(5720KB) LOS objects, 37% free, 10110KB/15MB, paused 116us total 145.606ms
08-20 01:32:45.134  2162  2199 I .gms.persisten: Background concurrent copying GC freed 23350(1029KB) AllocSpace objects, 110(5720KB) LOS objects, 37% free, 10108KB/15MB, paused 112us total 146.641ms
08-20 01:32:45.663  2162  2750 D SharedPreferencesImpl: Time required to fsync /data/user/0/com.google.android.gms/shared_prefs/LogDropPref.xml: [<1: 0, <2: 0, <4: 14698, <8: 20559, <16: 426, <32: 53, <64: 95, <128: 9, <256: 0, <512: 0, <1024: 0, <2048: 0, <4096: 0, <8192: 0, <16384: 0, >=16384: 0]
08-20 01:32:47.015  2162  2199 I .gms.persisten: Background concurrent copying GC freed 22574(963KB) AllocSpace objects, 110(5720KB) LOS objects, 37% free, 10112KB/15MB, paused 119us total 151.726ms
08-20 01:32:48.921  2162  2199 I .gms.persisten: Background concurrent copying GC freed 22941(999KB) AllocSpace objects, 110(5720KB) LOS objects, 37% free, 10115KB/15MB, paused 128us total 150.715ms
08-20 01:32:50.797  2162  2199 I .gms.persisten: Background concurrent copying GC freed 23317(1012KB) AllocSpace objects, 110(5720KB) LOS objects, 37% free, 10105KB/15MB, paused 116us total 146.404ms
08-20 01:32:52.664  2162  2199 I .gms.persisten: Background concurrent copying GC freed 22604(964KB) AllocSpace objects, 110(5720KB) LOS objects, 38% free, 9869KB/15MB, paused 123us total 145.186ms
08-20 01:32:54.516  2162  2199 I .gms.persisten: Background concurrent copying GC freed 22839(997KB) AllocSpace objects, 110(5720KB) LOS objects, 37% free, 10113KB/15MB, paused 112us total 148.952ms
08-20 01:32:56.389  2162  2199 I .gms.persisten: Background concurrent copying GC freed 23037(1002KB) AllocSpace objects, 110(5720KB) LOS objects, 37% free, 10114KB/15MB, paused 110us total 145.740ms
08-20 01:32:58.261  2162  2199 I .gms.persisten: Background concurrent copying GC freed 23233(1008KB) AllocSpace objects, 110(5720KB) LOS objects, 37% free, 10108KB/15MB, paused 116us total 146.533ms
08-20 01:33:02.066  2162  2199 I .gms.persisten: Background concurrent copying GC freed 22993(983KB) AllocSpace objects, 110(5720KB) LOS objects, 37% free, 10111KB/15MB, paused 110us total 147.441ms
08-20 01:33:03.936  2162  2199 I .gms.persisten: Background concurrent copying GC freed 23208(992KB) AllocSpace objects, 110(5720KB) LOS objects, 37% free, 10105KB/15MB, paused 121us total 147.039ms
08-20 01:33:05.832  2162  2199 I .gms.persisten: Background concurrent copying GC freed 22817(981KB) AllocSpace objects, 110(5720KB) LOS objects, 37% free, 10111KB/15MB, paused 128us total 150.219ms
08-20 01:33:07.731  2162  2199 I .gms.persisten: Background concurrent copying GC freed 22936(984KB) AllocSpace objects, 110(5720KB) LOS objects, 37% free, 10113KB/15MB, paused 118us total 146.641ms
08-20 01:33:09.647  2162  2199 I .gms.persisten: Background concurrent copying GC freed 23062(1002KB) AllocSpace objects, 110(5720KB) LOS objects, 37% free, 10114KB/15MB, paused 127us total 147.608ms
08-20 01:33:11.547  2162  2199 I .gms.persisten: Background concurrent copying GC freed 22929(975KB) AllocSpace objects, 110(5720KB) LOS objects, 37% free, 10106KB/15MB, paused 126us total 152.466ms
08-20 01:33:13.446  2162  2199 I .gms.persisten: Background concurrent copying GC freed 22565(978KB) AllocSpace objects, 110(5720KB) LOS objects, 37% free, 10111KB/15MB, paused 111us total 148.075ms
08-20 01:33:15.444  2162  2199 I .gms.persisten: Background concurrent copying GC freed 22558(963KB) AllocSpace objects, 110(5720KB) LOS objects, 37% free, 10115KB/15MB, paused 134us total 154.907ms
08-20 01:33:18.207  2162  2513 D SharedPreferencesImpl: Time required to fsync /data/user/0/com.google.android.gms/shared_prefs/tron_prefs.xml: [<1: 0, <2: 0, <4: 6904, <8: 36542, <16: 308, <32: 105, <64: 160, <128: 12, <256: 1, <512: 0, <1024: 0, <2048: 0, <4096: 0, <8192: 0, <16384: 0, >=16384: 0]
08-20 01:33:19.204  2162  2199 I .gms.persisten: Background concurrent copying GC freed 22940(975KB) AllocSpace objects, 110(5720KB) LOS objects, 37% free, 10108KB/15MB, paused 117us total 145.846ms
08-20 01:33:21.100  2162  2199 I .gms.persisten: Background concurrent copying GC freed 22858(982KB) AllocSpace objects, 110(5720KB) LOS objects, 37% free, 10112KB/15MB, paused 113us total 146.569ms
08-20 01:33:22.274  2162 20691 D SharedPreferencesImpl: Time required to fsync /data/user/0/com.google.android.gms/shared_prefs/LogDropPref.xml: [<1: 0, <2: 0, <4: 15099, <8: 21166, <16: 437, <32: 55, <64: 98, <128: 9, <256: 0, <512: 0, <1024: 0, <2048: 0, <4096: 0, <8192: 0, <16384: 0, >=16384: 0]
08-20 01:33:24.949  2162  2199 I .gms.persisten: Background concurrent copying GC freed 23240(992KB) AllocSpace objects, 110(5720KB) LOS objects, 37% free, 10106KB/15MB, paused 108us total 145.313ms
08-20 01:33:26.841  2162  2199 I .gms.persisten: Background concurrent copying GC freed 22756(977KB) AllocSpace objects, 110(5720KB) LOS objects, 37% free, 10112KB/15MB, paused 161us total 149.667ms
08-20 01:33:28.748  2162  2199 I .gms.persisten: Background concurrent copying GC freed 22593(978KB) AllocSpace objects, 110(5720KB) LOS objects, 37% free, 10117KB/15MB, paused 125us total 149.252ms
08-20 01:33:30.645  2162  2199 I .gms.persisten: Background concurrent copying GC freed 22825(969KB) AllocSpace objects, 110(5720KB) LOS objects, 37% free, 10116KB/15MB, paused 113us total 152.620ms
08-20 01:33:32.543  2162  2199 I .gms.persisten: Background concurrent copying GC freed 22532(972KB) AllocSpace objects, 108(5616KB) LOS objects, 37% free, 10230KB/15MB, paused 120us total 148.780ms
08-20 01:33:40.149  2162  2199 I .gms.persisten: Background concurrent copying GC freed 22891(999KB) AllocSpace objects, 112(5824KB) LOS objects, 37% free, 10112KB/15MB, paused 111us total 149.185ms
08-20 01:33:42.066  2162  2199 I .gms.persisten: Background concurrent copying GC freed 22952(1001KB) AllocSpace objects, 110(5720KB) LOS objects, 37% free, 10114KB/15MB, paused 108us total 146.903ms
08-20 01:33:44.001  2162  2199 I .gms.persisten: Background concurrent copying GC freed 22779(984KB) AllocSpace objects, 110(5720KB) LOS objects, 37% free, 10114KB/15MB, paused 112us total 152.456ms
08-20 01:33:45.905  2162  2199 I .gms.persisten: Background concurrent copying GC freed 23220(993KB) AllocSpace objects, 110(5720KB) LOS objects, 37% free, 10107KB/15MB, paused 115us total 150.376ms
08-20 01:33:47.790  2162  2199 I .gms.persisten: Background concurrent copying GC freed 22463(961KB) AllocSpace objects, 110(5720KB) LOS objects, 37% free, 10114KB/15MB, paused 118us total 146.730ms
08-20 01:33:59.165  2162  8063 D SharedPreferencesImpl: Time required to fsync /data/user/0/com.google.android.gms/shared_prefs/LogDropPref.xml: [<1: 0, <2: 0, <4: 15500, <8: 21766, <16: 455, <32: 57, <64: 101, <128: 9, <256: 0, <512: 0, <1024: 0, <2048: 0, <4096: 0, <8192: 0, <16384: 0, >=16384: 0]
08-20 01:33:59.203  2162  2199 I .gms.persisten: Background concurrent copying GC freed 22938(984KB) AllocSpace objects, 110(5720KB) LOS objects, 37% free, 10117KB/15MB, paused 126us total 146.893ms
08-20 01:34:01.127  2162  2199 I .gms.persisten: Background concurrent copying GC freed 22978(986KB) AllocSpace objects, 110(5720KB) LOS objects, 37% free, 10118KB/15MB, paused 148us total 146.751ms
08-20 01:34:03.042  2162  2199 I .gms.persisten: Background concurrent copying GC freed 22998(977KB) AllocSpace objects, 110(5720KB) LOS objects, 37% free, 10109KB/15MB, paused 120us total 154.553ms
08-20 01:34:04.963  2162  2199 I .gms.persisten: Background concurrent copying GC freed 22863(982KB) AllocSpace objects, 110(5720KB) LOS objects, 37% free, 10114KB/15MB, paused 114us total 149.060ms
08-20 01:34:06.887  2162  2199 I .gms.persisten: Background concurrent copying GC freed 22917(984KB) AllocSpace objects, 110(5720KB) LOS objects, 37% free, 10117KB/15MB, paused 284us total 149.592ms
08-20 01:34:08.806  2162  2199 I .gms.persisten: Background concurrent copying GC freed 23169(1008KB) AllocSpace objects, 110(5720KB) LOS objects, 37% free, 10111KB/15MB, paused 128us total 151.956ms
08-20 01:34:10.728  2162  2199 I .gms.persisten: Background concurrent copying GC freed 22695(966KB) AllocSpace objects, 110(5720KB) LOS objects, 37% free, 10112KB/15MB, paused 914us total 147.788ms
08-20 01:34:12.637  2162  2199 I .gms.persisten: Background concurrent copying GC freed 22868(981KB) AllocSpace objects, 110(5720KB) LOS objects, 37% free, 10117KB/15MB, paused 111us total 145.130ms
08-20 01:34:16.602  2162  2199 I .gms.persisten: Background concurrent copying GC freed 23196(1009KB) AllocSpace objects, 110(5720KB) LOS objects, 37% free, 10113KB/15MB, paused 124us total 149.481ms
08-20 01:34:18.551  2162  2199 I .gms.persisten: Background concurrent copying GC freed 22747(969KB) AllocSpace objects, 110(5720KB) LOS objects, 37% free, 10112KB/15MB, paused 107us total 150.487ms
08-20 01:34:30.145  2162  2199 I .gms.persisten: Background concurrent copying GC freed 22366(958KB) AllocSpace objects, 110(5720KB) LOS objects, 37% free, 10120KB/15MB, paused 141us total 152.757ms
08-20 01:34:32.082  2162  2199 I .gms.persisten: Background concurrent copying GC freed 23080(989KB) AllocSpace objects, 110(5720KB) LOS objects, 37% free, 10118KB/15MB, paused 108us total 148.068ms
08-20 01:34:34.011  2162  2199 I .gms.persisten: Background concurrent copying GC freed 22953(973KB) AllocSpace objects, 110(5720KB) LOS objects, 37% free, 10112KB/15MB, paused 126us total 155.026ms
08-20 01:34:35.937  2162  2199 I .gms.persisten: Background concurrent copying GC freed 22462(960KB) AllocSpace objects, 110(5720KB) LOS objects, 37% free, 10118KB/15MB, paused 128us total 154.562ms
08-20 01:34:36.575  2162  8063 D SharedPreferencesImpl: Time required to fsync /data/user/0/com.google.android.gms/shared_prefs/LogDropPref.xml: [<1: 0, <2: 0, <4: 15848, <8: 22412, <16: 484, <32: 57, <64: 102, <128: 9, <256: 0, <512: 0, <1024: 0, <2048: 0, <4096: 0, <8192: 0, <16384: 0, >=16384: 0]
08-20 01:34:37.905  2162  2199 I .gms.persisten: Background concurrent copying GC freed 23094(988KB) AllocSpace objects, 110(5720KB) LOS objects, 37% free, 10117KB/15MB, paused 115us total 151.648ms
08-20 01:34:39.817  2162  2199 I .gms.persisten: Background concurrent copying GC freed 23047(986KB) AllocSpace objects, 110(5720KB) LOS objects, 37% free, 10113KB/15MB, paused 167us total 153.879ms
08-20 01:34:41.755  2162  2199 I .gms.persisten: Background concurrent copying GC freed 23057(987KB) AllocSpace objects, 110(5720KB) LOS objects, 37% free, 10113KB/15MB, paused 196us total 147.515ms
08-20 01:34:43.725  2162  2199 I .gms.persisten: Background concurrent copying GC freed 23112(1006KB) AllocSpace objects, 110(5720KB) LOS objects, 37% free, 10109KB/15MB, paused 118us total 155.209ms
08-20 01:34:45.717  2162  2199 I .gms.persisten: Background concurrent copying GC freed 22741(961KB) AllocSpace objects, 110(5720KB) LOS objects, 37% free, 10116KB/15MB, paused 146us total 147.221ms
08-20 01:34:47.737  2162  2199 I .gms.persisten: Background concurrent copying GC freed 22792(968KB) AllocSpace objects, 110(5720KB) LOS objects, 37% free, 10115KB/15MB, paused 108us total 152.549ms
08-20 01:34:51.748  2162  2199 I .gms.persisten: Background concurrent copying GC freed 22899(998KB) AllocSpace objects, 110(5720KB) LOS objects, 37% free, 10113KB/15MB, paused 123us total 147.342ms
08-20 01:35:09.692  2162  2199 I .gms.persisten: Background concurrent copying GC freed 23183(1008KB) AllocSpace objects, 110(5720KB) LOS objects, 37% free, 10114KB/15MB, paused 227us total 148.377ms
08-20 01:35:11.679  2162  2199 I .gms.persisten: Background concurrent copying GC freed 22565(963KB) AllocSpace objects, 110(5720KB) LOS objects, 37% free, 10118KB/15MB, paused 122us total 150.670ms
08-20 01:35:15.033  2162  2750 D SharedPreferencesImpl: Time required to fsync /data/user/0/com.google.android.gms/shared_prefs/LogDropPref.xml: [<1: 0, <2: 0, <4: 16240, <8: 23025, <16: 500, <32: 58, <64: 104, <128: 9, <256: 0, <512: 0, <1024: 0, <2048: 0, <4096: 0, <8192: 0, <16384: 0, >=16384: 0]
08-20 01:35:15.710  2162  2199 I .gms.persisten: Background concurrent copying GC freed 23282(1011KB) AllocSpace objects, 110(5720KB) LOS objects, 37% free, 10127KB/15MB, paused 121us total 148.633ms
08-20 01:35:33.685  2162  2199 I .gms.persisten: Background concurrent copying GC freed 23031(989KB) AllocSpace objects, 110(5720KB) LOS objects, 37% free, 10114KB/15MB, paused 146us total 149.761ms
08-20 01:35:35.723  2162  2199 I .gms.persisten: Background concurrent copying GC freed 22538(964KB) AllocSpace objects, 110(5720KB) LOS objects, 37% free, 10118KB/15MB, paused 114us total 153.395ms
08-20 01:35:37.768  2162  2199 I .gms.persisten: Background concurrent copying GC freed 22660(967KB) AllocSpace objects, 110(5720KB) LOS objects, 37% free, 10119KB/15MB, paused 128us total 156.900ms
08-20 01:35:54.292  2162  8063 D SharedPreferencesImpl: Time required to fsync /data/user/0/com.google.android.gms/shared_prefs/LogDropPref.xml: [<1: 0, <2: 0, <4: 16640, <8: 23618, <16: 526, <32: 61, <64: 106, <128: 9, <256: 0, <512: 0, <1024: 0, <2048: 0, <4096: 0, <8192: 0, <16384: 0, >=16384: 0]
08-20 01:36:12.679  2162  2199 I .gms.persisten: Background concurrent copying GC freed 22892(983KB) AllocSpace objects, 108(5616KB) LOS objects, 37% free, 10113KB/15MB, paused 118us total 144.925ms
08-20 01:36:22.952  2162  2199 I .gms.persisten: Background concurrent copying GC freed 22722(977KB) AllocSpace objects, 110(5720KB) LOS objects, 37% free, 10121KB/15MB, paused 151us total 146.678ms
08-20 01:36:34.282  2162  2750 D SharedPreferencesImpl: Time required to fsync /data/user/0/com.google.android.gms/shared_prefs/LogDropPref.xml: [<1: 0, <2: 0, <4: 16978, <8: 24283, <16: 544, <32: 62, <64: 108, <128: 9, <256: 0, <512: 0, <1024: 0, <2048: 0, <4096: 0, <8192: 0, <16384: 0, >=16384: 0]
08-20 01:36:41.601  2162  2199 I .gms.persisten: Background concurrent copying GC freed 22953(985KB) AllocSpace objects, 108(5616KB) LOS objects, 37% free, 10112KB/15MB, paused 128us total 142.722ms
08-20 01:36:49.924  2162  2199 I .gms.persisten: Background concurrent copying GC freed 22565(963KB) AllocSpace objects, 108(5616KB) LOS objects, 37% free, 10128KB/15MB, paused 115us total 156.331ms
08-20 01:36:54.048  2162  2199 I .gms.persisten: Background concurrent copying GC freed 22403(961KB) AllocSpace objects, 108(5616KB) LOS objects, 37% free, 10114KB/15MB, paused 131us total 145.151ms
08-20 01:37:06.521  2162  2199 I .gms.persisten: Background concurrent copying GC freed 22328(961KB) AllocSpace objects, 108(5616KB) LOS objects, 37% free, 10116KB/15MB, paused 144us total 149.376ms
08-20 01:37:14.754  2162  2750 D SharedPreferencesImpl: Time required to fsync /data/user/0/com.google.android.gms/shared_prefs/LogDropPref.xml: [<1: 0, <2: 0, <4: 17397, <8: 24863, <16: 564, <32: 62, <64: 112, <128: 10, <256: 0, <512: 0, <1024: 0, <2048: 0, <4096: 0, <8192: 0, <16384: 0, >=16384: 0]
08-20 01:37:14.845  2162  2199 I .gms.persisten: Background concurrent copying GC freed 22850(982KB) AllocSpace objects, 108(5616KB) LOS objects, 37% free, 10112KB/15MB, paused 130us total 144.949ms
08-20 01:37:21.083  2162  2199 I .gms.persisten: Background concurrent copying GC freed 22629(987KB) AllocSpace objects, 108(5616KB) LOS objects, 37% free, 10112KB/15MB, paused 171us total 150.379ms
08-20 01:37:25.487  2162  2199 I .gms.persisten: Background concurrent copying GC freed 22292(949KB) AllocSpace objects, 106(5512KB) LOS objects, 37% free, 10094KB/15MB, paused 168us total 144.553ms
08-20 01:37:34.305  2162  2199 I .gms.persisten: Background concurrent copying GC freed 22708(978KB) AllocSpace objects, 108(5616KB) LOS objects, 37% free, 10117KB/15MB, paused 145us total 146.850ms
08-20 01:37:43.101  2162  2199 I .gms.persisten: Background concurrent copying GC freed 22274(946KB) AllocSpace objects, 108(5616KB) LOS objects, 38% free, 9990KB/15MB, paused 120us total 150.962ms
08-20 01:37:45.328  2162  2199 I .gms.persisten: Background concurrent copying GC freed 22270(960KB) AllocSpace objects, 108(5616KB) LOS objects, 37% free, 10113KB/15MB, paused 142us total 146.848ms
08-20 01:37:51.998  2162  2199 I .gms.persisten: Background concurrent copying GC freed 22698(967KB) AllocSpace objects, 108(5616KB) LOS objects, 37% free, 10130KB/15MB, paused 109us total 144.242ms
08-20 01:37:54.245  2162  2199 I .gms.persisten: Background concurrent copying GC freed 22772(984KB) AllocSpace objects, 108(5616KB) LOS objects, 38% free, 9991KB/15MB, paused 139us total 150.450ms
08-20 01:37:57.715  2162  2750 D SharedPreferencesImpl: Time required to fsync /data/user/0/com.google.android.gms/shared_prefs/LogDropPref.xml: [<1: 0, <2: 0, <4: 17783, <8: 25481, <16: 581, <32: 63, <64: 114, <128: 10, <256: 0, <512: 0, <1024: 0, <2048: 0, <4096: 0, <8192: 0, <16384: 0, >=16384: 0]
08-20 01:38:00.946  2162  2199 I .gms.persisten: Background concurrent copying GC freed 22986(987KB) AllocSpace objects, 110(5720KB) LOS objects, 37% free, 10114KB/15MB, paused 149us total 151.162ms
08-20 01:38:09.922  2162  2199 I .gms.persisten: Background concurrent copying GC freed 22526(964KB) AllocSpace objects, 106(5512KB) LOS objects, 37% free, 10099KB/15MB, paused 118us total 144.017ms
08-20 01:38:12.177  2162  2199 I .gms.persisten: Background concurrent copying GC freed 22636(985KB) AllocSpace objects, 108(5616KB) LOS objects, 38% free, 9988KB/15MB, paused 192us total 148.002ms
08-20 01:38:14.409  2162  2199 I .gms.persisten: Background concurrent copying GC freed 22503(982KB) AllocSpace objects, 106(5512KB) LOS objects, 37% free, 10112KB/15MB, paused 470us total 148.664ms
08-20 01:38:18.938  2162  2199 I .gms.persisten: Background concurrent copying GC freed 22490(963KB) AllocSpace objects, 108(5616KB) LOS objects, 38% free, 9994KB/15MB, paused 116us total 145.070ms
08-20 01:38:25.639  2162  2199 I .gms.persisten: Background concurrent copying GC freed 22539(980KB) AllocSpace objects, 106(5512KB) LOS objects, 37% free, 10MB/16MB, paused 212us total 145.751ms
08-20 01:38:27.902  2162  2199 I .gms.persisten: Background concurrent copying GC freed 22406(952KB) AllocSpace objects, 108(5616KB) LOS objects, 38% free, 9991KB/15MB, paused 123us total 150.590ms
08-20 01:38:32.362  2162  2199 I .gms.persisten: Background concurrent copying GC freed 22229(946KB) AllocSpace objects, 106(5512KB) LOS objects, 37% free, 10100KB/15MB, paused 332us total 145.071ms
08-20 01:38:36.870  2162  2199 I .gms.persisten: Background concurrent copying GC freed 22696(967KB) AllocSpace objects, 108(5616KB) LOS objects, 37% free, 10130KB/15MB, paused 109us total 147.839ms
08-20 01:38:41.375  2162  2199 I .gms.persisten: Background concurrent copying GC freed 22283(944KB) AllocSpace objects, 108(5616KB) LOS objects, 37% free, 10116KB/15MB, paused 153us total 150.198ms
08-20 01:38:41.759  2162 20691 D SharedPreferencesImpl: Time required to fsync /data/user/0/com.google.android.gms/shared_prefs/LogDropPref.xml: [<1: 0, <2: 0, <4: 18144, <8: 26125, <16: 598, <32: 64, <64: 115, <128: 10, <256: 0, <512: 0, <1024: 0, <2048: 0, <4096: 0, <8192: 0, <16384: 0, >=16384: 0]
08-20 01:38:43.622  2162  2199 I .gms.persisten: Background concurrent copying GC freed 22014(958KB) AllocSpace objects, 106(5512KB) LOS objects, 37% free, 10118KB/15MB, paused 119us total 143.886ms
08-20 01:38:48.133  2162  2199 I .gms.persisten: Background concurrent copying GC freed 22256(947KB) AllocSpace objects, 108(5616KB) LOS objects, 38% free, 9995KB/15MB, paused 114us total 147.453ms
08-20 01:38:52.680  2162  2199 I .gms.persisten: Background concurrent copying GC freed 22452(960KB) AllocSpace objects, 108(5616KB) LOS objects, 37% free, 10131KB/15MB, paused 128us total 145.874ms
08-20 01:38:54.900  2162  2199 I .gms.persisten: Background concurrent copying GC freed 22365(963KB) AllocSpace objects, 106(5512KB) LOS objects, 37% free, 10118KB/15MB, paused 136us total 145.842ms
08-20 01:39:01.616  2162  2199 I .gms.persisten: Background concurrent copying GC freed 22586(969KB) AllocSpace objects, 108(5616KB) LOS objects, 37% free, 10113KB/15MB, paused 137us total 152.654ms
08-20 01:39:06.138  2162  2199 I .gms.persisten: Background concurrent copying GC freed 22771(954KB) AllocSpace objects, 108(5616KB) LOS objects, 37% free, 10127KB/15MB, paused 125us total 147.342ms
08-20 01:39:08.413  2162  2199 I .gms.persisten: Background concurrent copying GC freed 22136(959KB) AllocSpace objects, 108(5616KB) LOS objects, 38% free, 9995KB/15MB, paused 130us total 150.459ms
08-20 01:39:10.643  2162  2199 I .gms.persisten: Background concurrent copying GC freed 22403(960KB) AllocSpace objects, 106(5512KB) LOS objects, 37% free, 10101KB/15MB, paused 152us total 144.559ms
08-20 01:39:17.384  2162  2199 I .gms.persisten: Background concurrent copying GC freed 22363(951KB) AllocSpace objects, 106(5512KB) LOS objects, 38% free, 9992KB/15MB, paused 166us total 145.907ms
08-20 01:39:21.014  2162  2513 D SharedPreferencesImpl: Time required to fsync /data/user/0/com.google.android.gms/shared_prefs/tron_prefs.xml: [<1: 0, <2: 0, <4: 7635, <8: 44941, <16: 355, <32: 120, <64: 184, <128: 12, <256: 1, <512: 0, <1024: 0, <2048: 0, <4096: 0, <8192: 0, <16384: 0, >=16384: 0]
08-20 01:39:21.901  2162  2199 I .gms.persisten: Background concurrent copying GC freed 22376(950KB) AllocSpace objects, 108(5616KB) LOS objects, 38% free, 9991KB/15MB, paused 158us total 144.517ms
08-20 01:39:25.940  2162 20691 D SharedPreferencesImpl: Time required to fsync /data/user/0/com.google.android.gms/shared_prefs/LogDropPref.xml: [<1: 0, <2: 0, <4: 18535, <8: 26729, <16: 621, <32: 65, <64: 120, <128: 10, <256: 0, <512: 0, <1024: 0, <2048: 0, <4096: 0, <8192: 0, <16384: 0, >=16384: 0]
08-20 01:39:26.399  2162  2199 I .gms.persisten: Background concurrent copying GC freed 22325(948KB) AllocSpace objects, 108(5616KB) LOS objects, 38% free, 9996KB/15MB, paused 133us total 150.123ms
08-20 01:39:28.627  2162  2199 I .gms.persisten: Background concurrent copying GC freed 22445(962KB) AllocSpace objects, 106(5512KB) LOS objects, 37% free, 10097KB/15MB, paused 162us total 144.298ms
08-20 01:39:33.131  2162  2199 I .gms.persisten: Background concurrent copying GC freed 22757(973KB) AllocSpace objects, 106(5512KB) LOS objects, 37% free, 10096KB/15MB, paused 426us total 146.469ms
08-20 01:39:37.695  2162  2199 I .gms.persisten: Background concurrent copying GC freed 22738(973KB) AllocSpace objects, 108(5616KB) LOS objects, 37% free, 10110KB/15MB, paused 147us total 154.699ms
08-20 01:39:42.778  2162  4080 I FontLog : Pulling font file for id = 4, cache size = 3 [CONTEXT service_id=132 ]
08-20 01:39:44.397  2162  2795 I FontLog : Received query name=Google Sans&weight=700&besteffort=false, URI content://com.google.android.gms.fonts [CONTEXT service_id=132 ]
08-20 01:39:44.399  2162  2795 I FontLog : Query [name=Google Sans&weight=700&besteffort=false] resolved to {Google Sans, wdth 100.0, wght 700, ital 0.0, bestEffort false} [CONTEXT service_id=132 ]
08-20 01:39:44.404  2162  2795 I FontLog : Fetch {Google Sans, wdth 100.0, wght 700, ital 0.0, bestEffort false} end status Status{statusCode=SUCCESS, resolution=null} [CONTEXT service_id=132 ]
08-20 01:39:44.440  2162  2796 I FontLog : Pulling font file for id = 5, cache size = 4 [CONTEXT service_id=132 ]
08-20 01:39:44.528  2162  4080 I FontLog : Pulling font file for id = 6, cache size = 5 [CONTEXT service_id=132 ]
08-20 01:39:44.559  2162  5932 I FontLog : Pulling font file for id = 7, cache size = 6 [CONTEXT service_id=132 ]
08-20 01:39:44.574  2162  5932 I FontLog : Received query name=Google Sans&weight=500&besteffort=false, URI content://com.google.android.gms.fonts [CONTEXT service_id=132 ]
08-20 01:39:44.574  2162  5932 I FontLog : Query [name=Google Sans&weight=500&besteffort=false] resolved to {Google Sans, wdth 100.0, wght 500, ital 0.0, bestEffort false} [CONTEXT service_id=132 ]
08-20 01:39:44.577  2162  5932 I FontLog : Font PFD returned from cache for {Google Sans, wdth 100.0, wght 500, ital 0.0, bestEffort false} [CONTEXT service_id=132 ]
08-20 01:39:44.577  2162  5932 I FontLog : Fetch {Google Sans, wdth 100.0, wght 500, ital 0.0, bestEffort false} end status Status{statusCode=SUCCESS, resolution=null} [CONTEXT service_id=132 ]
08-20 01:39:44.604  2162  5932 I FontLog : Pulling font file for id = 8, cache size = 7 [CONTEXT service_id=132 ]
08-20 01:39:45.556  2162  2199 I .gms.persisten: Background concurrent copying GC freed 41897(1772KB) AllocSpace objects, 92(4724KB) LOS objects, 37% free, 10MB/16MB, paused 239us total 153.754ms
08-20 01:39:45.558  2162  2202 W SQLiteConnectionPool: A SQLiteConnection object for database '/data/user/0/com.google.android.gms/databases/metadata.db' was leaked!  Please fix your application to end transactions in progress properly and to close the database when it is no longer needed.
08-20 01:39:45.558  2162  2202 W System  : A resource failed to call close. 
08-20 01:39:47.981  2162  2199 I .gms.persisten: Background concurrent copying GC freed 24182(1074KB) AllocSpace objects, 106(5512KB) LOS objects, 37% free, 10MB/16MB, paused 117us total 155.165ms
08-20 01:39:50.408  2162  2199 I .gms.persisten: Background concurrent copying GC freed 22453(998KB) AllocSpace objects, 106(5512KB) LOS objects, 37% free, 10232KB/15MB, paused 354us total 149.170ms
08-20 01:39:52.813  2162  2199 I .gms.persisten: Background concurrent copying GC freed 22168(959KB) AllocSpace objects, 108(5616KB) LOS objects, 37% free, 10MB/16MB, paused 113us total 153.973ms
08-20 01:39:55.210  2162  2199 I .gms.persisten: Background concurrent copying GC freed 22375(948KB) AllocSpace objects, 106(5512KB) LOS objects, 37% free, 10MB/16MB, paused 160us total 152.940ms
08-20 01:39:57.602  2162  2199 I .gms.persisten: Background concurrent copying GC freed 22683(969KB) AllocSpace objects, 106(5512KB) LOS objects, 37% free, 10MB/16MB, paused 175us total 149.832ms
08-20 01:40:00.000  2162  2199 I .gms.persisten: Background concurrent copying GC freed 22538(969KB) AllocSpace objects, 106(5512KB) LOS objects, 37% free, 10MB/16MB, paused 153us total 151.377ms
08-20 01:40:02.404  2162  2199 I .gms.persisten: Background concurrent copying GC freed 22329(956KB) AllocSpace objects, 108(5616KB) LOS objects, 37% free, 10133KB/15MB, paused 375us total 151.477ms
08-20 01:40:07.202  2162  2199 I .gms.persisten: Background concurrent copying GC freed 22484(966KB) AllocSpace objects, 106(5512KB) LOS objects, 37% free, 10MB/16MB, paused 130us total 153.163ms
08-20 01:40:12.055  2162  2199 I .gms.persisten: Background concurrent copying GC freed 22396(958KB) AllocSpace objects, 108(5616KB) LOS objects, 37% free, 10131KB/15MB, paused 157us total 154.478ms
08-20 01:40:13.740  2162 31962 D SharedPreferencesImpl: Time required to fsync /data/user/0/com.google.android.gms/shared_prefs/LogDropPref.xml: [<1: 0, <2: 0, <4: 18822, <8: 27390, <16: 671, <32: 78, <64: 133, <128: 10, <256: 0, <512: 0, <1024: 0, <2048: 0, <4096: 0, <8192: 0, <16384: 0, >=16384: 0]
08-20 01:40:14.480  2162  2199 I .gms.persisten: Background concurrent copying GC freed 22280(962KB) AllocSpace objects, 106(5512KB) LOS objects, 37% free, 10MB/16MB, paused 164us total 149.370ms
08-20 01:40:16.957  2162  2199 I .gms.persisten: Background concurrent copying GC freed 22495(975KB) AllocSpace objects, 106(5512KB) LOS objects, 37% free, 10118KB/15MB, paused 144us total 158.099ms
08-20 01:40:19.365  2162  2199 I .gms.persisten: Background concurrent copying GC freed 22112(962KB) AllocSpace objects, 106(5512KB) LOS objects, 37% free, 10MB/16MB, paused 135us total 147.466ms
08-20 01:40:19.600  2162  8063 W ChimeraUtils: Module com.google.android.gms.gcm has empty metadata display_name_string_id
08-20 01:40:21.778  2162  2199 I .gms.persisten: Background concurrent copying GC freed 22828(981KB) AllocSpace objects, 106(5512KB) LOS objects, 37% free, 10MB/16MB, paused 561us total 150.853ms
08-20 01:40:26.649  2162  2199 I .gms.persisten: Background concurrent copying GC freed 21943(949KB) AllocSpace objects, 106(5512KB) LOS objects, 37% free, 10MB/16MB, paused 134us total 156.186ms
08-20 01:40:29.102  2162  2199 I .gms.persisten: Background concurrent copying GC freed 22142(946KB) AllocSpace objects, 108(5616KB) LOS objects, 37% free, 10151KB/15MB, paused 142us total 156.832ms
08-20 01:40:31.535  2162  2199 I .gms.persisten: Background concurrent copying GC freed 22381(969KB) AllocSpace objects, 106(5512KB) LOS objects, 37% free, 10MB/16MB, paused 133us total 148.306ms
08-20 01:40:34.047  2162  2199 I .gms.persisten: Background concurrent copying GC freed 22517(971KB) AllocSpace objects, 106(5512KB) LOS objects, 37% free, 10MB/16MB, paused 179us total 149.731ms
08-20 01:40:39.151  2162  2199 I .gms.persisten: Background concurrent copying GC freed 22102(961KB) AllocSpace objects, 108(5616KB) LOS objects, 37% free, 10MB/16MB, paused 156us total 149.509ms
08-20 01:40:41.641  2162  2199 I .gms.persisten: Background concurrent copying GC freed 22400(971KB) AllocSpace objects, 106(5512KB) LOS objects, 37% free, 10MB/16MB, paused 114us total 154.106ms
08-20 01:40:43.093  2162  8063 I NetworkScheduler.Stats: Task com.google.android.gms/com.google.android.gms.matchstick.task.ScheduledTaskService started execution. cause:14 exec_start_elapsed_seconds: 235821 [CONTEXT service_id=218 ]
08-20 01:40:43.274  2162  8063 I NetworkScheduler.Stats: Task com.google.android.gms/com.google.android.gms.matchstick.task.ScheduledTaskService finished executing. cause:14 result: 1 elapsed_millis: 249 uptime_millis: 249 exec_start_elapsed_seconds: 235821 [CONTEXT service_id=218 ]
08-20 01:40:43.886  2162  2199 I .gms.persisten: Background concurrent copying GC freed 69718(3550KB) AllocSpace objects, 58(3016KB) LOS objects, 37% free, 10128KB/15MB, paused 197us total 186.188ms
08-20 01:40:44.469  2162  1105 I NetworkScheduler.Stats: Task com.google.android.gms/com.google.android.gms.games.chimera.GamesSyncServiceMainProxy started execution. cause:14 exec_start_elapsed_seconds: 235821 [CONTEXT service_id=218 ]
08-20 01:40:44.470  2162  1105 I NetworkScheduler.Stats: Task com.google.android.gms/com.google.android.gms.games.chimera.GamesSyncServiceMainProxy started execution. cause:5 exec_start_elapsed_seconds: 235821 [CONTEXT service_id=218 ]
08-20 01:40:44.799  2162  1105 I NetworkScheduler.Stats: Task com.google.android.gms/com.google.android.gms.ads.jams.NegotiationService started execution. cause:14 exec_start_elapsed_seconds: 235821 [CONTEXT service_id=218 ]
08-20 01:40:44.803  2162  1105 I NetworkScheduler.Stats: Task com.google.android.gms/com.google.android.gms.gass.chimera.SchedulePeriodicTasksService started execution. cause:14 exec_start_elapsed_seconds: 235821 [CONTEXT service_id=218 ]
08-20 01:40:45.283  2162 20691 I NetworkScheduler.Stats: Task com.google.android.gms/com.google.android.gms.gass.chimera.SchedulePeriodicTasksService finished executing. cause:14 result: 1 elapsed_millis: 1873 uptime_millis: 1873 exec_start_elapsed_seconds: 235821 [CONTEXT service_id=218 ]
08-20 01:40:46.525  2162 20691 I NetworkScheduler.Stats: Task com.google.android.gms/com.google.android.gms.games.chimera.GamesSyncServiceMainProxy finished executing. cause:5 result: 1 elapsed_millis: 3135 uptime_millis: 3135 exec_start_elapsed_seconds: 235821 [CONTEXT service_id=218 ]
08-20 01:40:46.557  2162 20691 I NetworkScheduler.Stats: Task com.google.android.gms/com.google.android.gms.games.chimera.GamesSyncServiceMainProxy finished executing. cause:14 result: 1 elapsed_millis: 3441 uptime_millis: 3441 exec_start_elapsed_seconds: 235821 [CONTEXT service_id=218 ]
08-20 01:40:46.677  2162 20691 I NetworkScheduler.Stats: Task com.google.android.gms/com.google.android.gms.games.chimera.GamesSyncServiceMainProxy started execution. cause:5 exec_start_elapsed_seconds: 235825 [CONTEXT service_id=218 ]
08-20 01:40:46.759  2162  8063 I NetworkScheduler.Stats: Task com.google.android.gms/com.google.android.gms.games.chimera.GamesSyncServiceMainProxy started execution. cause:5 exec_start_elapsed_seconds: 235825 [CONTEXT service_id=218 ]
08-20 01:40:47.028  2162 20691 I NetworkScheduler.Stats: Task com.google.android.gms/com.google.android.gms.games.chimera.GamesSyncServiceMainProxy finished executing. cause:5 result: 1 elapsed_millis: 291 uptime_millis: 291 exec_start_elapsed_seconds: 235825 [CONTEXT service_id=218 ]
08-20 01:40:47.441  2162  2621 I NetworkScheduler.Stats: Task com.google.android.gms/com.google.android.gms.games.chimera.GamesSyncServiceMainProxy finished executing. cause:5 result: 1 elapsed_millis: 339 uptime_millis: 339 exec_start_elapsed_seconds: 235825 [CONTEXT service_id=218 ]
08-20 01:40:47.608  2162  1105 I NetworkScheduler.Stats: Task com.google.android.gms/com.google.android.gms.clearcut.uploader.QosUploaderService started execution. cause:5 exec_start_elapsed_seconds: 235826 [CONTEXT service_id=218 ]
08-20 01:40:47.662  2162  2199 I .gms.persisten: Background concurrent copying GC freed 93730(4428KB) AllocSpace objects, 56(2912KB) LOS objects, 35% free, 10MB/16MB, paused 607us total 184.565ms
08-20 01:40:47.822  2162 20691 I NetworkScheduler.Stats: Task com.google.android.gms/com.google.android.gms.checkin.EventLogService started execution. cause:5 exec_start_elapsed_seconds: 235826 [CONTEXT service_id=218 ]
08-20 01:40:48.218  2162  8063 I DynamiteModule: Considering local module com.google.android.gms.cronet_dynamite:0 and remote module com.google.android.gms.cronet_dynamite:1511
08-20 01:40:48.218  2162  8063 I DynamiteModule: Selected remote version of com.google.android.gms.cronet_dynamite, version >= 1511
08-20 01:42:22.796  2162  1105 E ctxmgr  : [AppIntervalImpl] closeInterval: ongoing [CONTEXT service_id=47 ]
08-20 01:42:22.809  2162  1105 I chatty  : uid=10168 com.google.android.gms.persistent identical 47 lines
08-20 01:42:22.809  2162  1105 E ctxmgr  : [AppIntervalImpl] closeInterval: ongoing [CONTEXT service_id=47 ]
08-20 02:01:42.142  2162  2621 E WakeLock: GCM_HB_ALARM release without a matched acquire!
08-20 02:01:42.152  2162  2621 E WakeLock: GCM_CONN_ALARM release without a matched acquire!
08-20 02:01:47.747  2162  2621 E WakeLock: GCM_CONN_ALARM release without a matched acquire!
08-20 02:09:23.526  2162  4067 E ctxmgr  : [AppIntervalImpl] closeInterval: ongoing [CONTEXT service_id=47 ]
08-20 02:09:23.549  2162  4067 I chatty  : uid=10168 com.google.android.gms.persistent identical 46 lines
08-20 02:09:23.549  2162  4067 E ctxmgr  : [AppIntervalImpl] closeInterval: ongoing [CONTEXT service_id=47 ]
08-20 02:11:00.688  2162  4067 E WakeLock: GCM_HB_ALARM release without a matched acquire!
08-20 02:20:00.927  2162  4816 E WakeLock: GCM_HB_ALARM release without a matched acquire!
