08-19 23:07:25.659   640 21621 I mtkpower_client: perf_lock_rel, hdl:141859, tid:21621
08-19 23:07:25.780   640 21628 I mtkpower_client: perf_lock_rel, hdl:141861, tid:21628
08-19 23:07:26.129   640 21627 I mtkpower_client: perf_lock_rel, hdl:141860, tid:21627
08-19 23:10:11.339   608   681 I libPowerHal: [perfLockAcq] idx:1 hdl:142162 hint:1157 pid:640 duration:80 => ret_hdl:142162
08-19 23:10:11.339   608   681 I libPowerHal: [PE] scn:1 hdl:142162 hint:1157 comm:vperf@1.0-servi pid:640
08-19 23:10:11.420   608   681 I mtkpower@impl: [powerd_req] TIMER_MSG_PERF_LOCK_TIMEOUT hdl:142162
08-19 23:10:11.420   608   681 I libPowerHal: [perfLockRel] hdl:142162, idx:1
08-19 23:10:11.420   608   681 I libPowerHal: [PD] scn:1 hdl:142162 hint:1157 comm:vperf@1.0-servi pid:640
08-19 23:10:11.440   640 22665 I mtkpower_client: perf_lock_rel, hdl:142162, tid:22665
08-19 23:10:11.441   608   681 I libPowerHal: [perfLockRel] hdl:142162, idx:-1
08-20 01:11:00.080  2162  2162 E .gms.persisten: Not starting debugger since process cannot load the jdwp agent.
08-20 01:11:01.257  2162  2401 E ActivityThread: Failed to find provider info for instantapp-dev-manager
08-20 01:11:02.812  2162  2162 E NanoAppLogging: Failed to begin contexthub communication
08-20 01:11:02.886  2162  2766 E _V_SensorManager: unregisterListenerImpl listener=com.google.android.location.fused.StepDetector@c241d8sensor=NULL num: 0
08-20 01:11:02.892  2162  2766 E inertial-anchor: Called Stop() before session has started.
08-20 01:11:05.809  2162  2199 I .gms.persisten: Background concurrent copying GC freed 192201(6315KB) AllocSpace objects, 26(840KB) LOS objects, 34% free, 11MB/17MB, paused 231us total 159.506ms
08-20 01:11:07.160  2162  2750 D CompatibilityChangeReporter: Compat change id reported: 148180766; UID 10168; state: ENABLED
08-20 01:11:16.077  2162  2199 I .gms.persisten: Background concurrent copying GC freed 51339(2357KB) AllocSpace objects, 131(5464KB) LOS objects, 41% free, 8754KB/14MB, paused 353us total 152.233ms
08-20 01:11:19.094  2162  2162 D BoundBrokerSvc: onUnbind: Intent { act=com.google.android.gms.scheduler.ACTION_PROXY_SCHEDULE dat=chimera-action:com.google.android.gms.scheduler.ACTION_PROXY_SCHEDULE cmp=com.google.android.gms/.chimera.PersistentApiService }
08-20 01:11:19.196  2162  2162 D BoundBrokerSvc: onUnbind: Intent { act=com.google.android.gms.clearcut.bootcount.service.START dat=chimera-action:com.google.android.gms.clearcut.bootcount.service.START cmp=com.google.android.gms/.chimera.PersistentBoundBrokerService }
08-20 01:11:19.207  2162  2162 D BoundBrokerSvc: onUnbind: Intent { act=com.google.android.gms.trustagent.BridgeApi.START pkg=com.google.android.gms }
08-20 01:11:19.494  2162  2162 D BoundBrokerSvc: onUnbind: Intent { act=com.google.android.gms.facs.cache.service.START dat=chimera-action:com.google.android.gms.facs.cache.service.START cmp=com.google.android.gms/.chimera.PersistentApiService }
08-20 01:11:19.697  2162  2162 D BoundBrokerSvc: onUnbind: Intent { act=com.google.android.gms.udc.service.START dat=chimera-action:com.google.android.gms.udc.service.START cmp=com.google.android.gms/.chimera.PersistentApiService }
08-20 01:11:23.390  2162  2162 D BoundBrokerSvc: onUnbind: Intent { act=com.google.android.gms.clearcut.service.START pkg=com.google.android.gms }
08-20 01:11:24.581  2162  2199 I .gms.persisten: Background concurrent copying GC freed 31355(1433KB) AllocSpace objects, 92(4784KB) LOS objects, 41% free, 8764KB/14MB, paused 113us total 138.630ms
08-20 01:11:33.229  2162  2199 I .gms.persisten: Background concurrent copying GC freed 31341(1401KB) AllocSpace objects, 92(4784KB) LOS objects, 41% free, 8768KB/14MB, paused 111us total 146.111ms
08-20 01:11:41.935  2162  2199 I .gms.persisten: Background concurrent copying GC freed 32872(1438KB) AllocSpace objects, 92(4784KB) LOS objects, 41% free, 8703KB/14MB, paused 109us total 140.714ms
08-20 01:11:50.611  2162  2199 I .gms.persisten: Background concurrent copying GC freed 30728(1381KB) AllocSpace objects, 92(4784KB) LOS objects, 41% free, 8726KB/14MB, paused 113us total 139.078ms
08-20 01:11:59.271  2162  2199 I .gms.persisten: Background concurrent copying GC freed 31346(1369KB) AllocSpace objects, 92(4784KB) LOS objects, 41% free, 8713KB/14MB, paused 113us total 141.172ms
08-20 01:12:07.681  2162  2199 I .gms.persisten: Background concurrent copying GC freed 31748(1414KB) AllocSpace objects, 90(4680KB) LOS objects, 41% free, 8759KB/14MB, paused 124us total 138.820ms
08-20 01:12:16.559  2162  2199 I .gms.persisten: Background concurrent copying GC freed 31511(1390KB) AllocSpace objects, 92(4784KB) LOS objects, 41% free, 8758KB/14MB, paused 114us total 139.953ms
08-20 01:12:22.191  2224  2702 V _V_ProcCpuTracker: Stats added com.google.android.gms.persistent pid=2162 uid=10168, rtime=3016
08-20 01:12:25.445  2162  2199 I .gms.persisten: Background concurrent copying GC freed 31407(1387KB) AllocSpace objects, 92(4784KB) LOS objects, 41% free, 8759KB/14MB, paused 110us total 139.683ms
08-20 01:12:34.304  2162  2199 I .gms.persisten: Background concurrent copying GC freed 31336(1384KB) AllocSpace objects, 92(4784KB) LOS objects, 41% free, 8764KB/14MB, paused 105us total 139.627ms
08-20 01:12:43.192  2162  2199 I .gms.persisten: Background concurrent copying GC freed 31844(1415KB) AllocSpace objects, 92(4784KB) LOS objects, 41% free, 8753KB/14MB, paused 115us total 143.382ms
08-20 01:12:52.080  2162  2199 I .gms.persisten: Background concurrent copying GC freed 31481(1375KB) AllocSpace objects, 92(4784KB) LOS objects, 41% free, 8750KB/14MB, paused 112us total 140.468ms
08-20 01:13:01.038  2162  2199 I .gms.persisten: Background concurrent copying GC freed 31366(1385KB) AllocSpace objects, 92(4784KB) LOS objects, 41% free, 8754KB/14MB, paused 105us total 141.921ms
08-20 01:13:10.037  2162  2199 I .gms.persisten: Background concurrent copying GC freed 31566(1377KB) AllocSpace objects, 92(4784KB) LOS objects, 41% free, 8750KB/14MB, paused 106us total 139.245ms
08-20 01:13:19.235  2162  2199 I .gms.persisten: Background concurrent copying GC freed 31344(1368KB) AllocSpace objects, 92(4784KB) LOS objects, 41% free, 8754KB/14MB, paused 115us total 145.144ms
08-20 01:13:28.408  2162  2199 I .gms.persisten: Background concurrent copying GC freed 31571(1376KB) AllocSpace objects, 92(4784KB) LOS objects, 41% free, 8750KB/14MB, paused 111us total 139.334ms
08-20 01:13:37.615  2162  2199 I .gms.persisten: Background concurrent copying GC freed 31491(1373KB) AllocSpace objects, 92(4784KB) LOS objects, 41% free, 8750KB/14MB, paused 113us total 139.508ms
08-20 01:13:46.765  2162  2199 I .gms.persisten: Background concurrent copying GC freed 31440(1390KB) AllocSpace objects, 92(4784KB) LOS objects, 41% free, 8749KB/14MB, paused 123us total 139.596ms
08-20 01:13:55.933  2162  2199 I .gms.persisten: Background concurrent copying GC freed 31362(1369KB) AllocSpace objects, 92(4784KB) LOS objects, 41% free, 8752KB/14MB, paused 113us total 138.684ms
08-20 01:14:05.119  2162  2199 I .gms.persisten: Background concurrent copying GC freed 32203(1529KB) AllocSpace objects, 90(4680KB) LOS objects, 41% free, 8767KB/14MB, paused 117us total 139.789ms
08-20 01:14:14.394  2162  2199 I .gms.persisten: Background concurrent copying GC freed 31694(1384KB) AllocSpace objects, 92(4784KB) LOS objects, 41% free, 8756KB/14MB, paused 124us total 139.270ms
08-20 01:14:23.722  2162  2199 I .gms.persisten: Background concurrent copying GC freed 31495(1402KB) AllocSpace objects, 92(4784KB) LOS objects, 41% free, 8758KB/14MB, paused 125us total 139.389ms
08-20 01:14:33.111  2162  2199 I .gms.persisten: Background concurrent copying GC freed 31492(1405KB) AllocSpace objects, 94(4888KB) LOS objects, 41% free, 8757KB/14MB, paused 115us total 139.660ms
08-20 01:14:42.458  2162  2199 I .gms.persisten: Background concurrent copying GC freed 31448(1374KB) AllocSpace objects, 92(4784KB) LOS objects, 41% free, 8756KB/14MB, paused 221us total 140.800ms
08-20 01:14:51.828  2162  2199 I .gms.persisten: Background concurrent copying GC freed 31503(1387KB) AllocSpace objects, 92(4784KB) LOS objects, 41% free, 8754KB/14MB, paused 118us total 139.927ms
08-20 01:15:01.136  2162  2199 I .gms.persisten: Background concurrent copying GC freed 31450(1373KB) AllocSpace objects, 92(4784KB) LOS objects, 41% free, 8753KB/14MB, paused 113us total 139.771ms
08-20 01:15:10.523  2162  2199 I .gms.persisten: Background concurrent copying GC freed 31346(1369KB) AllocSpace objects, 92(4784KB) LOS objects, 41% free, 8757KB/14MB, paused 114us total 140.241ms
08-20 01:15:19.931  2162  2199 I .gms.persisten: Background concurrent copying GC freed 31584(1392KB) AllocSpace objects, 92(4784KB) LOS objects, 41% free, 8754KB/14MB, paused 121us total 139.201ms
08-20 01:15:29.420  2162  2199 I .gms.persisten: Background concurrent copying GC freed 31506(1390KB) AllocSpace objects, 92(4784KB) LOS objects, 41% free, 8752KB/14MB, paused 112us total 139.128ms
08-20 01:15:38.988  2162  2199 I .gms.persisten: Background concurrent copying GC freed 31464(1373KB) AllocSpace objects, 92(4784KB) LOS objects, 41% free, 8751KB/14MB, paused 113us total 139.749ms
08-20 01:15:48.550  2162  2199 I .gms.persisten: Background concurrent copying GC freed 31340(1368KB) AllocSpace objects, 92(4784KB) LOS objects, 41% free, 8756KB/14MB, paused 119us total 138.715ms
08-20 01:15:58.117  2162  2199 I .gms.persisten: Background concurrent copying GC freed 31559(1376KB) AllocSpace objects, 92(4784KB) LOS objects, 41% free, 8753KB/14MB, paused 111us total 138.960ms
08-20 01:16:00.885   385   385 E SELinux : avc:  denied  { find } for interface=android.hardware.memtrack::IMemtrack sid=u:r:gmscore_app:s0:c512,c768 pid=2162 scontext=u:r:gmscore_app:s0:c512,c768 tcontext=u:object_r:hal_memtrack_hwservice:s0 tclass=hwservice_manager permissive=0
08-20 01:16:00.886  2162  6801 E memtrack: Couldn't load memtrack module
08-20 01:16:07.703  2162  2199 I .gms.persisten: Background concurrent copying GC freed 31483(1388KB) AllocSpace objects, 92(4784KB) LOS objects, 41% free, 8756KB/14MB, paused 120us total 139.532ms
08-20 01:16:17.314  2162  2199 I .gms.persisten: Background concurrent copying GC freed 31620(1400KB) AllocSpace objects, 92(4784KB) LOS objects, 41% free, 8744KB/14MB, paused 120us total 139.584ms
08-20 01:16:26.980  2162  2199 I .gms.persisten: Background concurrent copying GC freed 31574(1376KB) AllocSpace objects, 92(4784KB) LOS objects, 41% free, 8759KB/14MB, paused 110us total 139.303ms
08-20 01:16:36.707  2162  2199 I .gms.persisten: Background concurrent copying GC freed 31438(1372KB) AllocSpace objects, 92(4784KB) LOS objects, 41% free, 8759KB/14MB, paused 110us total 139.780ms
08-20 01:16:46.389  2162  2199 I .gms.persisten: Background concurrent copying GC freed 31371(1369KB) AllocSpace objects, 92(4784KB) LOS objects, 41% free, 8762KB/14MB, paused 113us total 139.708ms
08-20 01:16:56.060  2162  2199 I .gms.persisten: Background concurrent copying GC freed 31552(1375KB) AllocSpace objects, 92(4784KB) LOS objects, 41% free, 8759KB/14MB, paused 117us total 139.822ms
08-20 01:17:05.708  2162  2199 I .gms.persisten: Background concurrent copying GC freed 31436(1369KB) AllocSpace objects, 92(4784KB) LOS objects, 41% free, 8760KB/14MB, paused 116us total 139.952ms
08-20 01:17:15.316  2162  2199 I .gms.persisten: Background concurrent copying GC freed 31354(1385KB) AllocSpace objects, 92(4784KB) LOS objects, 41% free, 8763KB/14MB, paused 110us total 140.347ms
08-20 01:17:24.910  2162  2199 I .gms.persisten: Background concurrent copying GC freed 31560(1375KB) AllocSpace objects, 92(4784KB) LOS objects, 41% free, 8760KB/14MB, paused 126us total 138.715ms
08-20 01:17:33.873  2162  2199 I .gms.persisten: Background concurrent copying GC freed 48245(2067KB) AllocSpace objects, 88(4456KB) LOS objects, 39% free, 9556KB/15MB, paused 596us total 191.143ms
08-20 01:17:34.617  2162  2382 W ConfigurationChimeraPro: Caller is not authorized to access Uri: content://com.google.android.gms.phenotype/com.google.android.gms.fonts [CONTEXT service_id=51 ]
08-20 01:17:35.026  2162  2382 I FontLog : Pulling font file for id = 1, cache size = 1 [CONTEXT service_id=132 ]
08-20 01:17:37.573  2162  2199 I .gms.persisten: Background concurrent copying GC freed 33146(1488KB) AllocSpace objects, 104(5408KB) LOS objects, 37% free, 10157KB/15MB, paused 162us total 165.678ms
08-20 01:17:40.837  2162  2199 I .gms.persisten: Background concurrent copying GC freed 32169(1432KB) AllocSpace objects, 98(5096KB) LOS objects, 37% free, 10182KB/15MB, paused 177us total 162.692ms
08-20 01:17:44.428  2162  2199 I .gms.persisten: Background concurrent copying GC freed 33558(1519KB) AllocSpace objects, 102(5304KB) LOS objects, 37% free, 10181KB/15MB, paused 172us total 165.769ms
08-20 01:17:47.675  2162  2199 I .gms.persisten: Background concurrent copying GC freed 33993(1524KB) AllocSpace objects, 106(5512KB) LOS objects, 37% free, 10073KB/15MB, paused 157us total 159.295ms
08-20 01:17:55.077  2162  2513 D SharedPreferencesImpl: Time required to fsync /data/user/0/com.google.android.gms/shared_prefs/tron_prefs.xml: [<1: 0, <2: 0, <4: 368, <8: 4647, <16: 64, <32: 24, <64: 16, <128: 1, <256: 0, <512: 0, <1024: 0, <2048: 0, <4096: 0, <8192: 0, <16384: 0, >=16384: 0]
08-20 01:18:04.093  2162  2199 I .gms.persisten: Background concurrent copying GC freed 33145(1485KB) AllocSpace objects, 100(5200KB) LOS objects, 37% free, 10065KB/15MB, paused 186us total 153.907ms
08-20 01:18:05.765  2162  2199 I .gms.persisten: Background concurrent copying GC freed 33240(1504KB) AllocSpace objects, 100(5200KB) LOS objects, 37% free, 10062KB/15MB, paused 180us total 156.171ms
08-20 01:18:10.860  2162  2199 I .gms.persisten: Background concurrent copying GC freed 32824(1495KB) AllocSpace objects, 100(5200KB) LOS objects, 37% free, 10031KB/15MB, paused 261us total 153.895ms
08-20 01:18:12.561  2162  2199 I .gms.persisten: Background concurrent copying GC freed 33168(1497KB) AllocSpace objects, 102(5304KB) LOS objects, 37% free, 10036KB/15MB, paused 241us total 153.711ms
08-20 01:18:14.286  2162  2199 I .gms.persisten: Background concurrent copying GC freed 33387(1491KB) AllocSpace objects, 102(5304KB) LOS objects, 37% free, 10031KB/15MB, paused 245us total 153.569ms
08-20 01:18:16.070  2162  2199 I .gms.persisten: Background concurrent copying GC freed 33182(1486KB) AllocSpace objects, 102(5304KB) LOS objects, 37% free, 10031KB/15MB, paused 222us total 153.189ms
08-20 01:18:19.721  2162  2199 I .gms.persisten: Background concurrent copying GC freed 33408(1518KB) AllocSpace objects, 102(5304KB) LOS objects, 37% free, 10049KB/15MB, paused 170us total 156.815ms
08-20 01:18:36.072  2162  2199 I .gms.persisten: Background concurrent copying GC freed 18922(854KB) AllocSpace objects, 122(6344KB) LOS objects, 37% free, 10MB/16MB, paused 158us total 151.896ms
08-20 01:18:39.338  2162  2199 I .gms.persisten: Background concurrent copying GC freed 17941(843KB) AllocSpace objects, 116(6032KB) LOS objects, 37% free, 10MB/16MB, paused 164us total 153.703ms
08-20 01:18:40.404  2162  2199 I .gms.persisten: Background concurrent copying GC freed 18903(853KB) AllocSpace objects, 122(6344KB) LOS objects, 37% free, 10MB/16MB, paused 165us total 153.283ms
08-20 01:18:42.590  2162  2199 I .gms.persisten: Background concurrent copying GC freed 18585(862KB) AllocSpace objects, 122(6344KB) LOS objects, 37% free, 10MB/16MB, paused 245us total 153.261ms
08-20 01:18:45.852  2162  2199 I .gms.persisten: Background concurrent copying GC freed 18695(851KB) AllocSpace objects, 122(6344KB) LOS objects, 37% free, 10MB/16MB, paused 126us total 150.943ms
08-20 01:18:50.237  2162  2199 I .gms.persisten: Background concurrent copying GC freed 18732(848KB) AllocSpace objects, 122(6344KB) LOS objects, 37% free, 10MB/16MB, paused 153us total 151.131ms
08-20 01:18:50.344  2162  2513 D SharedPreferencesImpl: Time required to fsync /data/user/0/com.google.android.gms/shared_prefs/tron_prefs.xml: [<1: 0, <2: 0, <4: 1130, <8: 6937, <16: 72, <32: 29, <64: 22, <128: 2, <256: 0, <512: 0, <1024: 0, <2048: 0, <4096: 0, <8192: 0, <16384: 0, >=16384: 0]
08-20 01:18:56.907  2162  2199 I .gms.persisten: Background concurrent copying GC freed 18973(871KB) AllocSpace objects, 122(6344KB) LOS objects, 37% free, 10MB/16MB, paused 166us total 160.083ms
08-20 01:18:58.037  2162  2199 I .gms.persisten: Background concurrent copying GC freed 18622(847KB) AllocSpace objects, 122(6344KB) LOS objects, 37% free, 10MB/16MB, paused 177us total 154.731ms
08-20 01:19:00.261  2162  2199 I .gms.persisten: Background concurrent copying GC freed 18558(864KB) AllocSpace objects, 120(6240KB) LOS objects, 37% free, 10MB/16MB, paused 141us total 154.603ms
08-20 01:19:05.848  2162  2199 I .gms.persisten: Background concurrent copying GC freed 18504(846KB) AllocSpace objects, 120(6240KB) LOS objects, 37% free, 10MB/16MB, paused 176us total 149.767ms
08-20 01:19:11.465  2162  2199 I .gms.persisten: Background concurrent copying GC freed 18781(854KB) AllocSpace objects, 120(6240KB) LOS objects, 37% free, 10MB/16MB, paused 173us total 149.816ms
08-20 01:19:17.111  2162  2199 I .gms.persisten: Background concurrent copying GC freed 18670(852KB) AllocSpace objects, 120(6240KB) LOS objects, 37% free, 10MB/16MB, paused 158us total 151.612ms
08-20 01:19:18.270  2162  2199 I .gms.persisten: Background concurrent copying GC freed 18579(845KB) AllocSpace objects, 120(6240KB) LOS objects, 37% free, 10MB/16MB, paused 156us total 152.066ms
08-20 01:19:19.422  2162  2199 I .gms.persisten: Background concurrent copying GC freed 18947(869KB) AllocSpace objects, 122(6344KB) LOS objects, 37% free, 10MB/16MB, paused 298us total 156.309ms
08-20 01:19:27.890  2162  2199 I .gms.persisten: Background concurrent copying GC freed 18166(845KB) AllocSpace objects, 120(6240KB) LOS objects, 37% free, 10MB/16MB, paused 159us total 151.018ms
08-20 01:19:30.323  2162  2199 I .gms.persisten: Background concurrent copying GC freed 18174(845KB) AllocSpace objects, 120(6240KB) LOS objects, 37% free, 10MB/16MB, paused 143us total 152.606ms
08-20 01:19:31.552  2162  2199 I .gms.persisten: Background concurrent copying GC freed 18282(846KB) AllocSpace objects, 120(6240KB) LOS objects, 37% free, 10MB/16MB, paused 123us total 154.207ms
08-20 01:19:32.786  2162  2199 I .gms.persisten: Background concurrent copying GC freed 18431(827KB) AllocSpace objects, 120(6240KB) LOS objects, 37% free, 10MB/16MB, paused 161us total 149.568ms
08-20 01:19:34.001  2162  2199 I .gms.persisten: Background concurrent copying GC freed 18748(842KB) AllocSpace objects, 120(6240KB) LOS objects, 37% free, 10MB/16MB, paused 253us total 153.288ms
08-20 01:19:41.396  2162  2199 I .gms.persisten: Background concurrent copying GC freed 18469(834KB) AllocSpace objects, 120(6240KB) LOS objects, 37% free, 10MB/16MB, paused 133us total 151.936ms
08-20 01:19:43.847  2162  2199 I .gms.persisten: Background concurrent copying GC freed 18205(841KB) AllocSpace objects, 120(6240KB) LOS objects, 37% free, 10MB/16MB, paused 132us total 148.948ms
08-20 01:19:50.096  2162  2199 I .gms.persisten: Background concurrent copying GC freed 18449(849KB) AllocSpace objects, 120(6240KB) LOS objects, 37% free, 10MB/16MB, paused 111us total 156.112ms
08-20 01:19:51.342  2162  2199 I .gms.persisten: Background concurrent copying GC freed 18683(842KB) AllocSpace objects, 120(6240KB) LOS objects, 37% free, 10MB/16MB, paused 130us total 154.669ms
08-20 01:19:52.582  2162  2199 I .gms.persisten: Background concurrent copying GC freed 18308(830KB) AllocSpace objects, 120(6240KB) LOS objects, 37% free, 10MB/16MB, paused 145us total 156.071ms
08-20 01:19:53.811  2162  2199 I .gms.persisten: Background concurrent copying GC freed 18038(840KB) AllocSpace objects, 120(6240KB) LOS objects, 37% free, 10192KB/15MB, paused 162us total 149.781ms
08-20 01:19:55.084  2162  8063 D SharedPreferencesImpl: Time required to fsync /data/user/0/com.google.android.gms/shared_prefs/LogDropPref.xml: [<1: 0, <2: 0, <4: 1924, <8: 2123, <16: 29, <32: 7, <64: 10, <128: 3, <256: 0, <512: 0, <1024: 0, <2048: 0, <4096: 0, <8192: 0, <16384: 0, >=16384: 0]
08-20 01:19:57.567  2162  2199 I .gms.persisten: Background concurrent copying GC freed 18241(830KB) AllocSpace objects, 120(6240KB) LOS objects, 37% free, 10MB/16MB, paused 149us total 155.331ms
08-20 01:20:03.960  2162  2199 I .gms.persisten: Background concurrent copying GC freed 18570(854KB) AllocSpace objects, 120(6240KB) LOS objects, 37% free, 10194KB/15MB, paused 151us total 151.667ms
08-20 01:20:06.575  2162  2199 I .gms.persisten: Background concurrent copying GC freed 18358(834KB) AllocSpace objects, 120(6240KB) LOS objects, 37% free, 10188KB/15MB, paused 146us total 154.186ms
08-20 01:20:10.530  2162  2199 I .gms.persisten: Background concurrent copying GC freed 18133(843KB) AllocSpace objects, 118(6136KB) LOS objects, 37% free, 10MB/16MB, paused 158us total 149.983ms
08-20 01:20:11.819  2162  2199 I .gms.persisten: Background concurrent copying GC freed 18134(843KB) AllocSpace objects, 120(6240KB) LOS objects, 37% free, 10191KB/15MB, paused 158us total 149.972ms
08-20 01:20:15.812  2162  2199 I .gms.persisten: Background concurrent copying GC freed 18975(917KB) AllocSpace objects, 114(5928KB) LOS objects, 37% free, 10MB/16MB, paused 170us total 150.294ms
08-20 01:20:18.305  2162  8066 D SharedPreferencesImpl: Time required to fsync /data/user/0/com.google.android.gms/shared_prefs/LogDropPref.xml: [<1: 0, <2: 0, <4: 2452, <8: 2604, <16: 41, <32: 8, <64: 12, <128: 3, <256: 0, <512: 0, <1024: 0, <2048: 0, <4096: 0, <8192: 0, <16384: 0, >=16384: 0]
08-20 01:20:18.449  2162  2199 I .gms.persisten: Background concurrent copying GC freed 17928(840KB) AllocSpace objects, 118(6136KB) LOS objects, 37% free, 10206KB/15MB, paused 124us total 148.457ms
08-20 01:20:21.115  2162  2199 I .gms.persisten: Background concurrent copying GC freed 18399(846KB) AllocSpace objects, 122(6344KB) LOS objects, 37% free, 10211KB/15MB, paused 124us total 150.611ms
08-20 01:20:23.760  2162  2199 I .gms.persisten: Background concurrent copying GC freed 17958(840KB) AllocSpace objects, 118(6136KB) LOS objects, 37% free, 10MB/16MB, paused 171us total 153.908ms
08-20 01:20:33.113  2162  2199 I .gms.persisten: Background concurrent copying GC freed 17569(821KB) AllocSpace objects, 116(6032KB) LOS objects, 37% free, 10MB/16MB, paused 180us total 149.687ms
08-20 01:20:34.487  2162  2199 I .gms.persisten: Background concurrent copying GC freed 18243(835KB) AllocSpace objects, 118(6136KB) LOS objects, 37% free, 10210KB/15MB, paused 141us total 150.410ms
08-20 01:20:35.843  2162  2199 I .gms.persisten: Background concurrent copying GC freed 18253(835KB) AllocSpace objects, 118(6136KB) LOS objects, 37% free, 10206KB/15MB, paused 157us total 153.062ms
08-20 01:20:37.194  2162  2199 I .gms.persisten: Background concurrent copying GC freed 17868(838KB) AllocSpace objects, 116(6032KB) LOS objects, 37% free, 10MB/16MB, paused 132us total 150.211ms
08-20 01:20:42.423  2162  8066 D SharedPreferencesImpl: Time required to fsync /data/user/0/com.google.android.gms/shared_prefs/LogDropPref.xml: [<1: 0, <2: 0, <4: 3035, <8: 3039, <16: 44, <32: 8, <64: 15, <128: 3, <256: 0, <512: 0, <1024: 0, <2048: 0, <4096: 0, <8192: 0, <16384: 0, >=16384: 0]
08-20 01:20:42.658  2162  2199 I .gms.persisten: Background concurrent copying GC freed 18096(843KB) AllocSpace objects, 118(6136KB) LOS objects, 37% free, 10210KB/15MB, paused 134us total 154.629ms
08-20 01:20:44.012  2162  2199 I .gms.persisten: Background concurrent copying GC freed 18307(835KB) AllocSpace objects, 116(6032KB) LOS objects, 37% free, 10217KB/15MB, paused 354us total 149.662ms
08-20 01:20:45.358  2162  2199 I .gms.persisten: Background concurrent copying GC freed 17626(821KB) AllocSpace objects, 118(6136KB) LOS objects, 37% free, 10MB/16MB, paused 152us total 152.737ms
08-20 01:20:49.434  2162  2199 I .gms.persisten: Background concurrent copying GC freed 17996(849KB) AllocSpace objects, 114(5928KB) LOS objects, 37% free, 10MB/16MB, paused 149us total 150.085ms
08-20 01:20:54.903  2162  2199 I .gms.persisten: Background concurrent copying GC freed 17631(822KB) AllocSpace objects, 114(5928KB) LOS objects, 37% free, 10MB/16MB, paused 133us total 150.097ms
08-20 01:20:56.295  2162  2199 I .gms.persisten: Background concurrent copying GC freed 18094(845KB) AllocSpace objects, 120(6240KB) LOS objects, 37% free, 10207KB/15MB, paused 140us total 151.132ms
08-20 01:21:04.576  2162  2199 I .gms.persisten: Background concurrent copying GC freed 17955(846KB) AllocSpace objects, 112(5824KB) LOS objects, 37% free, 10MB/16MB, paused 283us total 149.961ms
08-20 01:21:05.940  2162  2199 I .gms.persisten: Background concurrent copying GC freed 17670(823KB) AllocSpace objects, 120(6240KB) LOS objects, 37% free, 10206KB/15MB, paused 141us total 154.484ms
08-20 01:21:07.184  2162  8063 D SharedPreferencesImpl: Time required to fsync /data/user/0/com.google.android.gms/shared_prefs/LogDropPref.xml: [<1: 0, <2: 0, <4: 3505, <8: 3588, <16: 44, <32: 8, <64: 20, <128: 3, <256: 0, <512: 0, <1024: 0, <2048: 0, <4096: 0, <8192: 0, <16384: 0, >=16384: 0]
08-20 01:21:07.353  2162  2199 I .gms.persisten: Background concurrent copying GC freed 18062(845KB) AllocSpace objects, 114(5928KB) LOS objects, 37% free, 10MB/16MB, paused 167us total 150.209ms
08-20 01:21:11.471  2162  2199 I .gms.persisten: Background concurrent copying GC freed 17911(828KB) AllocSpace objects, 118(6136KB) LOS objects, 37% free, 10206KB/15MB, paused 136us total 148.303ms
08-20 01:21:22.739  2162  2199 I .gms.persisten: Background concurrent copying GC freed 18096(826KB) AllocSpace objects, 118(6136KB) LOS objects, 37% free, 10109KB/15MB, paused 164us total 150.370ms
08-20 01:21:32.854  2162  8066 D SharedPreferencesImpl: Time required to fsync /data/user/0/com.google.android.gms/shared_prefs/LogDropPref.xml: [<1: 0, <2: 0, <4: 4064, <8: 4046, <16: 49, <32: 9, <64: 21, <128: 3, <256: 0, <512: 0, <1024: 0, <2048: 0, <4096: 0, <8192: 0, <16384: 0, >=16384: 0]
08-20 01:21:42.689  2162  2199 I .gms.persisten: Background concurrent copying GC freed 23038(1029KB) AllocSpace objects, 140(7280KB) LOS objects, 36% free, 10MB/16MB, paused 103us total 149.313ms
08-20 01:21:43.642  2162  2199 I .gms.persisten: Background concurrent copying GC freed 19601(904KB) AllocSpace objects, 136(7072KB) LOS objects, 36% free, 10MB/16MB, paused 126us total 208.670ms
08-20 01:21:48.527  2162  2513 D SharedPreferencesImpl: Time required to fsync /data/user/0/com.google.android.gms/shared_prefs/tron_prefs.xml: [<1: 0, <2: 0, <4: 2225, <8: 13894, <16: 151, <32: 58, <64: 49, <128: 7, <256: 0, <512: 0, <1024: 0, <2048: 0, <4096: 0, <8192: 0, <16384: 0, >=16384: 0]
08-20 01:21:50.008  2162  2199 I .gms.persisten: Background concurrent copying GC freed 21349(988KB) AllocSpace objects, 140(7280KB) LOS objects, 37% free, 10MB/16MB, paused 131us total 130.659ms
08-20 01:21:50.602  1417  1493 D _V_VivoPowerManagerService: No.1: PARTIAL_WAKE_LOCK 'wake:CollectionChimeraSvc'activated(flags=1, uid=10168, pid=2162) during_total=11ms)
08-20 01:22:02.120  2162  2513 D SharedPreferencesImpl: Time required to fsync /data/user/0/com.google.android.gms/shared_prefs/tron_prefs.xml: [<1: 0, <2: 0, <4: 2648, <8: 14470, <16: 166, <32: 62, <64: 55, <128: 7, <256: 0, <512: 0, <1024: 0, <2048: 0, <4096: 0, <8192: 0, <16384: 0, >=16384: 0]
08-20 01:22:03.560  2162  2199 I .gms.persisten: Background concurrent copying GC freed 19256(892KB) AllocSpace objects, 126(6552KB) LOS objects, 36% free, 10MB/16MB, paused 124us total 151.538ms
08-20 01:22:18.351  2162  2199 I .gms.persisten: Background concurrent copying GC freed 26676(1136KB) AllocSpace objects, 130(6760KB) LOS objects, 36% free, 10MB/16MB, paused 145us total 157.807ms
08-20 01:22:23.515  2162  2199 I .gms.persisten: Background concurrent copying GC freed 24643(1033KB) AllocSpace objects, 118(6136KB) LOS objects, 36% free, 10MB/16MB, paused 169us total 155.517ms
08-20 01:22:25.185  2162  2199 I .gms.persisten: Background concurrent copying GC freed 26913(1152KB) AllocSpace objects, 128(6656KB) LOS objects, 36% free, 10MB/16MB, paused 208us total 155.903ms
08-20 01:22:30.191  2162  2199 I .gms.persisten: Background concurrent copying GC freed 26367(1121KB) AllocSpace objects, 124(6448KB) LOS objects, 36% free, 10MB/16MB, paused 133us total 154.817ms
08-20 01:22:35.395  2162  2199 I .gms.persisten: Background concurrent copying GC freed 26483(1118KB) AllocSpace objects, 130(6760KB) LOS objects, 36% free, 10MB/16MB, paused 132us total 157.447ms
08-20 01:22:40.768  2162  2199 I .gms.persisten: Background concurrent copying GC freed 26924(1142KB) AllocSpace objects, 126(6552KB) LOS objects, 36% free, 10MB/16MB, paused 144us total 153.147ms
08-20 01:22:45.349  2162  2513 D SharedPreferencesImpl: Time required to fsync /data/user/0/com.google.android.gms/shared_prefs/tron_prefs.xml: [<1: 0, <2: 0, <4: 3921, <8: 16232, <16: 182, <32: 66, <64: 71, <128: 7, <256: 1, <512: 0, <1024: 0, <2048: 0, <4096: 0, <8192: 0, <16384: 0, >=16384: 0]
08-20 01:22:46.114  2162  2199 I .gms.persisten: Background concurrent copying GC freed 25910(1080KB) AllocSpace objects, 124(6448KB) LOS objects, 36% free, 10MB/16MB, paused 159us total 157.188ms
08-20 01:22:47.018  2162  2199 I .gms.persisten: Background concurrent copying GC freed 24925(1061KB) AllocSpace objects, 122(6344KB) LOS objects, 36% free, 10MB/16MB, paused 169us total 151.961ms
08-20 01:22:47.902  2162  2199 I .gms.persisten: Background concurrent copying GC freed 26554(1116KB) AllocSpace objects, 126(6552KB) LOS objects, 36% free, 10MB/16MB, paused 237us total 156.124ms
08-20 01:22:49.782  2162  2199 I .gms.persisten: Background concurrent copying GC freed 25823(1096KB) AllocSpace objects, 122(6344KB) LOS objects, 36% free, 10MB/16MB, paused 152us total 154.708ms
08-20 01:22:58.284  2162  2199 I .gms.persisten: Background concurrent copying GC freed 25267(1070KB) AllocSpace objects, 122(6344KB) LOS objects, 36% free, 10MB/16MB, paused 164us total 151.243ms
08-20 01:23:01.169  2162  2199 I .gms.persisten: Background concurrent copying GC freed 25403(1063KB) AllocSpace objects, 124(6448KB) LOS objects, 36% free, 10MB/16MB, paused 121us total 153.466ms
08-20 01:23:02.135  2162  2199 I .gms.persisten: Background concurrent copying GC freed 25187(1093KB) AllocSpace objects, 122(6344KB) LOS objects, 36% free, 10MB/16MB, paused 127us total 155.780ms
08-20 01:23:03.109  2162  2199 I .gms.persisten: Background concurrent copying GC freed 25527(1081KB) AllocSpace objects, 122(6344KB) LOS objects, 36% free, 10MB/16MB, paused 297us total 155.726ms
08-20 01:23:16.070  2162  2199 I .gms.persisten: Background concurrent copying GC freed 24581(1036KB) AllocSpace objects, 118(6136KB) LOS objects, 36% free, 10MB/16MB, paused 143us total 151.452ms
08-20 01:23:21.173  2162  2199 I .gms.persisten: Background concurrent copying GC freed 25263(1068KB) AllocSpace objects, 120(6240KB) LOS objects, 36% free, 10MB/16MB, paused 132us total 154.742ms
08-20 01:23:23.219  2162  2199 I .gms.persisten: Background concurrent copying GC freed 24322(1038KB) AllocSpace objects, 118(6136KB) LOS objects, 36% free, 10MB/16MB, paused 165us total 150.551ms
08-20 01:23:26.308  2162  2199 I .gms.persisten: Background concurrent copying GC freed 24258(1046KB) AllocSpace objects, 118(6136KB) LOS objects, 36% free, 10MB/16MB, paused 141us total 150.864ms
08-20 01:23:28.387  2162  2199 I .gms.persisten: Background concurrent copying GC freed 24903(1062KB) AllocSpace objects, 118(6136KB) LOS objects, 36% free, 10MB/16MB, paused 162us total 149.082ms
08-20 01:23:36.847  2162  2199 I .gms.persisten: Background concurrent copying GC freed 24873(1056KB) AllocSpace objects, 116(6032KB) LOS objects, 36% free, 10MB/16MB, paused 132us total 159.418ms
08-20 01:23:41.151  2162  2199 I .gms.persisten: Background concurrent copying GC freed 24363(1033KB) AllocSpace objects, 118(6136KB) LOS objects, 36% free, 10MB/16MB, paused 146us total 153.359ms
08-20 01:23:44.428  2162  2199 I .gms.persisten: Background concurrent copying GC freed 24949(1058KB) AllocSpace objects, 118(6136KB) LOS objects, 36% free, 10MB/16MB, paused 304us total 156.257ms
08-20 01:23:46.578  2162  2199 I .gms.persisten: Background concurrent copying GC freed 24543(1056KB) AllocSpace objects, 116(6032KB) LOS objects, 36% free, 10MB/16MB, paused 137us total 150.515ms
08-20 01:23:53.273  2162  2199 I .gms.persisten: Background concurrent copying GC freed 24842(1050KB) AllocSpace objects, 118(6136KB) LOS objects, 36% free, 10MB/16MB, paused 163us total 156.057ms
08-20 01:23:56.639  2162  2199 I .gms.persisten: Background concurrent copying GC freed 24568(1063KB) AllocSpace objects, 116(6032KB) LOS objects, 36% free, 10MB/16MB, paused 288us total 152.428ms
08-20 01:23:57.759  2162  2199 I .gms.persisten: Background concurrent copying GC freed 24599(1050KB) AllocSpace objects, 118(6136KB) LOS objects, 36% free, 10MB/16MB, paused 131us total 151.864ms
08-20 01:23:58.948  2162  2199 I .gms.persisten: Background concurrent copying GC freed 24592(1055KB) AllocSpace objects, 118(6136KB) LOS objects, 37% free, 10MB/16MB, paused 246us total 155.272ms
08-20 01:24:00.541  2162  2750 D SharedPreferencesImpl: Time required to fsync /data/user/0/com.google.android.gms/shared_prefs/LogDropPref.xml: [<1: 0, <2: 0, <4: 6662, <8: 10527, <16: 133, <32: 32, <64: 50, <128: 4, <256: 0, <512: 0, <1024: 0, <2048: 0, <4096: 0, <8192: 0, <16384: 0, >=16384: 0]
08-20 01:24:02.399  2162  2199 I .gms.persisten: Background concurrent copying GC freed 24317(1044KB) AllocSpace objects, 116(6032KB) LOS objects, 37% free, 10MB/16MB, paused 367us total 150.016ms
08-20 01:24:03.533  2162  2199 I .gms.persisten: Background concurrent copying GC freed 24516(1046KB) AllocSpace objects, 116(6032KB) LOS objects, 37% free, 10MB/16MB, paused 261us total 154.425ms
08-20 01:24:06.972  2162  2199 I .gms.persisten: Background concurrent copying GC freed 24483(1045KB) AllocSpace objects, 116(6032KB) LOS objects, 37% free, 10MB/16MB, paused 147us total 150.311ms
08-20 01:24:09.304  2162  2199 I .gms.persisten: Background concurrent copying GC freed 24948(1051KB) AllocSpace objects, 116(6032KB) LOS objects, 36% free, 10MB/16MB, paused 216us total 158.698ms
08-20 01:24:10.427  2162  2199 I .gms.persisten: Background concurrent copying GC freed 24489(1032KB) AllocSpace objects, 118(6136KB) LOS objects, 37% free, 10MB/16MB, paused 122us total 149.742ms
08-20 01:24:11.575  2162  2199 I .gms.persisten: Background concurrent copying GC freed 24029(1035KB) AllocSpace objects, 116(6032KB) LOS objects, 37% free, 10MB/16MB, paused 217us total 148.534ms
08-20 01:24:12.738  2162  2199 I .gms.persisten: Background concurrent copying GC freed 24267(1023KB) AllocSpace objects, 116(6032KB) LOS objects, 37% free, 10MB/16MB, paused 213us total 152.632ms
08-20 01:24:16.191  2162  2199 I .gms.persisten: Background concurrent copying GC freed 24130(1033KB) AllocSpace objects, 116(6032KB) LOS objects, 37% free, 10MB/16MB, paused 246us total 150.999ms
08-20 01:24:23.350  2162  2199 I .gms.persisten: Background concurrent copying GC freed 24149(1036KB) AllocSpace objects, 116(6032KB) LOS objects, 37% free, 10032KB/15MB, paused 130us total 151.358ms
08-20 01:24:29.368  2162  2199 I .gms.persisten: Background concurrent copying GC freed 24413(1045KB) AllocSpace objects, 118(6136KB) LOS objects, 37% free, 10MB/16MB, paused 120us total 151.131ms
08-20 01:24:30.559  2162  2199 I .gms.persisten: Background concurrent copying GC freed 24133(1023KB) AllocSpace objects, 116(6032KB) LOS objects, 37% free, 10MB/16MB, paused 123us total 149.636ms
08-20 01:24:32.968  2162  2199 I .gms.persisten: Background concurrent copying GC freed 24415(1043KB) AllocSpace objects, 116(6032KB) LOS objects, 36% free, 10MB/16MB, paused 138us total 154.233ms
08-20 01:24:36.621  2162  2199 I .gms.persisten: Background concurrent copying GC freed 24668(1063KB) AllocSpace objects, 118(6136KB) LOS objects, 37% free, 10MB/16MB, paused 150us total 156.448ms
08-20 01:24:40.246  2162  2199 I .gms.persisten: Background concurrent copying GC freed 24394(1031KB) AllocSpace objects, 116(6032KB) LOS objects, 37% free, 10MB/16MB, paused 172us total 152.523ms
08-20 01:24:41.468  2162  2199 I .gms.persisten: Background concurrent copying GC freed 24452(1039KB) AllocSpace objects, 116(6032KB) LOS objects, 37% free, 10MB/16MB, paused 230us total 160.199ms
08-20 01:24:42.689  2162  2199 I .gms.persisten: Background concurrent copying GC freed 24553(1043KB) AllocSpace objects, 116(6032KB) LOS objects, 37% free, 10MB/16MB, paused 258us total 152.349ms
08-20 01:24:43.953  2162  2750 D SharedPreferencesImpl: Time required to fsync /data/user/0/com.google.android.gms/shared_prefs/LogDropPref.xml: [<1: 0, <2: 0, <4: 7667, <8: 11557, <16: 139, <32: 33, <64: 56, <128: 4, <256: 0, <512: 0, <1024: 0, <2048: 0, <4096: 0, <8192: 0, <16384: 0, >=16384: 0]
08-20 01:24:46.330  2162  2199 I .gms.persisten: Background concurrent copying GC freed 24140(1027KB) AllocSpace objects, 116(6032KB) LOS objects, 36% free, 10MB/16MB, paused 129us total 150.951ms
08-20 01:24:47.538  2162  2199 I .gms.persisten: Background concurrent copying GC freed 24247(1025KB) AllocSpace objects, 116(6032KB) LOS objects, 36% free, 10MB/16MB, paused 136us total 154.311ms
08-20 01:24:52.484  2162  2199 I .gms.persisten: Background concurrent copying GC freed 24422(1059KB) AllocSpace objects, 116(6032KB) LOS objects, 37% free, 10MB/16MB, paused 260us total 157.965ms
08-20 01:24:56.201  2162  2199 I .gms.persisten: Background concurrent copying GC freed 24304(1031KB) AllocSpace objects, 114(5928KB) LOS objects, 37% free, 10MB/16MB, paused 182us total 150.850ms
08-20 01:24:57.452  2162  2199 I .gms.persisten: Background concurrent copying GC freed 24211(1056KB) AllocSpace objects, 116(6032KB) LOS objects, 37% free, 10MB/16MB, paused 126us total 154.976ms
08-20 01:24:58.713  2162  2199 I .gms.persisten: Background concurrent copying GC freed 24692(1047KB) AllocSpace objects, 116(6032KB) LOS objects, 37% free, 10MB/16MB, paused 247us total 151.610ms
08-20 01:25:03.901  2162  2199 I .gms.persisten: Background concurrent copying GC freed 24250(1025KB) AllocSpace objects, 114(5928KB) LOS objects, 37% free, 10MB/16MB, paused 127us total 154.851ms
08-20 01:25:05.241  2162  2199 I .gms.persisten: Background concurrent copying GC freed 24121(1026KB) AllocSpace objects, 116(6032KB) LOS objects, 37% free, 10MB/16MB, paused 166us total 148.690ms
08-20 01:25:06.509  2162  2199 I .gms.persisten: Background concurrent copying GC freed 24267(1042KB) AllocSpace objects, 116(6032KB) LOS objects, 37% free, 10MB/16MB, paused 144us total 152.448ms
08-20 01:25:07.046  2162 20691 D SharedPreferencesImpl: Time required to fsync /data/user/0/com.google.android.gms/shared_prefs/LogDropPref.xml: [<1: 0, <2: 0, <4: 8163, <8: 12074, <16: 146, <32: 35, <64: 58, <128: 4, <256: 0, <512: 0, <1024: 0, <2048: 0, <4096: 0, <8192: 0, <16384: 0, >=16384: 0]
08-20 01:25:11.781  2162  2199 I .gms.persisten: Background concurrent copying GC freed 23951(1023KB) AllocSpace objects, 114(5928KB) LOS objects, 37% free, 10MB/16MB, paused 113us total 146.961ms
08-20 01:25:14.418  2162  2199 I .gms.persisten: Background concurrent copying GC freed 24051(1038KB) AllocSpace objects, 114(5928KB) LOS objects, 37% free, 10MB/16MB, paused 248us total 147.410ms
08-20 01:25:15.721  2162  2199 I .gms.persisten: Background concurrent copying GC freed 23845(1024KB) AllocSpace objects, 114(5928KB) LOS objects, 37% free, 10MB/16MB, paused 138us total 152.307ms
08-20 01:25:18.335  2162  2199 I .gms.persisten: Background concurrent copying GC freed 23807(1005KB) AllocSpace objects, 112(5824KB) LOS objects, 37% free, 10MB/16MB, paused 106us total 148.782ms
08-20 01:25:20.983  2162  2199 I .gms.persisten: Background concurrent copying GC freed 24071(1037KB) AllocSpace objects, 114(5928KB) LOS objects, 37% free, 10MB/16MB, paused 138us total 155.505ms
08-20 01:25:23.636  2162  2199 I .gms.persisten: Background concurrent copying GC freed 23736(1019KB) AllocSpace objects, 114(5928KB) LOS objects, 37% free, 10MB/16MB, paused 134us total 147.293ms
08-20 01:25:24.937  2162  2199 I .gms.persisten: Background concurrent copying GC freed 23961(1013KB) AllocSpace objects, 114(5928KB) LOS objects, 37% free, 10MB/16MB, paused 235us total 152.853ms
08-20 01:25:28.907  2162  2199 I .gms.persisten: Background concurrent copying GC freed 23900(1011KB) AllocSpace objects, 112(5824KB) LOS objects, 36% free, 10MB/16MB, paused 172us total 149.549ms
08-20 01:25:30.252  2162  2199 I .gms.persisten: Background concurrent copying GC freed 24019(1022KB) AllocSpace objects, 116(6032KB) LOS objects, 37% free, 10MB/16MB, paused 164us total 151.238ms
08-20 01:25:31.515  2162  8063 D SharedPreferencesImpl: Time required to fsync /data/user/0/com.google.android.gms/shared_prefs/LogDropPref.xml: [<1: 0, <2: 0, <4: 8698, <8: 12551, <16: 155, <32: 37, <64: 59, <128: 4, <256: 0, <512: 0, <1024: 0, <2048: 0, <4096: 0, <8192: 0, <16384: 0, >=16384: 0]
08-20 01:25:31.561  2162  2199 I .gms.persisten: Background concurrent copying GC freed 23905(1009KB) AllocSpace objects, 114(5928KB) LOS objects, 37% free, 10MB/16MB, paused 120us total 148.202ms
08-20 01:25:32.902  2162  2199 I .gms.persisten: Background concurrent copying GC freed 23812(1005KB) AllocSpace objects, 114(5928KB) LOS objects, 37% free, 10MB/16MB, paused 186us total 148.744ms
08-20 01:25:34.211  2162  2199 I .gms.persisten: Background concurrent copying GC freed 23497(1021KB) AllocSpace objects, 112(5824KB) LOS objects, 37% free, 10MB/16MB, paused 276us total 152.822ms
08-20 01:25:35.548  2162  2199 I .gms.persisten: Background concurrent copying GC freed 23370(1000KB) AllocSpace objects, 114(5928KB) LOS objects, 37% free, 10228KB/15MB, paused 283us total 156.237ms
08-20 01:25:36.852  2162  2199 I .gms.persisten: Background concurrent copying GC freed 23783(1005KB) AllocSpace objects, 114(5928KB) LOS objects, 37% free, 10MB/16MB, paused 211us total 148.578ms
08-20 01:25:38.183  2162  2199 I .gms.persisten: Background concurrent copying GC freed 23852(1010KB) AllocSpace objects, 114(5928KB) LOS objects, 37% free, 10MB/16MB, paused 142us total 149.175ms
08-20 01:25:40.874  2162  2199 I .gms.persisten: Background concurrent copying GC freed 23855(1010KB) AllocSpace objects, 114(5928KB) LOS objects, 37% free, 10MB/16MB, paused 136us total 150.628ms
08-20 01:25:42.191  2162  2199 I .gms.persisten: Background concurrent copying GC freed 23762(1038KB) AllocSpace objects, 114(5928KB) LOS objects, 37% free, 10MB/16MB, paused 151us total 148.517ms
08-20 01:25:43.522  2162  2199 I .gms.persisten: Background concurrent copying GC freed 23579(1009KB) AllocSpace objects, 112(5824KB) LOS objects, 37% free, 10MB/16MB, paused 229us total 147.093ms
08-20 01:25:51.579  2162  2199 I .gms.persisten: Background concurrent copying GC freed 23708(1003KB) AllocSpace objects, 114(5928KB) LOS objects, 37% free, 10MB/16MB, paused 121us total 153.419ms
08-20 01:25:54.275  2162  2199 I .gms.persisten: Background concurrent copying GC freed 24084(1012KB) AllocSpace objects, 116(6032KB) LOS objects, 37% free, 10MB/16MB, paused 122us total 149.098ms
08-20 01:25:56.407  2162 20691 D SharedPreferencesImpl: Time required to fsync /data/user/0/com.google.android.gms/shared_prefs/LogDropPref.xml: [<1: 0, <2: 0, <4: 9170, <8: 13090, <16: 164, <32: 37, <64: 63, <128: 4, <256: 0, <512: 0, <1024: 0, <2048: 0, <4096: 0, <8192: 0, <16384: 0, >=16384: 0]
08-20 01:25:56.941  2162  2199 I .gms.persisten: Background concurrent copying GC freed 23345(995KB) AllocSpace objects, 116(6032KB) LOS objects, 37% free, 10MB/16MB, paused 134us total 155.295ms
08-20 01:26:02.275  2162  2199 I .gms.persisten: Background concurrent copying GC freed 23727(1004KB) AllocSpace objects, 114(5928KB) LOS objects, 37% free, 10MB/16MB, paused 119us total 154.975ms
08-20 01:26:07.658  2162  2199 I .gms.persisten: Background concurrent copying GC freed 23765(1020KB) AllocSpace objects, 114(5928KB) LOS objects, 37% free, 10MB/16MB, paused 137us total 158.424ms
08-20 01:26:09.244  2162  2199 I .gms.persisten: Background concurrent copying GC freed 27357(1176KB) AllocSpace objects, 128(6656KB) LOS objects, 35% free, 10MB/16MB, paused 666us total 154.514ms
08-20 01:26:18.726  2162  2199 I .gms.persisten: Background concurrent copying GC freed 23779(1021KB) AllocSpace objects, 116(6032KB) LOS objects, 37% free, 10MB/16MB, paused 107us total 151.153ms
08-20 01:26:21.454  2162  2199 I .gms.persisten: Background concurrent copying GC freed 23909(1012KB) AllocSpace objects, 114(5928KB) LOS objects, 37% free, 10MB/16MB, paused 137us total 148.361ms
08-20 01:26:21.580  2162  2750 D SharedPreferencesImpl: Time required to fsync /data/user/0/com.google.android.gms/shared_prefs/LogDropPref.xml: [<1: 0, <2: 0, <4: 9673, <8: 13595, <16: 172, <32: 38, <64: 66, <128: 8, <256: 0, <512: 0, <1024: 0, <2048: 0, <4096: 0, <8192: 0, <16384: 0, >=16384: 0]
08-20 01:26:29.692  2162  2199 I .gms.persisten: Background concurrent copying GC freed 23810(1019KB) AllocSpace objects, 114(5928KB) LOS objects, 37% free, 10MB/16MB, paused 182us total 152.357ms
08-20 01:26:46.329  2162  2199 I .gms.persisten: Background concurrent copying GC freed 24076(1029KB) AllocSpace objects, 112(5824KB) LOS objects, 37% free, 10MB/16MB, paused 212us total 148.730ms
08-20 01:26:47.440  2162  8063 D SharedPreferencesImpl: Time required to fsync /data/user/0/com.google.android.gms/shared_prefs/LogDropPref.xml: [<1: 0, <2: 0, <4: 10166, <8: 14111, <16: 185, <32: 39, <64: 67, <128: 8, <256: 0, <512: 0, <1024: 0, <2048: 0, <4096: 0, <8192: 0, <16384: 0, >=16384: 0]
08-20 01:26:54.827  2162  2199 I .gms.persisten: Background concurrent copying GC freed 23523(1021KB) AllocSpace objects, 112(5824KB) LOS objects, 37% free, 10224KB/15MB, paused 397us total 159.507ms
08-20 01:26:57.676  2162  2199 I .gms.persisten: Background concurrent copying GC freed 23956(1013KB) AllocSpace objects, 112(5824KB) LOS objects, 37% free, 10MB/16MB, paused 154us total 147.926ms
08-20 01:27:06.427  2162  2199 I .gms.persisten: Background concurrent copying GC freed 24027(1027KB) AllocSpace objects, 112(5824KB) LOS objects, 37% free, 10MB/16MB, paused 155us total 149.615ms
08-20 01:27:09.357  2162  2199 I .gms.persisten: Background concurrent copying GC freed 23168(991KB) AllocSpace objects, 112(5824KB) LOS objects, 37% free, 10MB/16MB, paused 129us total 150.915ms
08-20 01:27:14.636  2162 20691 D SharedPreferencesImpl: Time required to fsync /data/user/0/com.google.android.gms/shared_prefs/LogDropPref.xml: [<1: 0, <2: 0, <4: 10617, <8: 14668, <16: 198, <32: 39, <64: 70, <128: 8, <256: 0, <512: 0, <1024: 0, <2048: 0, <4096: 0, <8192: 0, <16384: 0, >=16384: 0]
08-20 01:27:19.531  2162  2199 I .gms.persisten: Background concurrent copying GC freed 23326(988KB) AllocSpace objects, 112(5824KB) LOS objects, 37% free, 10223KB/15MB, paused 154us total 149.120ms
08-20 01:27:25.360  2162  2199 I .gms.persisten: Background concurrent copying GC freed 23406(1003KB) AllocSpace objects, 112(5824KB) LOS objects, 37% free, 10MB/16MB, paused 167us total 146.671ms
08-20 01:27:32.792  2162  2199 I .gms.persisten: Background concurrent copying GC freed 23156(1006KB) AllocSpace objects, 110(5720KB) LOS objects, 37% free, 10MB/16MB, paused 207us total 146.909ms
08-20 01:27:35.952  2162  2199 I .gms.persisten: Background concurrent copying GC freed 23527(1007KB) AllocSpace objects, 112(5824KB) LOS objects, 37% free, 10219KB/15MB, paused 175us total 154.216ms
08-20 01:27:37.523  2162  2199 I .gms.persisten: Background concurrent copying GC freed 23144(994KB) AllocSpace objects, 110(5720KB) LOS objects, 37% free, 10MB/16MB, paused 152us total 146.858ms
08-20 01:27:39.109  2162  2199 I .gms.persisten: Background concurrent copying GC freed 23323(998KB) AllocSpace objects, 114(5928KB) LOS objects, 37% free, 10224KB/15MB, paused 173us total 147.823ms
08-20 01:27:39.827  2162  2513 D SharedPreferencesImpl: Time required to fsync /data/user/0/com.google.android.gms/shared_prefs/tron_prefs.xml: [<1: 0, <2: 0, <4: 5738, <8: 27560, <16: 266, <32: 89, <64: 127, <128: 11, <256: 1, <512: 0, <1024: 0, <2048: 0, <4096: 0, <8192: 0, <16384: 0, >=16384: 0]
08-20 01:27:40.682  2162  2199 I .gms.persisten: Background concurrent copying GC freed 23571(991KB) AllocSpace objects, 110(5720KB) LOS objects, 37% free, 10MB/16MB, paused 163us total 147.188ms
08-20 01:27:42.268  2162  2199 I .gms.persisten: Background concurrent copying GC freed 23127(995KB) AllocSpace objects, 112(5824KB) LOS objects, 37% free, 10MB/16MB, paused 130us total 152.925ms
08-20 01:27:43.184  2162  8063 D SharedPreferencesImpl: Time required to fsync /data/user/0/com.google.android.gms/shared_prefs/LogDropPref.xml: [<1: 0, <2: 0, <4: 11090, <8: 15189, <16: 221, <32: 41, <64: 75, <128: 8, <256: 0, <512: 0, <1024: 0, <2048: 0, <4096: 0, <8192: 0, <16384: 0, >=16384: 0]
08-20 01:27:43.861  2162  2199 I .gms.persisten: Background concurrent copying GC freed 23333(997KB) AllocSpace objects, 110(5720KB) LOS objects, 37% free, 10MB/16MB, paused 312us total 153.447ms
08-20 01:27:47.021  2162  2199 I .gms.persisten: Background concurrent copying GC freed 23280(999KB) AllocSpace objects, 112(5824KB) LOS objects, 37% free, 10224KB/15MB, paused 129us total 154.100ms
08-20 01:27:53.385  2162  2199 I .gms.persisten: Background concurrent copying GC freed 23703(1019KB) AllocSpace objects, 112(5824KB) LOS objects, 37% free, 10MB/16MB, paused 289us total 154.569ms
08-20 01:27:54.985  2162  2199 I .gms.persisten: Background concurrent copying GC freed 23429(987KB) AllocSpace objects, 110(5720KB) LOS objects, 37% free, 10MB/16MB, paused 346us total 148.858ms
